Archive member included to satisfy reference by file (symbol)

Generated_Source\PSoC6\pdl\middleware\ble\lib\cy_ble_stack_gcc_host_ipc_cm4.a(CyBleStackMgrIP_Interface.o)
                              .\CortexM4\ARM_GCC_541\Debug\cy_ble.o (Cy_BLE_EnablePrivacyFeature)
Generated_Source\PSoC6\pdl\middleware\ble\lib\cy_ble_stack_gcc_host_ipc_cm4.a(BT_os.o)
                              Generated_Source\PSoC6\pdl\middleware\ble\lib\cy_ble_stack_gcc_host_ipc_cm4.a(CyBleStackMgrIP_Interface.o) (cyBleStackMemoryConfig)
Generated_Source\PSoC6\pdl\middleware\ble\lib\cy_ble_stack_gcc_host_ipc_cm4.a(CyBleStackMgr_StackTaskHandler.o)
                              Generated_Source\PSoC6\pdl\middleware\ble\lib\cy_ble_stack_gcc_host_ipc_cm4.a(CyBleStackMgrIP_Interface.o) (CyBle_CreateBleStackTask)
Generated_Source\PSoC6\pdl\middleware\ble\lib\cy_ble_stack_gcc_host_ipc_cm4.a(storage_pl.o)
                              Generated_Source\PSoC6\pdl\middleware\ble\lib\cy_ble_stack_gcc_host_ipc_cm4.a(CyBleStackMgrIP_Interface.o) (storage_manager_init)
Generated_Source\PSoC6\pdl\middleware\ble\lib\cy_ble_stack_gcc_host_ipc_cm4.a(mint_os.o)
                              Generated_Source\PSoC6\pdl\middleware\ble\lib\cy_ble_stack_gcc_host_ipc_cm4.a(CyBleStackMgrIP_Interface.o) (OS_init)
Generated_Source\PSoC6\pdl\middleware\ble\lib\cy_ble_stack_gcc_host_ipc_cm4.a(mint_os_queue.o)
                              Generated_Source\PSoC6\pdl\middleware\ble\lib\cy_ble_stack_gcc_host_ipc_cm4.a(mint_os.o) (OS_TOTAL_QUEUES)
Generated_Source\PSoC6\pdl\middleware\ble\lib\cy_ble_stack_gcc_host_ipc_cm4.a(mint_os_task.o)
                              Generated_Source\PSoC6\pdl\middleware\ble\lib\cy_ble_stack_gcc_host_ipc_cm4.a(mint_os.o) (idle_func_handler)
Generated_Source\PSoC6\pdl\middleware\ble\lib\cy_ble_stack_gcc_host_ipc_cm4.a(mint_buf_mgmt.o)
                              Generated_Source\PSoC6\pdl\middleware\ble\lib\cy_ble_stack_gcc_host_ipc_cm4.a(BT_os.o) (mint_buf_mgmt_allocate_buffer)
Generated_Source\PSoC6\pdl\middleware\ble\lib\cy_ble_stack_gcc_host_ipc_cm4.a(transport_ipc.o)
                              Generated_Source\PSoC6\pdl\middleware\ble\lib\cy_ble_stack_gcc_host_ipc_cm4.a(CyBleStackMgr_StackTaskHandler.o) (CyBleHost_HciIpcFreePktBuffer)
Generated_Source\PSoC6\pdl\middleware\ble\lib\cy_ble_stack_gcc_host_ipc_cm4.a(CyBleStackMgr_PSoCIPCHal.o)
                              Generated_Source\PSoC6\pdl\middleware\ble\lib\cy_ble_stack_gcc_host_ipc_cm4.a(transport_ipc.o) (CyBleHost_IPC_HAL_InitWithStaticMem)
Generated_Source\PSoC6\pdl\middleware\ble\lib\cy_ble_stack_gcc_host_ipc_cm4.a(host_main.o)
                              Generated_Source\PSoC6\pdl\middleware\ble\lib\cy_ble_stack_gcc_host_ipc_cm4.a(CyBleStackMgrIP_Interface.o) (CyBle_HostInit)
Generated_Source\PSoC6\pdl\middleware\ble\lib\cy_ble_stack_gcc_host_ipc_cm4.a(att_api.o)
                              Generated_Source\PSoC6\pdl\middleware\ble\lib\cy_ble_stack_gcc_host_ipc_cm4.a(host_main.o) (BT_att_register)
Generated_Source\PSoC6\pdl\middleware\ble\lib\cy_ble_stack_gcc_host_ipc_cm4.a(att_init.o)
                              Generated_Source\PSoC6\pdl\middleware\ble\lib\cy_ble_stack_gcc_host_ipc_cm4.a(att_api.o) (att_connections)
Generated_Source\PSoC6\pdl\middleware\ble\lib\cy_ble_stack_gcc_host_ipc_cm4.a(att_internal.o)
                              Generated_Source\PSoC6\pdl\middleware\ble\lib\cy_ble_stack_gcc_host_ipc_cm4.a(att_api.o) (att_get_fsm_event)
Generated_Source\PSoC6\pdl\middleware\ble\lib\cy_ble_stack_gcc_host_ipc_cm4.a(BT_common.o)
                              Generated_Source\PSoC6\pdl\middleware\ble\lib\cy_ble_stack_gcc_host_ipc_cm4.a(host_main.o) (BT_bluetooth_off)
Generated_Source\PSoC6\pdl\middleware\ble\lib\cy_ble_stack_gcc_host_ipc_cm4.a(device_queue.o)
                              Generated_Source\PSoC6\pdl\middleware\ble\lib\cy_ble_stack_gcc_host_ipc_cm4.a(host_main.o) (CyBle_DeviceQueueHeapDeInit)
Generated_Source\PSoC6\pdl\middleware\ble\lib\cy_ble_stack_gcc_host_ipc_cm4.a(l2cap.o)
                              Generated_Source\PSoC6\pdl\middleware\ble\lib\cy_ble_stack_gcc_host_ipc_cm4.a(host_main.o) (CyBle_L2capCB)
Generated_Source\PSoC6\pdl\middleware\ble\lib\cy_ble_stack_gcc_host_ipc_cm4.a(l2cap_disconnect.o)
                              Generated_Source\PSoC6\pdl\middleware\ble\lib\cy_ble_stack_gcc_host_ipc_cm4.a(l2cap.o) (l2ca_disconnect_req)
Generated_Source\PSoC6\pdl\middleware\ble\lib\cy_ble_stack_gcc_host_ipc_cm4.a(l2cap_init.o)
                              Generated_Source\PSoC6\pdl\middleware\ble\lib\cy_ble_stack_gcc_host_ipc_cm4.a(l2cap_disconnect.o) (l2cap_fixed_channel)
Generated_Source\PSoC6\pdl\middleware\ble\lib\cy_ble_stack_gcc_host_ipc_cm4.a(l2cap_utils.o)
                              Generated_Source\PSoC6\pdl\middleware\ble\lib\cy_ble_stack_gcc_host_ipc_cm4.a(l2cap_disconnect.o) (l2cap_buffer_dequeue)
Generated_Source\PSoC6\pdl\middleware\ble\lib\cy_ble_stack_gcc_host_ipc_cm4.a(l2cap_lmp.o)
[...]
Memory Configuration

Name             Origin             Length             Attributes
ram              0x08024000         0x00023800         xrw
flash            0x10080000         0x00080000         xr
em_eeprom        0x14000000         0x00008000         xr
sflash_user_data 0x16000800         0x00000800         xr
sflash_nar       0x16001a00         0x00000200         xr
sflash_public_key 0x16005a00         0x00000c00         xr
sflash_toc_2     0x16007c00         0x00000200         xr
sflash_rtoc_2    0x16007e00         0x00000200         xr
xip              0x18000000         0x08000000         xr
efuse            0x90700000         0x00100000         r
*default*        0x00000000         0xffffffff

Linker script and memory map

LOAD c:/program files (x86)/cypress/psoc creator/4.2/psoc creator/import/gnu/arm/5.4.1/bin/../lib/gcc/arm-none-eabi/5.4.1/armv7e-m/softfp/crti.o
LOAD c:/program files (x86)/cypress/psoc creator/4.2/psoc creator/import/gnu/arm/5.4.1/bin/../lib/gcc/arm-none-eabi/5.4.1/armv7e-m/softfp/crtbegin.o
LOAD c:/program files (x86)/cypress/psoc creator/4.2/psoc creator/import/gnu/arm/5.4.1/bin/../lib/gcc/arm-none-eabi/5.4.1/../../../../arm-none-eabi/lib/armv7e-m/softfp/crt0.o
START GROUP
LOAD Generated_Source\PSoC6\pdl\middleware\ble\lib\cy_ble_stack_gcc_host_ipc_cm4.a
LOAD .\CortexM4\ARM_GCC_541\Debug\startup_psoc6_01_cm4.o
LOAD .\CortexM4\ARM_GCC_541\Debug\main_cm4.o
LOAD .\CortexM4\ARM_GCC_541\Debug\system_psoc6_cm4.o
LOAD .\CortexM4\ARM_GCC_541\Debug\stdio_user.o
LOAD .\CortexM4\ARM_GCC_541\Debug\cyfitter_sysint_cfg.o
LOAD .\CortexM4\ARM_GCC_541\Debug\cymetadata.o
LOAD .\CortexM4\ARM_GCC_541\Debug\cy_efuse.o
LOAD .\CortexM4\ARM_GCC_541\Debug\cy_flash.o
LOAD .\CortexM4\ARM_GCC_541\Debug\cy_gpio.o
LOAD .\CortexM4\ARM_GCC_541\Debug\cy_ipc_drv.o
LOAD .\CortexM4\ARM_GCC_541\Debug\cy_ipc_sema.o
LOAD .\CortexM4\ARM_GCC_541\Debug\cy_ipc_pipe.o
LOAD .\CortexM4\ARM_GCC_541\Debug\cy_lvd.o
LOAD .\CortexM4\ARM_GCC_541\Debug\cy_profile.o
LOAD .\CortexM4\ARM_GCC_541\Debug\cy_prot.o
LOAD .\CortexM4\ARM_GCC_541\Debug\cy_scb_common.o
LOAD .\CortexM4\ARM_GCC_541\Debug\cy_scb_i2c.o
LOAD .\CortexM4\ARM_GCC_541\Debug\cy_scb_ezi2c.o
LOAD .\CortexM4\ARM_GCC_541\Debug\cy_scb_spi.o
LOAD .\CortexM4\ARM_GCC_541\Debug\cy_scb_uart.o
LOAD .\CortexM4\ARM_GCC_541\Debug\cy_sysanalog.o
LOAD .\CortexM4\ARM_GCC_541\Debug\cy_sysclk.o
LOAD .\CortexM4\ARM_GCC_541\Debug\cy_sysint.o
LOAD .\CortexM4\ARM_GCC_541\Debug\cy_syslib.o
LOAD .\CortexM4\ARM_GCC_541\Debug\cy_syslib_gcc.o
LOAD .\CortexM4\ARM_GCC_541\Debug\cy_syspm.o
LOAD .\CortexM4\ARM_GCC_541\Debug\cy_systick.o
LOAD .\CortexM4\ARM_GCC_541\Debug\cy_trigmux.o
LOAD .\CortexM4\ARM_GCC_541\Debug\cy_wdt.o
LOAD .\CortexM4\ARM_GCC_541\Debug\cy_device.o
LOAD .\CortexM4\ARM_GCC_541\Debug\cy_tcpwm_counter.o
LOAD .\CortexM4\ARM_GCC_541\Debug\cy_tcpwm_pwm.o
LOAD .\CortexM4\ARM_GCC_541\Debug\cy_tcpwm_quaddec.o
LOAD .\CortexM4\ARM_GCC_541\Debug\cy_ble.o
LOAD .\CortexM4\ARM_GCC_541\Debug\cy_ble_hal_int.o
LOAD .\CortexM4\ARM_GCC_541\Debug\cy_ble_hal_pvt.o
LOAD .\CortexM4\ARM_GCC_541\Debug\cy_ble_gap.o
LOAD .\CortexM4\ARM_GCC_541\Debug\cy_ble_gatt.o
LOAD .\CortexM4\ARM_GCC_541\Debug\cy_ble_event_handler.o
LOAD .\CortexM4\ARM_GCC_541\Debug\cy_ble_ancs.o
LOAD .\CortexM4\ARM_GCC_541\Debug\cy_ble_ans.o
LOAD .\CortexM4\ARM_GCC_541\Debug\cy_ble_aios.o
LOAD .\CortexM4\ARM_GCC_541\Debug\cy_ble_bas.o
LOAD .\CortexM4\ARM_GCC_541\Debug\cy_ble_bcs.o
LOAD .\CortexM4\ARM_GCC_541\Debug\cy_ble_bls.o
LOAD .\CortexM4\ARM_GCC_541\Debug\cy_ble_bms.o
LOAD .\CortexM4\ARM_GCC_541\Debug\cy_ble_bts.o
LOAD .\CortexM4\ARM_GCC_541\Debug\cy_ble_cgms.o
LOAD .\CortexM4\ARM_GCC_541\Debug\cy_ble_cps.o
LOAD .\CortexM4\ARM_GCC_541\Debug\cy_ble_cscs.o
LOAD .\CortexM4\ARM_GCC_541\Debug\cy_ble_cts.o
LOAD .\CortexM4\ARM_GCC_541\Debug\cy_ble_custom.o
LOAD .\CortexM4\ARM_GCC_541\Debug\cy_ble_dis.o
LOAD .\CortexM4\ARM_GCC_541\Debug\cy_ble_ess.o
LOAD .\CortexM4\ARM_GCC_541\Debug\cy_ble_gls.o
LOAD .\CortexM4\ARM_GCC_541\Debug\cy_ble_hids.o
LOAD .\CortexM4\ARM_GCC_541\Debug\cy_ble_hps.o
LOAD .\CortexM4\ARM_GCC_541\Debug\cy_ble_hrs.o
LOAD .\CortexM4\ARM_GCC_541\Debug\cy_ble_hts.o
LOAD .\CortexM4\ARM_GCC_541\Debug\cy_ble_ias.o
LOAD .\CortexM4\ARM_GCC_541\Debug\cy_ble_ips.o
LOAD .\CortexM4\ARM_GCC_541\Debug\cy_ble_lls.o
LOAD .\CortexM4\ARM_GCC_541\Debug\cy_ble_lns.o
LOAD .\CortexM4\ARM_GCC_541\Debug\cy_ble_ndcs.o
LOAD .\CortexM4\ARM_GCC_541\Debug\cy_ble_plxs.o
LOAD .\CortexM4\ARM_GCC_541\Debug\cy_ble_pass.o
LOAD .\CortexM4\ARM_GCC_541\Debug\cy_ble_rscs.o
LOAD .\CortexM4\ARM_GCC_541\Debug\cy_ble_rtus.o
LOAD .\CortexM4\ARM_GCC_541\Debug\cy_ble_scps.o
LOAD .\CortexM4\ARM_GCC_541\Debug\cy_ble_tps.o
LOAD .\CortexM4\ARM_GCC_541\Debug\cy_ble_uds.o
LOAD .\CortexM4\ARM_GCC_541\Debug\cy_ble_wpts.o
LOAD .\CortexM4\ARM_GCC_541\Debug\cy_ble_wss.o
LOAD .\CortexM4\ARM_GCC_541\Debug\cy_ble_clk.o
LOAD .\CortexM4\ARM_GCC_541\Debug\croutine.o
LOAD .\CortexM4\ARM_GCC_541\Debug\event_groups.o
LOAD .\CortexM4\ARM_GCC_541\Debug\list.o
LOAD .\CortexM4\ARM_GCC_541\Debug\queue.o
LOAD .\CortexM4\ARM_GCC_541\Debug\tasks.o
LOAD .\CortexM4\ARM_GCC_541\Debug\timers.o
LOAD .\CortexM4\ARM_GCC_541\Debug\stream_buffer.o
LOAD .\CortexM4\ARM_GCC_541\Debug\port.o
LOAD .\CortexM4\ARM_GCC_541\Debug\heap_4.o
LOAD .\CortexM4\ARM_GCC_541\Debug\retarget.o
LOAD .\CortexM4\ARM_GCC_541\Debug\UART_1.o
LOAD .\CortexM4\ARM_GCC_541\Debug\BLE.o
LOAD .\CortexM4\ARM_GCC_541\Debug\BLE_config.o
LOAD .\CortexM4\ARM_GCC_541\Debug\BLE_custom_config.o
LOAD .\CortexM4\ARM_GCC_541\Debug\PWM_BLINK.o
LOAD .\CortexM4\ARM_GCC_541\Debug\PWM_DIM.o
LOAD .\CortexM4\ARM_GCC_541\Debug\I2C.o
END GROUP
START GROUP
LOAD c:/program files (x86)/cypress/psoc creator/4.2/psoc creator/import/gnu/arm/5.4.1/bin/../lib/gcc/arm-none-eabi/5.4.1/armv7e-m/softfp\libgcc.a
LOAD c:/program files (x86)/cypress/psoc creator/4.2/psoc creator/import/gnu/arm/5.4.1/bin/../lib/gcc/arm-none-eabi/5.4.1/../../../../arm-none-eabi/lib/armv7e-m/softfp\libg_nano.a
LOAD c:/program files (x86)/cypress/psoc creator/4.2/psoc creator/import/gnu/arm/5.4.1/bin/../lib/gcc/arm-none-eabi/5.4.1/../../../../arm-none-eabi/lib/armv7e-m/softfp\libc_nano.a
END GROUP
START GROUP
LOAD c:/program files (x86)/cypress/psoc creator/4.2/psoc creator/import/gnu/arm/5.4.1/bin/../lib/gcc/arm-none-eabi/5.4.1/armv7e-m/softfp\libgcc.a
LOAD c:/program files (x86)/cypress/psoc creator/4.2/psoc creator/import/gnu/arm/5.4.1/bin/../lib/gcc/arm-none-eabi/5.4.1/../../../../arm-none-eabi/lib/armv7e-m/softfp\libc_nano.a
END GROUP
LOAD c:/program files (x86)/cypress/psoc creator/4.2/psoc creator/import/gnu/arm/5.4.1/bin/../lib/gcc/arm-none-eabi/5.4.1/armv7e-m/softfp/crtend.o
LOAD c:/program files (x86)/cypress/psoc creator/4.2/psoc creator/import/gnu/arm/5.4.1/bin/../lib/gcc/arm-none-eabi/5.4.1/armv7e-m/softfp/crtn.o
START GROUP
LOAD c:/program files (x86)/cypress/psoc creator/4.2/psoc creator/import/gnu/arm/5.4.1/bin/../lib/gcc/arm-none-eabi/5.4.1/armv7e-m/softfp\libgcc.a
LOAD c:/program files (x86)/cypress/psoc creator/4.2/psoc creator/import/gnu/arm/5.4.1/bin/../lib/gcc/arm-none-eabi/5.4.1/../../../../arm-none-eabi/lib/armv7e-m/softfp\libc.a
LOAD c:/program files (x86)/cypress/psoc creator/4.2/psoc creator/import/gnu/arm/5.4.1/bin/../lib/gcc/arm-none-eabi/5.4.1/../../../../arm-none-eabi/lib/armv7e-m/softfp\libnosys.a
END GROUP
START GROUP
LOAD c:/program files (x86)/cypress/psoc creator/4.2/psoc creator/import/gnu/arm/5.4.1/bin/../lib/gcc/arm-none-eabi/5.4.1/armv7e-m/softfp\libgcc.a
LOAD c:/program files (x86)/cypress/psoc creator/4.2/psoc creator/import/gnu/arm/5.4.1/bin/../lib/gcc/arm-none-eabi/5.4.1/../../../../arm-none-eabi/lib/armv7e-m/softfp\libc.a
LOAD c:/program files (x86)/cypress/psoc creator/4.2/psoc creator/import/gnu/arm/5.4.1/bin/../lib/gcc/arm-none-eabi/5.4.1/../../../../arm-none-eabi/lib/armv7e-m/softfp\libm.a
LOAD c:/program files (x86)/cypress/psoc creator/4.2/psoc creator/import/gnu/arm/5.4.1/bin/../lib/gcc/arm-none-eabi/5.4.1/../../../../arm-none-eabi/lib/armv7e-m/softfp\libnosys.a
END GROUP

.text           0x10080000     0x9e38
                0x10080000                . = ALIGN (0x4)
                0x10080000                __Vectors = .
 *(.vectors)
 .vectors       0x10080000      0x28c .\CortexM4\ARM_GCC_541\Debug\startup_psoc6_01_cm4.o
                0x1008028c                . = ALIGN (0x4)
                0x1008028c                __Vectors_End = .
                0x0000028c                __Vectors_Size = (__Vectors_End - __Vectors)
                0x1008028c                __end__ = .
                0x1008028c                . = ALIGN (0x4)
 *(.text*)
 .text          0x1008028c       0x5c c:/program files (x86)/cypress/psoc creator/4.2/psoc creator/import/gnu/arm/5.4.1/bin/../lib/gcc/arm-none-eabi/5.4.1/armv7e-m/softfp/crtbegin.o
 .text          0x100802e8       0x84 .\CortexM4\ARM_GCC_541\Debug\startup_psoc6_01_cm4.o
                0x100802e8                Cy_OnResetUser
                0x100802ea                Reset_Handler
                0x1008034c                cpuss_interrupts_ipc_6_IRQHandler
                0x1008034c                DebugMon_Handler
                0x1008034c                tcpwm_1_interrupts_11_IRQHandler
                0x1008034c                cpuss_interrupts_ipc_0_IRQHandler
                0x1008034c                tcpwm_1_interrupts_15_IRQHandler
                0x1008034c                ioss_interrupts_gpio_13_IRQHandler
                0x1008034c                tcpwm_1_interrupts_13_IRQHandler
                0x1008034c                cpuss_interrupts_dw1_8_IRQHandler
                0x1008034c                tcpwm_0_interrupts_0_IRQHandler
                0x1008034c                cpuss_interrupt_fm_IRQHandler
                0x1008034c                cpuss_interrupts_ipc_7_IRQHandler
                0x1008034c                tcpwm_1_interrupts_14_IRQHandler
                0x1008034c                cpuss_interrupts_dw0_5_IRQHandler
                0x1008034c                tcpwm_1_interrupts_9_IRQHandler
                0x1008034c                cpuss_interrupts_cm0_cti_1_IRQHandler
                0x1008034c                tcpwm_1_interrupts_22_IRQHandler
                0x1008034c                cpuss_interrupts_dw0_4_IRQHandler
                0x1008034c                NMI_Handler
                0x1008034c                cpuss_interrupts_dw1_12_IRQHandler
                0x1008034c                tcpwm_1_interrupts_12_IRQHandler
                0x1008034c                smif_interrupt_IRQHandler
                0x1008034c                tcpwm_1_interrupts_2_IRQHandler
                0x1008034c                cpuss_interrupts_ipc_13_IRQHandler
                0x1008034c                udb_interrupts_11_IRQHandler
                0x1008034c                tcpwm_1_interrupts_18_IRQHandler
                0x1008034c                cpuss_interrupts_dw0_11_IRQHandler
                0x1008034c                tcpwm_0_interrupts_2_IRQHandler
                0x1008034c                cpuss_interrupts_dw0_13_IRQHandler
                0x1008034c                udb_interrupts_2_IRQHandler
                0x1008034c                cpuss_interrupts_dw1_7_IRQHandler
                0x1008034c                ioss_interrupts_gpio_1_IRQHandler
                0x1008034c                ioss_interrupts_gpio_7_IRQHandler
                0x1008034c                scb_5_interrupt_IRQHandler
                0x1008034c                udb_interrupts_6_IRQHandler
                0x1008034c                cpuss_interrupts_fault_1_IRQHandler
                0x1008034c                cpuss_interrupts_ipc_4_IRQHandler
                0x1008034c                cpuss_interrupts_ipc_5_IRQHandler
                0x1008034c                cpuss_interrupts_dw1_10_IRQHandler
                0x1008034c                udb_interrupts_0_IRQHandler
                0x1008034c                tcpwm_1_interrupts_6_IRQHandler
                0x1008034c                scb_4_interrupt_IRQHandler
                0x1008034c                pass_interrupt_dacs_IRQHandler
                0x1008034c                ioss_interrupts_gpio_2_IRQHandler
                0x1008034c                cpuss_interrupts_dw1_9_IRQHandler
                0x1008034c                cpuss_interrupts_dw1_13_IRQHandler
                0x1008034c                scb_2_interrupt_IRQHandler
                0x1008034c                cpuss_interrupts_cm0_cti_0_IRQHandler
                0x1008034c                udb_interrupts_5_IRQHandler
                0x1008034c                srss_interrupt_IRQHandler
                0x1008034c                udb_interrupts_12_IRQHandler
                0x1008034c                scb_0_interrupt_IRQHandler
                0x1008034c                csd_interrupt_IRQHandler
                0x1008034c                udb_interrupts_1_IRQHandler
                0x1008034c                profile_interrupt_IRQHandler
                0x1008034c                tcpwm_1_interrupts_1_IRQHandler
                0x1008034c                cpuss_interrupts_ipc_12_IRQHandler
                0x1008034c                tcpwm_1_interrupts_3_IRQHandler
                0x1008034c                tcpwm_0_interrupts_7_IRQHandler
                0x1008034c                cpuss_interrupts_dw1_1_IRQHandler
                0x1008034c                cpuss_interrupts_dw1_0_IRQHandler
                0x1008034c                cpuss_interrupts_dw0_9_IRQHandler
                0x1008034c                lpcomp_interrupt_IRQHandler
                0x1008034c                tcpwm_1_interrupts_23_IRQHandler
                0x1008034c                udb_interrupts_4_IRQHandler
                0x1008034c                tcpwm_1_interrupts_20_IRQHandler
                0x1008034c                ioss_interrupt_gpio_IRQHandler
                0x1008034c                tcpwm_0_interrupts_1_IRQHandler
                0x1008034c                ioss_interrupts_gpio_8_IRQHandler
                0x1008034c                tcpwm_0_interrupts_6_IRQHandler
                0x1008034c                scb_7_interrupt_IRQHandler
                0x1008034c                tcpwm_1_interrupts_7_IRQHandler
                0x1008034c                cpuss_interrupts_ipc_11_IRQHandler
                0x1008034c                udb_interrupts_13_IRQHandler
                0x1008034c                cpuss_interrupts_dw0_15_IRQHandler
                0x1008034c                udb_interrupts_7_IRQHandler
                0x1008034c                cpuss_interrupts_dw1_6_IRQHandler
                0x1008034c                cpuss_interrupt_crypto_IRQHandler
                0x1008034c                scb_1_interrupt_IRQHandler
                0x1008034c                Default_Handler
                0x1008034c                usb_interrupt_hi_IRQHandler
                0x1008034c                tcpwm_1_interrupts_0_IRQHandler
                0x1008034c                udb_interrupts_9_IRQHandler
                0x1008034c                audioss_interrupt_pdm_IRQHandler
                0x1008034c                srss_interrupt_mcwdt_0_IRQHandler
                0x1008034c                scb_3_interrupt_IRQHandler
                0x1008034c                pass_interrupt_ctbs_IRQHandler
                0x1008034c                udb_interrupts_8_IRQHandler
                0x1008034c                ioss_interrupts_gpio_3_IRQHandler
                0x1008034c                scb_6_interrupt_IRQHandler
                0x1008034c                cpuss_interrupts_cm4_cti_0_IRQHandler
                0x1008034c                cpuss_interrupts_dw1_3_IRQHandler
                0x1008034c                pass_interrupt_sar_IRQHandler
                0x1008034c                ioss_interrupts_gpio_0_IRQHandler
                0x1008034c                ioss_interrupts_gpio_14_IRQHandler
                0x1008034c                tcpwm_0_interrupts_4_IRQHandler
                0x1008034c                udb_interrupts_3_IRQHandler
                0x1008034c                tcpwm_0_interrupts_5_IRQHandler
                0x1008034c                cpuss_interrupts_ipc_15_IRQHandler
                0x1008034c                cpuss_interrupts_cm4_cti_1_IRQHandler
                0x1008034c                scb_8_interrupt_IRQHandler
                0x1008034c                srss_interrupt_mcwdt_1_IRQHandler
                0x1008034c                cpuss_interrupts_dw1_2_IRQHandler
                0x1008034c                cpuss_interrupts_dw1_5_IRQHandler
                0x1008034c                cpuss_interrupts_ipc_1_IRQHandler
                0x1008034c                cpuss_interrupts_dw0_0_IRQHandler
                0x1008034c                ioss_interrupts_gpio_12_IRQHandler
                0x1008034c                cpuss_interrupts_ipc_3_IRQHandler
                0x1008034c                tcpwm_1_interrupts_17_IRQHandler
                0x1008034c                srss_interrupt_backup_IRQHandler
                0x1008034c                bless_interrupt_IRQHandler
                0x1008034c                cpuss_interrupts_ipc_10_IRQHandler
                0x1008034c                cpuss_interrupts_ipc_9_IRQHandler
                0x1008034c                cpuss_interrupts_dw0_14_IRQHandler
                0x1008034c                tcpwm_1_interrupts_4_IRQHandler
                0x1008034c                tcpwm_0_interrupts_3_IRQHandler
                0x1008034c                cpuss_interrupts_dw1_15_IRQHandler
                0x1008034c                ioss_interrupts_gpio_10_IRQHandler
                0x1008034c                udb_interrupts_10_IRQHandler
                0x1008034c                cpuss_interrupts_dw0_8_IRQHandler
                0x1008034c                ioss_interrupts_gpio_11_IRQHandler
                0x1008034c                cpuss_interrupts_ipc_14_IRQHandler
                0x1008034c                ioss_interrupts_gpio_5_IRQHandler
                0x1008034c                ioss_interrupts_gpio_4_IRQHandler
                0x1008034c                tcpwm_1_interrupts_8_IRQHandler
                0x1008034c                cpuss_interrupts_dw1_14_IRQHandler
                0x1008034c                usb_interrupt_med_IRQHandler
                0x1008034c                cpuss_interrupts_dw0_2_IRQHandler
                0x1008034c                tcpwm_1_interrupts_10_IRQHandler
                0x1008034c                cpuss_interrupts_fault_0_IRQHandler
                0x1008034c                cpuss_interrupts_dw0_12_IRQHandler
                0x1008034c                ioss_interrupts_gpio_6_IRQHandler
                0x1008034c                tcpwm_1_interrupts_21_IRQHandler
                0x1008034c                tcpwm_1_interrupts_16_IRQHandler
                0x1008034c                cpuss_interrupts_dw1_4_IRQHandler
                0x1008034c                udb_interrupts_15_IRQHandler
                0x1008034c                cpuss_interrupts_dw1_11_IRQHandler
                0x1008034c                cpuss_interrupts_dw0_6_IRQHandler
                0x1008034c                ioss_interrupt_vdd_IRQHandler
                0x1008034c                cpuss_interrupts_dw0_7_IRQHandler
                0x1008034c                audioss_interrupt_i2s_IRQHandler
                0x1008034c                tcpwm_1_interrupts_5_IRQHandler
                0x1008034c                cpuss_interrupts_ipc_2_IRQHandler
                0x1008034c                cpuss_interrupts_dw0_10_IRQHandler
                0x1008034c                tcpwm_1_interrupts_19_IRQHandler
                0x1008034c                cpuss_interrupts_dw0_1_IRQHandler
                0x1008034c                ioss_interrupts_gpio_9_IRQHandler
                0x1008034c                usb_interrupt_lo_IRQHandler
                0x1008034c                cpuss_interrupts_ipc_8_IRQHandler
                0x1008034c                udb_interrupts_14_IRQHandler
                0x1008034c                cpuss_interrupts_dw0_3_IRQHandler
                0x10080350                UsageFault_Handler
                0x10080350                HardFault_Handler
                0x10080350                MemManage_Handler
                0x10080350                BusFault_Handler
 .text.vTimerCallback
                0x1008036c       0x98 .\CortexM4\ARM_GCC_541\Debug\main_cm4.o
                0x1008036c                vTimerCallback
 .text.bleInterruptNotify
                0x10080404       0x38 .\CortexM4\ARM_GCC_541\Debug\main_cm4.o
                0x10080404                bleInterruptNotify
 .text.bleTask  0x1008043c       0x84 .\CortexM4\ARM_GCC_541\Debug\main_cm4.o
                0x1008043c                bleTask
 .text.CreateTimer_1
                0x100804c0       0x64 .\CortexM4\ARM_GCC_541\Debug\main_cm4.o
                0x100804c0                CreateTimer_1
 .text.writeDisplayEventHandler
                0x10080524       0x28 .\CortexM4\ARM_GCC_541\Debug\main_cm4.o
                0x10080524                writeDisplayEventHandler
 .text.GPIOInit_1
                0x1008054c       0xc0 .\CortexM4\ARM_GCC_541\Debug\main_cm4.o
                0x1008054c                GPIOInit_1
 .text.writeDisplayPA
                0x1008060c      0x1d8 .\CortexM4\ARM_GCC_541\Debug\main_cm4.o
                0x1008060c                writeDisplayPA
 .text.writeDisplayMUX
                0x100807e4      0x224 .\CortexM4\ARM_GCC_541\Debug\main_cm4.o
                0x100807e4                writeDisplayMUX
 .text.writeDisplayOSC
                0x10080a08       0x18 .\CortexM4\ARM_GCC_541\Debug\main_cm4.o
                0x10080a08                writeDisplayOSC
 .text.writeDisplayMISC
                0x10080a20       0x18 .\CortexM4\ARM_GCC_541\Debug\main_cm4.o
                0x10080a20                writeDisplayMISC
 .text.genericEventHandler
                0x10080a38      0x284 .\CortexM4\ARM_GCC_541\Debug\main_cm4.o
                0x10080a38                genericEventHandler
 .text.main     0x10080cbc       0x68 .\CortexM4\ARM_GCC_541\Debug\main_cm4.o
                0x10080cbc                main
 .text.Cy_SysIpcPipeIsrCm4
                0x10080d24        0xc .\CortexM4\ARM_GCC_541\Debug\system_psoc6_cm4.o
                0x10080d24                Cy_SysIpcPipeIsrCm4
 .text.Cy_SystemInit
                0x10080d30        0x4 .\CortexM4\ARM_GCC_541\Debug\system_psoc6_cm4.o
                0x10080d30                Cy_SystemInit
 .text.SystemCoreClockUpdate
                0x10080d34      0x190 .\CortexM4\ARM_GCC_541\Debug\system_psoc6_cm4.o
                0x10080d34                SystemCoreClockUpdate
 .text.SystemInit
                0x10080ec4       0x48 .\CortexM4\ARM_GCC_541\Debug\system_psoc6_cm4.o
                0x10080ec4                SystemInit
 .text.Cy_SystemInitFpuEnable
                0x10080f0c       0x28 .\CortexM4\ARM_GCC_541\Debug\system_psoc6_cm4.o
                0x10080f0c                Cy_SystemInitFpuEnable
 .text.STDIO_PutChar
                0x10080f34       0x18 .\CortexM4\ARM_GCC_541\Debug\stdio_user.o
                0x10080f34                STDIO_PutChar
 .text.STDIO_GetChar
                0x10080f4c       0x1c .\CortexM4\ARM_GCC_541\Debug\stdio_user.o
                0x10080f4c                STDIO_GetChar
 .text.Cy_Flash_ProcessOpcode
                0x10080f68       0xac .\CortexM4\ARM_GCC_541\Debug\cy_flash.o
 .text.Cy_Flash_OperationStatus
                0x10081014       0x5c .\CortexM4\ARM_GCC_541\Debug\cy_flash.o
 .text.Cy_Flash_InitExt
                0x10081070       0x80 .\CortexM4\ARM_GCC_541\Debug\cy_flash.o
                0x10081070                Cy_Flash_InitExt
 .text.Cy_Flash_Init
                0x100810f0       0x10 .\CortexM4\ARM_GCC_541\Debug\cy_flash.o
                0x100810f0                Cy_Flash_Init
 .text.Cy_GPIO_Pin_Init
                0x10081100      0x2fc .\CortexM4\ARM_GCC_541\Debug\cy_gpio.o
                0x10081100                Cy_GPIO_Pin_Init
 .text.Cy_IPC_Drv_LockRelease
                0x100813fc       0x3c .\CortexM4\ARM_GCC_541\Debug\cy_ipc_drv.o
                0x100813fc                Cy_IPC_Drv_LockRelease
 .text.Cy_IPC_Drv_SendMsgWord
                0x10081438       0x3c .\CortexM4\ARM_GCC_541\Debug\cy_ipc_drv.o
                0x10081438                Cy_IPC_Drv_SendMsgWord
 .text.Cy_IPC_Drv_ReadMsgWord
                0x10081474       0x38 .\CortexM4\ARM_GCC_541\Debug\cy_ipc_drv.o
                0x10081474                Cy_IPC_Drv_ReadMsgWord
 .text.Cy_IPC_Sema_InitExt
                0x100814ac       0xac .\CortexM4\ARM_GCC_541\Debug\cy_ipc_sema.o
                0x100814ac                Cy_IPC_Sema_InitExt
 .text.Cy_IPC_Sema_Init
                0x10081558       0x64 .\CortexM4\ARM_GCC_541\Debug\cy_ipc_sema.o
                0x10081558                Cy_IPC_Sema_Init
 .text.Cy_IPC_Sema_Clear
                0x100815bc       0x88 .\CortexM4\ARM_GCC_541\Debug\cy_ipc_sema.o
                0x100815bc                Cy_IPC_Sema_Clear
 .text.Cy_IPC_Sema_Status
                0x10081644       0x40 .\CortexM4\ARM_GCC_541\Debug\cy_ipc_sema.o
                0x10081644                Cy_IPC_Sema_Status
 .text.Cy_IPC_Pipe_Config
                0x10081684       0x10 .\CortexM4\ARM_GCC_541\Debug\cy_ipc_pipe.o
                0x10081684                Cy_IPC_Pipe_Config
 .text.Cy_IPC_Pipe_EndpointInit
                0x10081694       0xd0 .\CortexM4\ARM_GCC_541\Debug\cy_ipc_pipe.o
                0x10081694                Cy_IPC_Pipe_EndpointInit
 .text.Cy_IPC_Pipe_Init
                0x10081764       0xb4 .\CortexM4\ARM_GCC_541\Debug\cy_ipc_pipe.o
                0x10081764                Cy_IPC_Pipe_Init
 .text.Cy_IPC_Pipe_SendMessage
                0x10081818       0xa4 .\CortexM4\ARM_GCC_541\Debug\cy_ipc_pipe.o
                0x10081818                Cy_IPC_Pipe_SendMessage
 .text.Cy_IPC_Pipe_RegisterCallback
                0x100818bc       0x50 .\CortexM4\ARM_GCC_541\Debug\cy_ipc_pipe.o
                0x100818bc                Cy_IPC_Pipe_RegisterCallback
 .text.Cy_IPC_Pipe_RegisterCallbackRel
                0x1008190c       0x2c .\CortexM4\ARM_GCC_541\Debug\cy_ipc_pipe.o
                0x1008190c                Cy_IPC_Pipe_RegisterCallbackRel
 .text.Cy_IPC_Pipe_ExecCallback
                0x10081938       0xbc .\CortexM4\ARM_GCC_541\Debug\cy_ipc_pipe.o
                0x10081938                Cy_IPC_Pipe_ExecCallback
 .text.Cy_IPC_Pipe_ExecuteCallback
                0x100819f4       0x2c .\CortexM4\ARM_GCC_541\Debug\cy_ipc_pipe.o
                0x100819f4                Cy_IPC_Pipe_ExecuteCallback
 .text.Cy_IPC_Pipe_EndpointPause
                0x10081a20       0x54 .\CortexM4\ARM_GCC_541\Debug\cy_ipc_pipe.o
                0x10081a20                Cy_IPC_Pipe_EndpointPause
 .text.Cy_IPC_Pipe_EndpointResume
                0x10081a74       0x48 .\CortexM4\ARM_GCC_541\Debug\cy_ipc_pipe.o
                0x10081a74                Cy_IPC_Pipe_EndpointResume
 .text.Cy_SCB_ReadArrayNoCheck
                0x10081abc       0x38 .\CortexM4\ARM_GCC_541\Debug\cy_scb_common.o
                0x10081abc                Cy_SCB_ReadArrayNoCheck
 .text.Cy_SCB_ReadArray
                0x10081af4       0x1c .\CortexM4\ARM_GCC_541\Debug\cy_scb_common.o
                0x10081af4                Cy_SCB_ReadArray
 .text.Cy_SCB_Write
                0x10081b10       0x28 .\CortexM4\ARM_GCC_541\Debug\cy_scb_common.o
                0x10081b10                Cy_SCB_Write
 .text.Cy_SCB_WriteArrayNoCheck
                0x10081b38       0x38 .\CortexM4\ARM_GCC_541\Debug\cy_scb_common.o
                0x10081b38                Cy_SCB_WriteArrayNoCheck
 .text.Cy_SCB_WriteArray
                0x10081b70       0x2c .\CortexM4\ARM_GCC_541\Debug\cy_scb_common.o
                0x10081b70                Cy_SCB_WriteArray
 .text.HandleDataTransmit
                0x10081b9c       0xdc .\CortexM4\ARM_GCC_541\Debug\cy_scb_uart.o
 .text.HandleDataReceive
                0x10081c78       0xf8 .\CortexM4\ARM_GCC_541\Debug\cy_scb_uart.o
 .text.Cy_SCB_UART_Init
                0x10081d70      0x364 .\CortexM4\ARM_GCC_541\Debug\cy_scb_uart.o
                0x10081d70                Cy_SCB_UART_Init
 .text.Cy_SCB_UART_GetNumInRingBuffer
                0x100820d4       0x18 .\CortexM4\ARM_GCC_541\Debug\cy_scb_uart.o
                0x100820d4                Cy_SCB_UART_GetNumInRingBuffer
 .text.HandleRingBuffer
                0x100820ec       0xcc .\CortexM4\ARM_GCC_541\Debug\cy_scb_uart.o
 .text.Cy_SCB_UART_Interrupt
                0x100821b8       0xe8 .\CortexM4\ARM_GCC_541\Debug\cy_scb_uart.o
                0x100821b8                Cy_SCB_UART_Interrupt
 .text.Cy_SysInt_SetVector
                0x100822a0       0x48 .\CortexM4\ARM_GCC_541\Debug\cy_sysint.o
                0x100822a0                Cy_SysInt_SetVector
 .text.Cy_SysInt_Init
                0x100822e8       0x74 .\CortexM4\ARM_GCC_541\Debug\cy_sysint.o
                0x100822e8                Cy_SysInt_Init
 .text.Cy_SysLib_Delay
                0x1008235c       0x30 .\CortexM4\ARM_GCC_541\Debug\cy_syslib.o
                0x1008235c                Cy_SysLib_Delay
 .text.Cy_SysLib_Halt
                0x1008238c        0x4 .\CortexM4\ARM_GCC_541\Debug\cy_syslib.o
                0x1008238c                Cy_SysLib_Halt
 .text.Cy_SysLib_AssertFailed
                0x10082390       0x1c .\CortexM4\ARM_GCC_541\Debug\cy_syslib.o
                0x10082390                Cy_SysLib_AssertFailed
 .text.Cy_SysLib_ProcessingFault
                0x100823ac        0x4 .\CortexM4\ARM_GCC_541\Debug\cy_syslib.o
                0x100823ac                Cy_SysLib_ProcessingFault
 .text.Cy_SysLib_FaultHandler
                0x100823b0       0xa4 .\CortexM4\ARM_GCC_541\Debug\cy_syslib.o
                0x100823b0                Cy_SysLib_FaultHandler
 *fill*         0x10082454        0x4 
 .text          0x10082458       0x20 .\CortexM4\ARM_GCC_541\Debug\cy_syslib_gcc.o
                0x10082458                Cy_SysLib_DelayCycles
                0x1008246a                Cy_SysLib_EnterCriticalSection
                0x10082472                Cy_SysLib_ExitCriticalSection
 .text.Cy_SysPm_RegisterCallback
                0x10082478       0x5c .\CortexM4\ARM_GCC_541\Debug\cy_syspm.o
                0x10082478                Cy_SysPm_RegisterCallback
 .text.Cy_SysPm_UnregisterCallback
                0x100824d4       0x68 .\CortexM4\ARM_GCC_541\Debug\cy_syspm.o
                0x100824d4                Cy_SysPm_UnregisterCallback
 .text.Cy_PDL_Init
                0x1008253c        0xc .\CortexM4\ARM_GCC_541\Debug\cy_device.o
                0x1008253c                Cy_PDL_Init
 .text.Cy_TCPWM_PWM_Init
                0x10082548      0x16c .\CortexM4\ARM_GCC_541\Debug\cy_tcpwm_pwm.o
                0x10082548                Cy_TCPWM_PWM_Init
 .text.Cy_BLE_DeepSleepCallback
                0x100826b4       0x88 .\CortexM4\ARM_GCC_541\Debug\cy_ble.o
                0x100826b4                Cy_BLE_DeepSleepCallback
 .text.Cy_BLE_SleepCallback
                0x1008273c       0x64 .\CortexM4\ARM_GCC_541\Debug\cy_ble.o
                0x1008273c                Cy_BLE_SleepCallback
 .text.Cy_BLE_UnregisterHostPMCallbacks
                0x100827a0       0x18 .\CortexM4\ARM_GCC_541\Debug\cy_ble.o
                0x100827a0                Cy_BLE_UnregisterHostPMCallbacks
 .text.Cy_BLE_Init
                0x100827b8       0x54 .\CortexM4\ARM_GCC_541\Debug\cy_ble.o
                0x100827b8                Cy_BLE_Init
 .text.Cy_BLE_Enable
                0x1008280c      0x134 .\CortexM4\ARM_GCC_541\Debug\cy_ble.o
                0x1008280c                Cy_BLE_Enable
 .text.Cy_BLE_RegisterAppHostCallback
                0x10082940       0x18 .\CortexM4\ARM_GCC_541\Debug\cy_ble.o
                0x10082940                Cy_BLE_RegisterAppHostCallback
 .text.Cy_BLE_IPC_HostMsgFlushRecvCallBack
                0x10082958       0x1c .\CortexM4\ARM_GCC_541\Debug\cy_ble_hal_pvt.o
 .text.Cy_BLE_IPC_HostMsgRecvCallBack
                0x10082974       0x1c .\CortexM4\ARM_GCC_541\Debug\cy_ble_hal_pvt.o
 .text.Cy_BLE_HAL_BlockCalcCRC8
                0x10082990       0x34 .\CortexM4\ARM_GCC_541\Debug\cy_ble_hal_pvt.o
                0x10082990                Cy_BLE_HAL_BlockCalcCRC8
 .text.Cy_BLE_HAL_CalcCRC8
                0x100829c4        0xc .\CortexM4\ARM_GCC_541\Debug\cy_ble_hal_pvt.o
                0x100829c4                Cy_BLE_HAL_CalcCRC8
 .text.Cy_BLE_HAL_EnterCriticalSection
                0x100829d0        0x8 .\CortexM4\ARM_GCC_541\Debug\cy_ble_hal_pvt.o
                0x100829d0                Cy_BLE_HAL_EnterCriticalSection
 .text.Cy_BLE_HAL_ExitCriticalSection
                0x100829d8        0x8 .\CortexM4\ARM_GCC_541\Debug\cy_ble_hal_pvt.o
                0x100829d8                Cy_BLE_HAL_ExitCriticalSection
 .text.Cy_BLE_HAL_EnableHostIpcPipeInterrupt
                0x100829e0        0xc .\CortexM4\ARM_GCC_541\Debug\cy_ble_hal_pvt.o
                0x100829e0                Cy_BLE_HAL_EnableHostIpcPipeInterrupt
 .text.Cy_BLE_HAL_DisableHostIpcPipeInterrupt
                0x100829ec        0xc .\CortexM4\ARM_GCC_541\Debug\cy_ble_hal_pvt.o
                0x100829ec                Cy_BLE_HAL_DisableHostIpcPipeInterrupt
 .text.Cy_BLE_IPC_HostRegisterClientCallbacks
                0x100829f8       0x34 .\CortexM4\ARM_GCC_541\Debug\cy_ble_hal_pvt.o
                0x100829f8                Cy_BLE_IPC_HostRegisterClientCallbacks
 .text.Cy_BLE_IPC_SendMessageToController
                0x10082a2c       0x20 .\CortexM4\ARM_GCC_541\Debug\cy_ble_hal_pvt.o
                0x10082a2c                Cy_BLE_IPC_SendMessageToController
 .text.Cy_BLE_HAL_EccHeapInit
                0x10082a4c        0x4 .\CortexM4\ARM_GCC_541\Debug\cy_ble_hal_pvt.o
                0x10082a4c                Cy_BLE_HAL_EccHeapInit
 .text.Cy_BLE_HAL_EccHeapDeInit
                0x10082a50        0x4 .\CortexM4\ARM_GCC_541\Debug\cy_ble_hal_pvt.o
                0x10082a50                Cy_BLE_HAL_EccHeapDeInit
 .text.Cy_BLE_HAL_EccGetFeatureHeapReq
                0x10082a54        0x4 .\CortexM4\ARM_GCC_541\Debug\cy_ble_hal_pvt.o
                0x10082a54                Cy_BLE_HAL_EccGetFeatureHeapReq
 .text.Cy_BLE_HAL_PairingLocalPublicKeyHandler
                0x10082a58        0x8 .\CortexM4\ARM_GCC_541\Debug\cy_ble_hal_pvt.o
                0x10082a58                Cy_BLE_HAL_PairingLocalPublicKeyHandler
 .text.Cy_BLE_HAL_PairingRemoteKeyHandler
                0x10082a60        0x8 .\CortexM4\ARM_GCC_541\Debug\cy_ble_hal_pvt.o
                0x10082a60                Cy_BLE_HAL_PairingRemoteKeyHandler
 .text.Cy_BLE_HAL_PairingDhkeyHandler
                0x10082a68        0x8 .\CortexM4\ARM_GCC_541\Debug\cy_ble_hal_pvt.o
                0x10082a68                Cy_BLE_HAL_PairingDhkeyHandler
 .text.Cy_BLE_HAL_PairingDhkeyCheckHandler
                0x10082a70        0x8 .\CortexM4\ARM_GCC_541\Debug\cy_ble_hal_pvt.o
                0x10082a70                Cy_BLE_HAL_PairingDhkeyCheckHandler
 .text.Cy_BLE_HAL_PairingKeypressNotificationHandler
                0x10082a78        0x8 .\CortexM4\ARM_GCC_541\Debug\cy_ble_hal_pvt.o
                0x10082a78                Cy_BLE_HAL_PairingKeypressNotificationHandler
 .text.Cy_BLE_HAL_PairingRandHandler
                0x10082a80        0x8 .\CortexM4\ARM_GCC_541\Debug\cy_ble_hal_pvt.o
                0x10082a80                Cy_BLE_HAL_PairingRandHandler
 .text.Cy_BLE_HAL_PairingConfirmHandler
                0x10082a88        0x8 .\CortexM4\ARM_GCC_541\Debug\cy_ble_hal_pvt.o
                0x10082a88                Cy_BLE_HAL_PairingConfirmHandler
 .text.Cy_BLE_HAL_PairingLrConfirmingHandler
                0x10082a90        0x8 .\CortexM4\ARM_GCC_541\Debug\cy_ble_hal_pvt.o
                0x10082a90                Cy_BLE_HAL_PairingLrConfirmingHandler
 .text.Cy_BLE_HAL_PairingScTbxLocalPubkeyGenerateComplete
                0x10082a98        0x8 .\CortexM4\ARM_GCC_541\Debug\cy_ble_hal_pvt.o
                0x10082a98                Cy_BLE_HAL_PairingScTbxLocalPubkeyGenerateComplete
 .text.Cy_BLE_HAL_PairingScTbxGenerateLocalP256PublicKey
                0x10082aa0        0x8 .\CortexM4\ARM_GCC_541\Debug\cy_ble_hal_pvt.o
                0x10082aa0                Cy_BLE_HAL_PairingScTbxGenerateLocalP256PublicKey
 .text.Cy_BLE_HAL_SeSmpScUserPasskeyHandler
                0x10082aa8        0x8 .\CortexM4\ARM_GCC_541\Debug\cy_ble_hal_pvt.o
                0x10082aa8                Cy_BLE_HAL_SeSmpScUserPasskeyHandler
 .text.Cy_BLE_HAL_EccPointMult
                0x10082ab0        0x4 .\CortexM4\ARM_GCC_541\Debug\cy_ble_hal_pvt.o
                0x10082ab0                Cy_BLE_HAL_EccPointMult
 .text.Cy_BLE_ServiceInit
                0x10082ab4       0x10 .\CortexM4\ARM_GCC_541\Debug\cy_ble_gap.o
                0x10082ab4                Cy_BLE_ServiceInit
 .text.Cy_BLE_GAPP_StartAdvertisement
                0x10082ac4      0x120 .\CortexM4\ARM_GCC_541\Debug\cy_ble_gap.o
                0x10082ac4                Cy_BLE_GAPP_StartAdvertisement
 .text.Cy_BLE_ChangeAdDeviceAddress
                0x10082be4       0x5c .\CortexM4\ARM_GCC_541\Debug\cy_ble_gap.o
                0x10082be4                Cy_BLE_ChangeAdDeviceAddress
 .text.Cy_BLE_GATTS_WriteAttributeValueCCCD
                0x10082c40       0x6c .\CortexM4\ARM_GCC_541\Debug\cy_ble_gatt.o
                0x10082c40                Cy_BLE_GATTS_WriteAttributeValueCCCD
 .text.Cy_BLE_GATTS_WriteEventHandler
                0x10082cac       0x84 .\CortexM4\ARM_GCC_541\Debug\cy_ble_gatt.o
                0x10082cac                Cy_BLE_GATTS_WriteEventHandler
 .text.Cy_BLE_GATTS_ReadAttributeValueCCCDReqHandler
                0x10082d30       0x58 .\CortexM4\ARM_GCC_541\Debug\cy_ble_gatt.o
                0x10082d30                Cy_BLE_GATTS_ReadAttributeValueCCCDReqHandler
 .text.Cy_BLE_SendWriteResponse
                0x10082d88       0x44 .\CortexM4\ARM_GCC_541\Debug\cy_ble_event_handler.o
 .text.Cy_BLE_RegisterServiceEventHandler
                0x10082dcc       0x5c .\CortexM4\ARM_GCC_541\Debug\cy_ble_event_handler.o
                0x10082dcc                Cy_BLE_RegisterServiceEventHandler
 .text.Cy_BLE_InvokeServiceEventHandler
                0x10082e28       0x38 .\CortexM4\ARM_GCC_541\Debug\cy_ble_event_handler.o
                0x10082e28                Cy_BLE_InvokeServiceEventHandler
 .text.Cy_BLE_IsDeviceAddressValid
                0x10082e60       0x20 .\CortexM4\ARM_GCC_541\Debug\cy_ble_event_handler.o
                0x10082e60                Cy_BLE_IsDeviceAddressValid
 .text.Cy_BLE_EventHandler
                0x10082e80      0x6e4 .\CortexM4\ARM_GCC_541\Debug\cy_ble_event_handler.o
                0x10082e80                Cy_BLE_EventHandler
 .text.Cy_BLE_CUSTOM_EventHandler
                0x10083564        0x4 .\CortexM4\ARM_GCC_541\Debug\cy_ble_custom.o
 .text.Cy_BLE_CUSTOM_Init
                0x10083568       0x20 .\CortexM4\ARM_GCC_541\Debug\cy_ble_custom.o
                0x10083568                Cy_BLE_CUSTOM_Init
 .text.vListInitialise
                0x10083588       0x18 .\CortexM4\ARM_GCC_541\Debug\list.o
                0x10083588                vListInitialise
 .text.vListInitialiseItem
                0x100835a0        0x8 .\CortexM4\ARM_GCC_541\Debug\list.o
                0x100835a0                vListInitialiseItem
 .text.vListInsertEnd
                0x100835a8       0x18 .\CortexM4\ARM_GCC_541\Debug\list.o
                0x100835a8                vListInsertEnd
 .text.vListInsert
                0x100835c0       0x34 .\CortexM4\ARM_GCC_541\Debug\list.o
                0x100835c0                vListInsert
 .text.uxListRemove
                0x100835f4       0x28 .\CortexM4\ARM_GCC_541\Debug\list.o
                0x100835f4                uxListRemove
 .text.prvGetDisinheritPriorityAfterTimeout
                0x1008361c       0x14 .\CortexM4\ARM_GCC_541\Debug\queue.o
 .text.prvIsQueueFull
                0x10083630       0x20 .\CortexM4\ARM_GCC_541\Debug\queue.o
 .text.prvIsQueueEmpty
                0x10083650       0x1c .\CortexM4\ARM_GCC_541\Debug\queue.o
 .text.prvCopyDataToQueue
                0x1008366c       0x78 .\CortexM4\ARM_GCC_541\Debug\queue.o
 .text.prvCopyDataFromQueue
                0x100836e4       0x24 .\CortexM4\ARM_GCC_541\Debug\queue.o
 .text.prvUnlockQueue
                0x10083708       0x68 .\CortexM4\ARM_GCC_541\Debug\queue.o
 .text.xQueueGenericReset
                0x10083770       0x80 .\CortexM4\ARM_GCC_541\Debug\queue.o
                0x10083770                xQueueGenericReset
 .text.prvInitialiseNewQueue
                0x100837f0       0x1c .\CortexM4\ARM_GCC_541\Debug\queue.o
 .text.xQueueGenericCreate
                0x1008380c       0x4c .\CortexM4\ARM_GCC_541\Debug\queue.o
                0x1008380c                xQueueGenericCreate
 .text.xQueueCreateCountingSemaphore
                0x10083858       0x40 .\CortexM4\ARM_GCC_541\Debug\queue.o
                0x10083858                xQueueCreateCountingSemaphore
 .text.xQueueGenericSend
                0x10083898      0x190 .\CortexM4\ARM_GCC_541\Debug\queue.o
                0x10083898                xQueueGenericSend
 .text.prvInitialiseMutex
                0x10083a28       0x18 .\CortexM4\ARM_GCC_541\Debug\queue.o
 .text.xQueueCreateMutex
                0x10083a40       0x18 .\CortexM4\ARM_GCC_541\Debug\queue.o
                0x10083a40                xQueueCreateMutex
 .text.xQueueGenericSendFromISR
                0x10083a58       0xe4 .\CortexM4\ARM_GCC_541\Debug\queue.o
                0x10083a58                xQueueGenericSendFromISR
 .text.xQueueGiveFromISR
                0x10083b3c       0xbc .\CortexM4\ARM_GCC_541\Debug\queue.o
                0x10083b3c                xQueueGiveFromISR
 .text.xQueueReceive
                0x10083bf8      0x158 .\CortexM4\ARM_GCC_541\Debug\queue.o
                0x10083bf8                xQueueReceive
 .text.xQueueSemaphoreTake
                0x10083d50      0x190 .\CortexM4\ARM_GCC_541\Debug\queue.o
                0x10083d50                xQueueSemaphoreTake
 .text.vQueueAddToRegistry
                0x10083ee0       0x28 .\CortexM4\ARM_GCC_541\Debug\queue.o
                0x10083ee0                vQueueAddToRegistry
 .text.vQueueWaitForMessageRestricted
                0x10083f08       0x4c .\CortexM4\ARM_GCC_541\Debug\queue.o
                0x10083f08                vQueueWaitForMessageRestricted
 .text.prvResetNextTaskUnblockTime
                0x10083f54       0x2c .\CortexM4\ARM_GCC_541\Debug\tasks.o
 .text.prvDeleteTCB
                0x10083f80       0x14 .\CortexM4\ARM_GCC_541\Debug\tasks.o
 .text.prvInitialiseNewTask
                0x10083f94       0xac .\CortexM4\ARM_GCC_541\Debug\tasks.o
 .text.prvInitialiseTaskLists
                0x10084040       0x58 .\CortexM4\ARM_GCC_541\Debug\tasks.o
 .text.prvAddNewTaskToReadyList
                0x10084098       0xac .\CortexM4\ARM_GCC_541\Debug\tasks.o
 .text.prvCheckTasksWaitingTermination
                0x10084144       0x44 .\CortexM4\ARM_GCC_541\Debug\tasks.o
 .text.prvIdleTask
                0x10084188       0x28 .\CortexM4\ARM_GCC_541\Debug\tasks.o
 .text.prvAddCurrentTaskToDelayedList
                0x100841b0       0x68 .\CortexM4\ARM_GCC_541\Debug\tasks.o
 .text.xTaskCreate
                0x10084218       0x64 .\CortexM4\ARM_GCC_541\Debug\tasks.o
                0x10084218                xTaskCreate
 .text.vTaskStartScheduler
                0x1008427c       0x7c .\CortexM4\ARM_GCC_541\Debug\tasks.o
                0x1008427c                vTaskStartScheduler
 .text.vTaskSuspendAll
                0x100842f8       0x14 .\CortexM4\ARM_GCC_541\Debug\tasks.o
                0x100842f8                vTaskSuspendAll
 .text.xTaskGetTickCount
                0x1008430c        0xc .\CortexM4\ARM_GCC_541\Debug\tasks.o
                0x1008430c                xTaskGetTickCount
 .text.xTaskIncrementTick
                0x10084318       0xfc .\CortexM4\ARM_GCC_541\Debug\tasks.o
                0x10084318                xTaskIncrementTick
 .text.xTaskResumeAll
                0x10084414       0xf0 .\CortexM4\ARM_GCC_541\Debug\tasks.o
                0x10084414                xTaskResumeAll
 .text.vTaskSwitchContext
                0x10084504       0xc8 .\CortexM4\ARM_GCC_541\Debug\tasks.o
                0x10084504                vTaskSwitchContext
 .text.vTaskPlaceOnEventList
                0x100845cc       0x34 .\CortexM4\ARM_GCC_541\Debug\tasks.o
                0x100845cc                vTaskPlaceOnEventList
 .text.vTaskPlaceOnEventListRestricted
                0x10084600       0x3c .\CortexM4\ARM_GCC_541\Debug\tasks.o
                0x10084600                vTaskPlaceOnEventListRestricted
 .text.xTaskRemoveFromEventList
                0x1008463c       0x88 .\CortexM4\ARM_GCC_541\Debug\tasks.o
                0x1008463c                xTaskRemoveFromEventList
 .text.vTaskInternalSetTimeOutState
                0x100846c4       0x14 .\CortexM4\ARM_GCC_541\Debug\tasks.o
                0x100846c4                vTaskInternalSetTimeOutState
 .text.xTaskCheckForTimeOut
                0x100846d8       0x80 .\CortexM4\ARM_GCC_541\Debug\tasks.o
                0x100846d8                xTaskCheckForTimeOut
 .text.vTaskMissedYield
                0x10084758       0x10 .\CortexM4\ARM_GCC_541\Debug\tasks.o
                0x10084758                vTaskMissedYield
 .text.xTaskGetSchedulerState
                0x10084768       0x20 .\CortexM4\ARM_GCC_541\Debug\tasks.o
                0x10084768                xTaskGetSchedulerState
 .text.xTaskPriorityInherit
                0x10084788       0xa8 .\CortexM4\ARM_GCC_541\Debug\tasks.o
                0x10084788                xTaskPriorityInherit
 .text.xTaskPriorityDisinherit
                0x10084830       0x94 .\CortexM4\ARM_GCC_541\Debug\tasks.o
                0x10084830                xTaskPriorityDisinherit
 .text.vTaskPriorityDisinheritAfterTimeout
                0x100848c4       0xac .\CortexM4\ARM_GCC_541\Debug\tasks.o
                0x100848c4                vTaskPriorityDisinheritAfterTimeout
 .text.pvTaskIncrementMutexHeldCount
                0x10084970       0x20 .\CortexM4\ARM_GCC_541\Debug\tasks.o
                0x10084970                pvTaskIncrementMutexHeldCount
 .text.prvGetNextExpireTime
                0x10084990       0x20 .\CortexM4\ARM_GCC_541\Debug\timers.o
 .text.prvInsertTimerInActiveList
                0x100849b0       0x44 .\CortexM4\ARM_GCC_541\Debug\timers.o
 .text.prvCheckForValidListAndQueue
                0x100849f4       0x48 .\CortexM4\ARM_GCC_541\Debug\timers.o
 .text.prvInitialiseNewTimer
                0x10084a3c       0x40 .\CortexM4\ARM_GCC_541\Debug\timers.o
 .text.xTimerCreateTimerTask
                0x10084a7c       0x50 .\CortexM4\ARM_GCC_541\Debug\timers.o
                0x10084a7c                xTimerCreateTimerTask
 .text.xTimerCreate
                0x10084acc       0x34 .\CortexM4\ARM_GCC_541\Debug\timers.o
                0x10084acc                xTimerCreate
 .text.xTimerGenericCommand
                0x10084b00       0x6c .\CortexM4\ARM_GCC_541\Debug\timers.o
                0x10084b00                xTimerGenericCommand
 .text.prvSwitchTimerLists
                0x10084b6c       0x74 .\CortexM4\ARM_GCC_541\Debug\timers.o
 .text.prvSampleTimeNow
                0x10084be0       0x2c .\CortexM4\ARM_GCC_541\Debug\timers.o
 .text.prvProcessExpiredTimer
                0x10084c0c       0x5c .\CortexM4\ARM_GCC_541\Debug\timers.o
 .text.prvProcessTimerOrBlockTask
                0x10084c68       0x70 .\CortexM4\ARM_GCC_541\Debug\timers.o
 .text.prvProcessReceivedCommands
                0x10084cd8       0xbc .\CortexM4\ARM_GCC_541\Debug\timers.o
 .text.prvTimerTask
                0x10084d94       0x18 .\CortexM4\ARM_GCC_541\Debug\timers.o
 .text.pcTimerGetName
                0x10084dac       0x18 .\CortexM4\ARM_GCC_541\Debug\timers.o
                0x10084dac                pcTimerGetName
 .text.pvTimerGetTimerID
                0x10084dc4       0x28 .\CortexM4\ARM_GCC_541\Debug\timers.o
                0x10084dc4                pvTimerGetTimerID
 .text.vTimerSetTimerID
                0x10084dec       0x28 .\CortexM4\ARM_GCC_541\Debug\timers.o
                0x10084dec                vTimerSetTimerID
 .text.prvTaskExitError
                0x10084e14       0x40 .\CortexM4\ARM_GCC_541\Debug\port.o
 .text.prvPortStartFirstTask
                0x10084e54       0x28 .\CortexM4\ARM_GCC_541\Debug\port.o
 .text.vPortEnableVFP
                0x10084e7c       0x14 .\CortexM4\ARM_GCC_541\Debug\port.o
 .text.pxPortInitialiseStack
                0x10084e90       0x2c .\CortexM4\ARM_GCC_541\Debug\port.o
                0x10084e90                pxPortInitialiseStack
 *fill*         0x10084ebc        0x4 
 .text.SVC_Handler
                0x10084ec0       0x24 .\CortexM4\ARM_GCC_541\Debug\port.o
                0x10084ec0                SVC_Handler
 .text.vPortEnterCritical
                0x10084ee4       0x44 .\CortexM4\ARM_GCC_541\Debug\port.o
                0x10084ee4                vPortEnterCritical
 .text.vPortExitCritical
                0x10084f28       0x2c .\CortexM4\ARM_GCC_541\Debug\port.o
                0x10084f28                vPortExitCritical
 *fill*         0x10084f54        0xc 
 .text.PendSV_Handler
                0x10084f60       0x64 .\CortexM4\ARM_GCC_541\Debug\port.o
                0x10084f60                PendSV_Handler
 .text.SysTick_Handler
                0x10084fc4       0x2c .\CortexM4\ARM_GCC_541\Debug\port.o
                0x10084fc4                SysTick_Handler
 .text.vPortSetupTimerInterrupt
                0x10084ff0       0x38 .\CortexM4\ARM_GCC_541\Debug\port.o
                0x10084ff0                vPortSetupTimerInterrupt
 .text.xPortStartScheduler
                0x10085028       0xe0 .\CortexM4\ARM_GCC_541\Debug\port.o
                0x10085028                xPortStartScheduler
 .text.vPortValidateInterruptPriority
                0x10085108       0x58 .\CortexM4\ARM_GCC_541\Debug\port.o
                0x10085108                vPortValidateInterruptPriority
 .text.vApplicationStackOverflowHook
                0x10085160       0x24 .\CortexM4\ARM_GCC_541\Debug\port.o
                0x10085160                vApplicationStackOverflowHook
 .text.prvHeapInit
                0x10085184       0x58 .\CortexM4\ARM_GCC_541\Debug\heap_4.o
 .text.prvInsertBlockIntoFreeList
                0x100851dc       0x58 .\CortexM4\ARM_GCC_541\Debug\heap_4.o
 .text.pvPortMalloc
                0x10085234      0x10c .\CortexM4\ARM_GCC_541\Debug\heap_4.o
                0x10085234                pvPortMalloc
 .text.vPortFree
                0x10085340       0x78 .\CortexM4\ARM_GCC_541\Debug\heap_4.o
                0x10085340                vPortFree
 .text._write   0x100853b8       0x24 .\CortexM4\ARM_GCC_541\Debug\retarget.o
                0x100853b8                _write
 .text._read    0x100853dc       0x2c .\CortexM4\ARM_GCC_541\Debug\retarget.o
                0x100853dc                _read
 .text.UART_1_Interrupt
                0x10085408       0x14 .\CortexM4\ARM_GCC_541\Debug\UART_1.o
 .text.UART_1_Start
                0x1008541c       0x64 .\CortexM4\ARM_GCC_541\Debug\UART_1.o
                0x1008541c                UART_1_Start
 .text.Cy_BLE_Start
                0x10085480       0x38 .\CortexM4\ARM_GCC_541\Debug\BLE.o
                0x10085480                Cy_BLE_Start
 .text.PWM_BLINK_Start
                0x100854b8       0x30 .\CortexM4\ARM_GCC_541\Debug\PWM_BLINK.o
                0x100854b8                PWM_BLINK_Start
 .text.PWM_DIM_Start
                0x100854e8       0x30 .\CortexM4\ARM_GCC_541\Debug\PWM_DIM.o
                0x100854e8                PWM_DIM_Start
 .text          0x10085518      0x370 c:/program files (x86)/cypress/psoc creator/4.2/psoc creator/import/gnu/arm/5.4.1/bin/../lib/gcc/arm-none-eabi/5.4.1/armv7e-m/softfp\libgcc.a(_arm_addsubdf3.o)
                0x10085518                __aeabi_drsub
                0x10085520                __aeabi_dsub
                0x10085520                __subdf3
                0x10085524                __aeabi_dadd
                0x10085524                __adddf3
                0x1008579c                __floatunsidf
                0x1008579c                __aeabi_ui2d
                0x100857bc                __floatsidf
                0x100857bc                __aeabi_i2d
                0x100857e0                __aeabi_f2d
                0x100857e0                __extendsfdf2
                0x1008581c                __floatundidf
                0x1008581c                __aeabi_ul2d
                0x1008582c                __floatdidf
                0x1008582c                __aeabi_l2d
 .text          0x10085888      0x424 c:/program files (x86)/cypress/psoc creator/4.2/psoc creator/import/gnu/arm/5.4.1/bin/../lib/gcc/arm-none-eabi/5.4.1/armv7e-m/softfp\libgcc.a(_arm_muldivdf3.o)
                0x10085888                __aeabi_dmul
                0x10085888                __muldf3
                0x10085adc                __divdf3
                0x10085adc                __aeabi_ddiv
 .text.memcmp   0x10085cac       0x1e c:/program files (x86)/cypress/psoc creator/4.2/psoc creator/import/gnu/arm/5.4.1/bin/../lib/gcc/arm-none-eabi/5.4.1/../../../../arm-none-eabi/lib/armv7e-m/softfp\libg_nano.a(lib_a-memcmp.o)
                0x10085cac                memcmp
 .text.memcpy   0x10085cca       0x16 c:/program files (x86)/cypress/psoc creator/4.2/psoc creator/import/gnu/arm/5.4.1/bin/../lib/gcc/arm-none-eabi/5.4.1/../../../../arm-none-eabi/lib/armv7e-m/softfp\libg_nano.a(lib_a-memcpy-stub.o)
                0x10085cca                memcpy
 .text.memset   0x10085ce0       0x10 c:/program files (x86)/cypress/psoc creator/4.2/psoc creator/import/gnu/arm/5.4.1/bin/../lib/gcc/arm-none-eabi/5.4.1/../../../../arm-none-eabi/lib/armv7e-m/softfp\libg_nano.a(lib_a-memset.o)
                0x10085ce0                memset
 .text.__cvt    0x10085cf0       0xc2 c:/program files (x86)/cypress/psoc creator/4.2/psoc creator/import/gnu/arm/5.4.1/bin/../lib/gcc/arm-none-eabi/5.4.1/../../../../arm-none-eabi/lib/armv7e-m/softfp\libg_nano.a(lib_a-nano-vfprintf_float.o)
                0x10085cf0                __cvt
 .text.__exponent
                0x10085db2       0x60 c:/program files (x86)/cypress/psoc creator/4.2/psoc creator/import/gnu/arm/5.4.1/bin/../lib/gcc/arm-none-eabi/5.4.1/../../../../arm-none-eabi/lib/armv7e-m/softfp\libg_nano.a(lib_a-nano-vfprintf_float.o)
                0x10085db2                __exponent
 *fill*         0x10085e12        0x2 
 .text._printf_float
                0x10085e14      0x488 c:/program files (x86)/cypress/psoc creator/4.2/psoc creator/import/gnu/arm/5.4.1/bin/../lib/gcc/arm-none-eabi/5.4.1/../../../../arm-none-eabi/lib/armv7e-m/softfp\libg_nano.a(lib_a-nano-vfprintf_float.o)
                0x10085e14                _printf_float
 .text._printf_common
                0x1008629c       0xec c:/program files (x86)/cypress/psoc creator/4.2/psoc creator/import/gnu/arm/5.4.1/bin/../lib/gcc/arm-none-eabi/5.4.1/../../../../arm-none-eabi/lib/armv7e-m/softfp\libg_nano.a(lib_a-nano-vfprintf_i.o)
                0x1008629c                _printf_common
 .text._printf_i
                0x10086388      0x24c c:/program files (x86)/cypress/psoc creator/4.2/psoc creator/import/gnu/arm/5.4.1/bin/../lib/gcc/arm-none-eabi/5.4.1/../../../../arm-none-eabi/lib/armv7e-m/softfp\libg_nano.a(lib_a-nano-vfprintf_i.o)
                0x10086388                _printf_i
 .text.printf   0x100865d4       0x30 c:/program files (x86)/cypress/psoc creator/4.2/psoc creator/import/gnu/arm/5.4.1/bin/../lib/gcc/arm-none-eabi/5.4.1/../../../../arm-none-eabi/lib/armv7e-m/softfp\libg_nano.a(lib_a-printf.o)
                0x100865d4                iprintf
                0x100865d4                printf
 .text._puts_r  0x10086604       0xb4 c:/program files (x86)/cypress/psoc creator/4.2/psoc creator/import/gnu/arm/5.4.1/bin/../lib/gcc/arm-none-eabi/5.4.1/../../../../arm-none-eabi/lib/armv7e-m/softfp\libg_nano.a(lib_a-puts.o)
                0x10086604                _puts_r
 .text.puts     0x100866b8       0x10 c:/program files (x86)/cypress/psoc creator/4.2/psoc creator/import/gnu/arm/5.4.1/bin/../lib/gcc/arm-none-eabi/5.4.1/../../../../arm-none-eabi/lib/armv7e-m/softfp\libg_nano.a(lib_a-puts.o)
                0x100866b8                puts
 .text.setvbuf  0x100866c8      0x154 c:/program files (x86)/cypress/psoc creator/4.2/psoc creator/import/gnu/arm/5.4.1/bin/../lib/gcc/arm-none-eabi/5.4.1/../../../../arm-none-eabi/lib/armv7e-m/softfp\libg_nano.a(lib_a-setvbuf.o)
                0x100866c8                setvbuf
 .text          0x1008681c       0x10 c:/program files (x86)/cypress/psoc creator/4.2/psoc creator/import/gnu/arm/5.4.1/bin/../lib/gcc/arm-none-eabi/5.4.1/../../../../arm-none-eabi/lib/armv7e-m/softfp\libg_nano.a(lib_a-strlen.o)
                0x1008681c                strlen
 .text.strncpy  0x1008682c       0x26 c:/program files (x86)/cypress/psoc creator/4.2/psoc creator/import/gnu/arm/5.4.1/bin/../lib/gcc/arm-none-eabi/5.4.1/../../../../arm-none-eabi/lib/armv7e-m/softfp\libg_nano.a(lib_a-strncpy.o)
                0x1008682c                strncpy
 *fill*         0x10086852        0x2 
 .text.__swbuf_r
                0x10086854       0xa8 c:/program files (x86)/cypress/psoc creator/4.2/psoc creator/import/gnu/arm/5.4.1/bin/../lib/gcc/arm-none-eabi/5.4.1/../../../../arm-none-eabi/lib/armv7e-m/softfp\libg_nano.a(lib_a-wbuf.o)
                0x10086854                __swbuf_r
 .text.__swsetup_r
                0x100868fc       0xdc c:/program files (x86)/cypress/psoc creator/4.2/psoc creator/import/gnu/arm/5.4.1/bin/../lib/gcc/arm-none-eabi/5.4.1/../../../../arm-none-eabi/lib/armv7e-m/softfp\libg_nano.a(lib_a-wsetup.o)
                0x100868fc                __swsetup_r
 .text.quorem   0x100869d8      0x11e c:/program files (x86)/cypress/psoc creator/4.2/psoc creator/import/gnu/arm/5.4.1/bin/../lib/gcc/arm-none-eabi/5.4.1/../../../../arm-none-eabi/lib/armv7e-m/softfp\libg_nano.a(lib_a-dtoa.o)
 *fill*         0x10086af6        0x2 
 .text._dtoa_r  0x10086af8      0xb38 c:/program files (x86)/cypress/psoc creator/4.2/psoc creator/import/gnu/arm/5.4.1/bin/../lib/gcc/arm-none-eabi/5.4.1/../../../../arm-none-eabi/lib/armv7e-m/softfp\libg_nano.a(lib_a-dtoa.o)
                0x10086af8                _dtoa_r
 .text.__sflush_r
                0x10087630      0x110 c:/program files (x86)/cypress/psoc creator/4.2/psoc creator/import/gnu/arm/5.4.1/bin/../lib/gcc/arm-none-eabi/5.4.1/../../../../arm-none-eabi/lib/armv7e-m/softfp\libg_nano.a(lib_a-fflush.o)
                0x10087630                __sflush_r
 .text._fflush_r
                0x10087740       0x54 c:/program files (x86)/cypress/psoc creator/4.2/psoc creator/import/gnu/arm/5.4.1/bin/../lib/gcc/arm-none-eabi/5.4.1/../../../../arm-none-eabi/lib/armv7e-m/softfp\libg_nano.a(lib_a-fflush.o)
                0x10087740                _fflush_r
 .text._cleanup_r
                0x10087794        0xc c:/program files (x86)/cypress/psoc creator/4.2/psoc creator/import/gnu/arm/5.4.1/bin/../lib/gcc/arm-none-eabi/5.4.1/../../../../arm-none-eabi/lib/armv7e-m/softfp\libg_nano.a(lib_a-findfp.o)
                0x10087794                _cleanup_r
 .text.std.isra.0
                0x100877a0       0x48 c:/program files (x86)/cypress/psoc creator/4.2/psoc creator/import/gnu/arm/5.4.1/bin/../lib/gcc/arm-none-eabi/5.4.1/../../../../arm-none-eabi/lib/armv7e-m/softfp\libg_nano.a(lib_a-findfp.o)
 .text.__sfmoreglue
                0x100877e8       0x2c c:/program files (x86)/cypress/psoc creator/4.2/psoc creator/import/gnu/arm/5.4.1/bin/../lib/gcc/arm-none-eabi/5.4.1/../../../../arm-none-eabi/lib/armv7e-m/softfp\libg_nano.a(lib_a-findfp.o)
                0x100877e8                __sfmoreglue
 .text.__sinit  0x10087814       0x60 c:/program files (x86)/cypress/psoc creator/4.2/psoc creator/import/gnu/arm/5.4.1/bin/../lib/gcc/arm-none-eabi/5.4.1/../../../../arm-none-eabi/lib/armv7e-m/softfp\libg_nano.a(lib_a-findfp.o)
                0x10087814                __sinit
 .text.__sfp    0x10087874       0x78 c:/program files (x86)/cypress/psoc creator/4.2/psoc creator/import/gnu/arm/5.4.1/bin/../lib/gcc/arm-none-eabi/5.4.1/../../../../arm-none-eabi/lib/armv7e-m/softfp\libg_nano.a(lib_a-findfp.o)
                0x10087874                __sfp
 .text._fwalk_reent
                0x100878ec       0x3c c:/program files (x86)/cypress/psoc creator/4.2/psoc creator/import/gnu/arm/5.4.1/bin/../lib/gcc/arm-none-eabi/5.4.1/../../../../arm-none-eabi/lib/armv7e-m/softfp\libg_nano.a(lib_a-fwalk.o)
                0x100878ec                _fwalk_reent
 .text._localeconv_r
                0x10087928        0x8 c:/program files (x86)/cypress/psoc creator/4.2/psoc creator/import/gnu/arm/5.4.1/bin/../lib/gcc/arm-none-eabi/5.4.1/../../../../arm-none-eabi/lib/armv7e-m/softfp\libg_nano.a(lib_a-locale.o)
                0x10087928                _localeconv_r
 .text.__swhatbuf_r
                0x10087930       0x46 c:/program files (x86)/cypress/psoc creator/4.2/psoc creator/import/gnu/arm/5.4.1/bin/../lib/gcc/arm-none-eabi/5.4.1/../../../../arm-none-eabi/lib/armv7e-m/softfp\libg_nano.a(lib_a-makebuf.o)
                0x10087930                __swhatbuf_r
 *fill*         0x10087976        0x2 
 .text.__smakebuf_r
                0x10087978       0x78 c:/program files (x86)/cypress/psoc creator/4.2/psoc creator/import/gnu/arm/5.4.1/bin/../lib/gcc/arm-none-eabi/5.4.1/../../../../arm-none-eabi/lib/armv7e-m/softfp\libg_nano.a(lib_a-makebuf.o)
                0x10087978                __smakebuf_r
 .text.malloc   0x100879f0       0x10 c:/program files (x86)/cypress/psoc creator/4.2/psoc creator/import/gnu/arm/5.4.1/bin/../lib/gcc/arm-none-eabi/5.4.1/../../../../arm-none-eabi/lib/armv7e-m/softfp\libg_nano.a(lib_a-malloc.o)
                0x100879f0                malloc
 .text          0x10087a00       0xa0 c:/program files (x86)/cypress/psoc creator/4.2/psoc creator/import/gnu/arm/5.4.1/bin/../lib/gcc/arm-none-eabi/5.4.1/../../../../arm-none-eabi/lib/armv7e-m/softfp\libg_nano.a(lib_a-memchr.o)
                0x10087a00                memchr
 .text._Balloc  0x10087aa0       0x6a c:/program files (x86)/cypress/psoc creator/4.2/psoc creator/import/gnu/arm/5.4.1/bin/../lib/gcc/arm-none-eabi/5.4.1/../../../../arm-none-eabi/lib/armv7e-m/softfp\libg_nano.a(lib_a-mprec.o)
                0x10087aa0                _Balloc
 .text._Bfree   0x10087b0a       0x2e c:/program files (x86)/cypress/psoc creator/4.2/psoc creator/import/gnu/arm/5.4.1/bin/../lib/gcc/arm-none-eabi/5.4.1/../../../../arm-none-eabi/lib/armv7e-m/softfp\libg_nano.a(lib_a-mprec.o)
                0x10087b0a                _Bfree
 .text.__multadd
                0x10087b38       0x76 c:/program files (x86)/cypress/psoc creator/4.2/psoc creator/import/gnu/arm/5.4.1/bin/../lib/gcc/arm-none-eabi/5.4.1/../../../../arm-none-eabi/lib/armv7e-m/softfp\libg_nano.a(lib_a-mprec.o)
                0x10087b38                __multadd
 .text.__hi0bits
                0x10087bae       0x40 c:/program files (x86)/cypress/psoc creator/4.2/psoc creator/import/gnu/arm/5.4.1/bin/../lib/gcc/arm-none-eabi/5.4.1/../../../../arm-none-eabi/lib/armv7e-m/softfp\libg_nano.a(lib_a-mprec.o)
                0x10087bae                __hi0bits
 .text.__lo0bits
                0x10087bee       0x5a c:/program files (x86)/cypress/psoc creator/4.2/psoc creator/import/gnu/arm/5.4.1/bin/../lib/gcc/arm-none-eabi/5.4.1/../../../../arm-none-eabi/lib/armv7e-m/softfp\libg_nano.a(lib_a-mprec.o)
                0x10087bee                __lo0bits
 .text.__i2b    0x10087c48       0x12 c:/program files (x86)/cypress/psoc creator/4.2/psoc creator/import/gnu/arm/5.4.1/bin/../lib/gcc/arm-none-eabi/5.4.1/../../../../arm-none-eabi/lib/armv7e-m/softfp\libg_nano.a(lib_a-mprec.o)
                0x10087c48                __i2b
 .text.__multiply
                0x10087c5a      0x122 c:/program files (x86)/cypress/psoc creator/4.2/psoc creator/import/gnu/arm/5.4.1/bin/../lib/gcc/arm-none-eabi/5.4.1/../../../../arm-none-eabi/lib/armv7e-m/softfp\libg_nano.a(lib_a-mprec.o)
                0x10087c5a                __multiply
 .text.__pow5mult
                0x10087d7c       0x9c c:/program files (x86)/cypress/psoc creator/4.2/psoc creator/import/gnu/arm/5.4.1/bin/../lib/gcc/arm-none-eabi/5.4.1/../../../../arm-none-eabi/lib/armv7e-m/softfp\libg_nano.a(lib_a-mprec.o)
                0x10087d7c                __pow5mult
 .text.__lshift
                0x10087e18       0xa2 c:/program files (x86)/cypress/psoc creator/4.2/psoc creator/import/gnu/arm/5.4.1/bin/../lib/gcc/arm-none-eabi/5.4.1/../../../../arm-none-eabi/lib/armv7e-m/softfp\libg_nano.a(lib_a-mprec.o)
                0x10087e18                __lshift
 .text.__mcmp   0x10087eba       0x38 c:/program files (x86)/cypress/psoc creator/4.2/psoc creator/import/gnu/arm/5.4.1/bin/../lib/gcc/arm-none-eabi/5.4.1/../../../../arm-none-eabi/lib/armv7e-m/softfp\libg_nano.a(lib_a-mprec.o)
                0x10087eba                __mcmp
 .text.__mdiff  0x10087ef2       0xbe c:/program files (x86)/cypress/psoc creator/4.2/psoc creator/import/gnu/arm/5.4.1/bin/../lib/gcc/arm-none-eabi/5.4.1/../../../../arm-none-eabi/lib/armv7e-m/softfp\libg_nano.a(lib_a-mprec.o)
                0x10087ef2                __mdiff
 .text.__d2b    0x10087fb0       0x9c c:/program files (x86)/cypress/psoc creator/4.2/psoc creator/import/gnu/arm/5.4.1/bin/../lib/gcc/arm-none-eabi/5.4.1/../../../../arm-none-eabi/lib/armv7e-m/softfp\libg_nano.a(lib_a-mprec.o)
                0x10087fb0                __d2b
 .text._calloc_r
                0x1008804c       0x1c c:/program files (x86)/cypress/psoc creator/4.2/psoc creator/import/gnu/arm/5.4.1/bin/../lib/gcc/arm-none-eabi/5.4.1/../../../../arm-none-eabi/lib/armv7e-m/softfp\libg_nano.a(lib_a-nano-callocr.o)
                0x1008804c                _calloc_r
 .text._free_r  0x10088068       0x9c c:/program files (x86)/cypress/psoc creator/4.2/psoc creator/import/gnu/arm/5.4.1/bin/../lib/gcc/arm-none-eabi/5.4.1/../../../../arm-none-eabi/lib/armv7e-m/softfp\libg_nano.a(lib_a-nano-freer.o)
                0x10088068                _free_r
 .text._malloc_r
                0x10088104       0xbc c:/program files (x86)/cypress/psoc creator/4.2/psoc creator/import/gnu/arm/5.4.1/bin/../lib/gcc/arm-none-eabi/5.4.1/../../../../arm-none-eabi/lib/armv7e-m/softfp\libg_nano.a(lib_a-nano-mallocr.o)
                0x10088104                _malloc_r
 .text.__sfputc_r
                0x100881c0       0x30 c:/program files (x86)/cypress/psoc creator/4.2/psoc creator/import/gnu/arm/5.4.1/bin/../lib/gcc/arm-none-eabi/5.4.1/../../../../arm-none-eabi/lib/armv7e-m/softfp\libg_nano.a(lib_a-nano-vfprintf.o)
 .text.__sfputs_r
                0x100881f0       0x24 c:/program files (x86)/cypress/psoc creator/4.2/psoc creator/import/gnu/arm/5.4.1/bin/../lib/gcc/arm-none-eabi/5.4.1/../../../../arm-none-eabi/lib/armv7e-m/softfp\libg_nano.a(lib_a-nano-vfprintf.o)
                0x100881f0                __sfputs_r
 .text._vfprintf_r
                0x10088214      0x238 c:/program files (x86)/cypress/psoc creator/4.2/psoc creator/import/gnu/arm/5.4.1/bin/../lib/gcc/arm-none-eabi/5.4.1/../../../../arm-none-eabi/lib/armv7e-m/softfp\libg_nano.a(lib_a-nano-vfprintf.o)
                0x10088214                _vfprintf_r
                0x10088214                _vfiprintf_r
 .text._sbrk_r  0x1008844c       0x20 c:/program files (x86)/cypress/psoc creator/4.2/psoc creator/import/gnu/arm/5.4.1/bin/../lib/gcc/arm-none-eabi/5.4.1/../../../../arm-none-eabi/lib/armv7e-m/softfp\libg_nano.a(lib_a-sbrkr.o)
                0x1008844c                _sbrk_r
 .text.__sread  0x1008846c       0x22 c:/program files (x86)/cypress/psoc creator/4.2/psoc creator/import/gnu/arm/5.4.1/bin/../lib/gcc/arm-none-eabi/5.4.1/../../../../arm-none-eabi/lib/armv7e-m/softfp\libg_nano.a(lib_a-stdio.o)
                0x1008846c                __sread
 .text.__swrite
                0x1008848e       0x38 c:/program files (x86)/cypress/psoc creator/4.2/psoc creator/import/gnu/arm/5.4.1/bin/../lib/gcc/arm-none-eabi/5.4.1/../../../../arm-none-eabi/lib/armv7e-m/softfp\libg_nano.a(lib_a-stdio.o)
                0x1008848e                __swrite
 .text.__sseek  0x100884c6       0x24 c:/program files (x86)/cypress/psoc creator/4.2/psoc creator/import/gnu/arm/5.4.1/bin/../lib/gcc/arm-none-eabi/5.4.1/../../../../arm-none-eabi/lib/armv7e-m/softfp\libg_nano.a(lib_a-stdio.o)
                0x100884c6                __sseek
 .text.__sclose
                0x100884ea        0x8 c:/program files (x86)/cypress/psoc creator/4.2/psoc creator/import/gnu/arm/5.4.1/bin/../lib/gcc/arm-none-eabi/5.4.1/../../../../arm-none-eabi/lib/armv7e-m/softfp\libg_nano.a(lib_a-stdio.o)
                0x100884ea                __sclose
 *fill*         0x100884f2        0x2 
 .text._write_r
                0x100884f4       0x24 c:/program files (x86)/cypress/psoc creator/4.2/psoc creator/import/gnu/arm/5.4.1/bin/../lib/gcc/arm-none-eabi/5.4.1/../../../../arm-none-eabi/lib/armv7e-m/softfp\libg_nano.a(lib_a-writer.o)
                0x100884f4                _write_r
 .text._close_r
                0x10088518       0x20 c:/program files (x86)/cypress/psoc creator/4.2/psoc creator/import/gnu/arm/5.4.1/bin/../lib/gcc/arm-none-eabi/5.4.1/../../../../arm-none-eabi/lib/armv7e-m/softfp\libg_nano.a(lib_a-closer.o)
                0x10088518                _close_r
 .text._fstat_r
                0x10088538       0x24 c:/program files (x86)/cypress/psoc creator/4.2/psoc creator/import/gnu/arm/5.4.1/bin/../lib/gcc/arm-none-eabi/5.4.1/../../../../arm-none-eabi/lib/armv7e-m/softfp\libg_nano.a(lib_a-fstatr.o)
                0x10088538                _fstat_r
 .text._isatty_r
                0x1008855c       0x20 c:/program files (x86)/cypress/psoc creator/4.2/psoc creator/import/gnu/arm/5.4.1/bin/../lib/gcc/arm-none-eabi/5.4.1/../../../../arm-none-eabi/lib/armv7e-m/softfp\libg_nano.a(lib_a-isattyr.o)
                0x1008855c                _isatty_r
 .text._lseek_r
                0x1008857c       0x24 c:/program files (x86)/cypress/psoc creator/4.2/psoc creator/import/gnu/arm/5.4.1/bin/../lib/gcc/arm-none-eabi/5.4.1/../../../../arm-none-eabi/lib/armv7e-m/softfp\libg_nano.a(lib_a-lseekr.o)
                0x1008857c                _lseek_r
 .text.__malloc_lock
                0x100885a0        0x2 c:/program files (x86)/cypress/psoc creator/4.2/psoc creator/import/gnu/arm/5.4.1/bin/../lib/gcc/arm-none-eabi/5.4.1/../../../../arm-none-eabi/lib/armv7e-m/softfp\libg_nano.a(lib_a-mlock.o)
                0x100885a0                __malloc_lock
 .text.__malloc_unlock
                0x100885a2        0x2 c:/program files (x86)/cypress/psoc creator/4.2/psoc creator/import/gnu/arm/5.4.1/bin/../lib/gcc/arm-none-eabi/5.4.1/../../../../arm-none-eabi/lib/armv7e-m/softfp\libg_nano.a(lib_a-mlock.o)
                0x100885a2                __malloc_unlock
 .text._read_r  0x100885a4       0x24 c:/program files (x86)/cypress/psoc creator/4.2/psoc creator/import/gnu/arm/5.4.1/bin/../lib/gcc/arm-none-eabi/5.4.1/../../../../arm-none-eabi/lib/armv7e-m/softfp\libg_nano.a(lib_a-readr.o)
                0x100885a4                _read_r
 .text          0x100885c8      0x110 c:/program files (x86)/cypress/psoc creator/4.2/psoc creator/import/gnu/arm/5.4.1/bin/../lib/gcc/arm-none-eabi/5.4.1/armv7e-m/softfp\libgcc.a(_arm_cmpdf2.o)
                0x100885c8                __gtdf2
                0x100885c8                __gedf2
                0x100885d0                __ltdf2
                0x100885d0                __ledf2
                0x100885d8                __nedf2
                0x100885d8                __eqdf2
                0x100885d8                __cmpdf2
                0x10088654                __aeabi_cdrcmple
                0x10088664                __aeabi_cdcmpeq
                0x10088664                __aeabi_cdcmple
                0x10088674                __aeabi_dcmpeq
                0x10088688                __aeabi_dcmplt
                0x1008869c                __aeabi_dcmple
                0x100886b0                __aeabi_dcmpge
                0x100886c4                __aeabi_dcmpgt
 .text          0x100886d8       0x2c c:/program files (x86)/cypress/psoc creator/4.2/psoc creator/import/gnu/arm/5.4.1/bin/../lib/gcc/arm-none-eabi/5.4.1/armv7e-m/softfp\libgcc.a(_arm_unorddf2.o)
                0x100886d8                __unorddf2
                0x100886d8                __aeabi_dcmpun
 .text          0x10088704       0x50 c:/program files (x86)/cypress/psoc creator/4.2/psoc creator/import/gnu/arm/5.4.1/bin/../lib/gcc/arm-none-eabi/5.4.1/armv7e-m/softfp\libgcc.a(_arm_fixdfsi.o)
                0x10088704                __aeabi_d2iz
                0x10088704                __fixdfsi
 .text._close   0x10088754       0x10 c:/program files (x86)/cypress/psoc creator/4.2/psoc creator/import/gnu/arm/5.4.1/bin/../lib/gcc/arm-none-eabi/5.4.1/../../../../arm-none-eabi/lib/armv7e-m/softfp\libnosys.a(close.o)
                0x10088754                _close
 .text._fstat   0x10088764       0x10 c:/program files (x86)/cypress/psoc creator/4.2/psoc creator/import/gnu/arm/5.4.1/bin/../lib/gcc/arm-none-eabi/5.4.1/../../../../arm-none-eabi/lib/armv7e-m/softfp\libnosys.a(fstat.o)
                0x10088764                _fstat
 .text._isatty  0x10088774       0x10 c:/program files (x86)/cypress/psoc creator/4.2/psoc creator/import/gnu/arm/5.4.1/bin/../lib/gcc/arm-none-eabi/5.4.1/../../../../arm-none-eabi/lib/armv7e-m/softfp\libnosys.a(isatty.o)
                0x10088774                _isatty
 .text._lseek   0x10088784       0x10 c:/program files (x86)/cypress/psoc creator/4.2/psoc creator/import/gnu/arm/5.4.1/bin/../lib/gcc/arm-none-eabi/5.4.1/../../../../arm-none-eabi/lib/armv7e-m/softfp\libnosys.a(lseek.o)
                0x10088784                _lseek
 .text._sbrk    0x10088794       0x1c c:/program files (x86)/cypress/psoc creator/4.2/psoc creator/import/gnu/arm/5.4.1/bin/../lib/gcc/arm-none-eabi/5.4.1/../../../../arm-none-eabi/lib/armv7e-m/softfp\libnosys.a(sbrk.o)
                0x10088794                _sbrk
 *(.init)
 .init          0x100887b0        0x4 c:/program files (x86)/cypress/psoc creator/4.2/psoc creator/import/gnu/arm/5.4.1/bin/../lib/gcc/arm-none-eabi/5.4.1/armv7e-m/softfp/crti.o
                0x100887b0                _init
 .init          0x100887b4        0x8 c:/program files (x86)/cypress/psoc creator/4.2/psoc creator/import/gnu/arm/5.4.1/bin/../lib/gcc/arm-none-eabi/5.4.1/armv7e-m/softfp/crtn.o
 *(.fini)
 .fini          0x100887bc        0x4 c:/program files (x86)/cypress/psoc creator/4.2/psoc creator/import/gnu/arm/5.4.1/bin/../lib/gcc/arm-none-eabi/5.4.1/armv7e-m/softfp/crti.o
                0x100887bc                _fini
 .fini          0x100887c0        0x8 c:/program files (x86)/cypress/psoc creator/4.2/psoc creator/import/gnu/arm/5.4.1/bin/../lib/gcc/arm-none-eabi/5.4.1/armv7e-m/softfp/crtn.o
 *crtbegin.o(.ctors)
 *crtbegin?.o(.ctors)
 *(EXCLUDE_FILE(*crtend.o *crtend?.o) .ctors)
 *(SORT(.ctors.*))
 *(.ctors)
 *crtbegin.o(.dtors)
 *crtbegin?.o(.dtors)
 *(EXCLUDE_FILE(*crtend.o *crtend?.o) .dtors)
 *(SORT(.dtors.*))
 *(.dtors)
 *(.rodata .rodata.* .constdata .constdata.* .conststring .conststring.*)
 .rodata.str1.4
                0x100887c8      0x650 .\CortexM4\ARM_GCC_541\Debug\main_cm4.o
                                0x654 (size before relaxing)
 .rodata        0x10088e18       0x34 .\CortexM4\ARM_GCC_541\Debug\system_psoc6_cm4.o
 .rodata        0x10088e4c       0x10 .\CortexM4\ARM_GCC_541\Debug\cyfitter_sysint_cfg.o
                0x10088e4c                I2C_SCB_IRQ_cfg
                0x10088e54                UART_1_SCB_IRQ_cfg
 .rodata.str1.4
                0x10088e5c       0x3f .\CortexM4\ARM_GCC_541\Debug\cy_flash.o
 *fill*         0x10088e9b        0x1 
 .rodata.str1.4
                0x10088e9c       0x7d .\CortexM4\ARM_GCC_541\Debug\cy_gpio.o
 *fill*         0x10088f19        0x3 
 .rodata.str1.4
                0x10088f1c       0x7f .\CortexM4\ARM_GCC_541\Debug\cy_ipc_drv.o
 .rodata.str1.4
                0x10088f9b       0x3f .\CortexM4\ARM_GCC_541\Debug\cy_ipc_sema.o
 *fill*         0x10088f9b        0x1 
 .rodata.str1.4
                0x10088f9c       0x40 .\CortexM4\ARM_GCC_541\Debug\cy_ipc_pipe.o
                                 0x7f (size before relaxing)
 .rodata.str1.4
                0x10088fdc       0xc4 .\CortexM4\ARM_GCC_541\Debug\cy_scb_uart.o
 .rodata.str1.4
                0x100890a0       0x41 .\CortexM4\ARM_GCC_541\Debug\cy_sysint.o
 *fill*         0x100890e1        0x3 
 .rodata        0x100890e4      0x170 .\CortexM4\ARM_GCC_541\Debug\cy_device.o
                0x100890e4                cy_deviceIpBlockCfgPSoC6_02
                0x1008919c                cy_deviceIpBlockCfgPSoC6_01
 .rodata        0x10089254       0x10 .\CortexM4\ARM_GCC_541\Debug\cy_ble.o
 .rodata        0x10089264      0x100 .\CortexM4\ARM_GCC_541\Debug\cy_ble_hal_pvt.o
 .rodata        0x10089364        0xa .\CortexM4\ARM_GCC_541\Debug\cy_ble_event_handler.o
 *fill*         0x1008936e        0x2 
 .rodata.str1.4
                0x10089370       0x37 .\CortexM4\ARM_GCC_541\Debug\cy_ble_event_handler.o
 *fill*         0x100893a7        0x1 
 .rodata.str1.4
                0x100893a8        0x5 .\CortexM4\ARM_GCC_541\Debug\tasks.o
 *fill*         0x100893ad        0x3 
 .rodata.str1.4
                0x100893b0       0x10 .\CortexM4\ARM_GCC_541\Debug\timers.o
 .rodata.str1.4
                0x100893c0       0x50 .\CortexM4\ARM_GCC_541\Debug\port.o
 .rodata        0x10089410       0x40 .\CortexM4\ARM_GCC_541\Debug\UART_1.o
                0x10089410                UART_1_config
 .rodata        0x10089450      0x25e .\CortexM4\ARM_GCC_541\Debug\BLE_config.o
 *fill*         0x100896ae        0x2 
 .rodata        0x100896b0       0x16 .\CortexM4\ARM_GCC_541\Debug\BLE_custom_config.o
 *fill*         0x100896c6        0x2 
 .rodata        0x100896c8       0x64 .\CortexM4\ARM_GCC_541\Debug\PWM_BLINK.o
                0x100896c8                PWM_BLINK_config
 .rodata        0x1008972c       0x64 .\CortexM4\ARM_GCC_541\Debug\PWM_DIM.o
                0x1008972c                PWM_DIM_config
 .constdata     0x10089790       0x18 Generated_Source\PSoC6\pdl\middleware\ble\lib\cy_ble_stack_gcc_host_ipc_cm4.a(BT_os.o)
                0x10089790                cyBleStackMemoryConfig
 .constdata     0x100897a8       0x58 Generated_Source\PSoC6\pdl\middleware\ble\lib\cy_ble_stack_gcc_host_ipc_cm4.a(l2cap_init.o)
                0x100897a8                l2cap_le_sig_handler
 .constdata     0x10089800       0x3c Generated_Source\PSoC6\pdl\middleware\ble\lib\cy_ble_stack_gcc_host_ipc_cm4.a(fsm_engine_pl.o)
                0x10089800                fsm_module_table
 .constdata     0x1008983c      0x110 Generated_Source\PSoC6\pdl\middleware\ble\lib\cy_ble_stack_gcc_host_ipc_cm4.a(gap_hci_iface.o)
                0x1008983c                hciCommandCompleteEventHandlers
 .constdata     0x1008994c       0x20 Generated_Source\PSoC6\pdl\middleware\ble\lib\cy_ble_stack_gcc_host_ipc_cm4.a(gap_privacy.o)
 .constdata     0x1008996c       0x32 Generated_Source\PSoC6\pdl\middleware\ble\lib\cy_ble_stack_gcc_host_ipc_cm4.a(smp_core.o)
                0x1008996c                smp_iocap_assoc_map
                0x10089985                smp_sc_iocap_assoc_map
 *fill*         0x1008999e        0x2 
 .constdata     0x100899a0        0xc Generated_Source\PSoC6\pdl\middleware\ble\lib\cy_ble_stack_gcc_host_ipc_cm4.a(smp_interface.o)
                0x100899a0                smp_event_fp
 .constdata     0x100899ac       0x22 Generated_Source\PSoC6\pdl\middleware\ble\lib\cy_ble_stack_gcc_host_ipc_cm4.a(smp_utils.o)
                0x100899ac                smp_event_map
 *fill*         0x100899ce        0x2 
 .constdata     0x100899d0       0xb4 Generated_Source\PSoC6\pdl\middleware\ble\lib\cy_ble_stack_gcc_host_ipc_cm4.a(smp_fsm_table.o)
                0x100899d0                smp_state_event_table
 .constdata     0x10089a84      0x110 Generated_Source\PSoC6\pdl\middleware\ble\lib\cy_ble_stack_gcc_host_ipc_cm4.a(smp_fsm_table.o)
                0x10089a84                smp_event_handler_table
 .constdata     0x10089b94       0x20 Generated_Source\PSoC6\pdl\middleware\ble\lib\cy_ble_stack_gcc_host_ipc_cm4.a(aes_cmac.o)
                0x10089b94                cmac_zero_data
                0x10089ba4                cmac_rb_data
 .constdata     0x10089bb4       0x60 Generated_Source\PSoC6\pdl\middleware\ble\lib\cy_ble_stack_gcc_host_ipc_cm4.a(att_fsm_table.o)
                0x10089bb4                att_state_event_table
 .constdata     0x10089c14       0x58 Generated_Source\PSoC6\pdl\middleware\ble\lib\cy_ble_stack_gcc_host_ipc_cm4.a(att_fsm_table.o)
                0x10089c14                att_event_handler_table
 .rodata.str1.1
                0x10089c6c        0x2 c:/program files (x86)/cypress/psoc creator/4.2/psoc creator/import/gnu/arm/5.4.1/bin/../lib/gcc/arm-none-eabi/5.4.1/../../../../arm-none-eabi/lib/armv7e-m/softfp\libg_nano.a(lib_a-impure.o)
 *fill*         0x10089c6e        0x2 
 .rodata._global_impure_ptr
                0x10089c70        0x4 c:/program files (x86)/cypress/psoc creator/4.2/psoc creator/import/gnu/arm/5.4.1/bin/../lib/gcc/arm-none-eabi/5.4.1/../../../../arm-none-eabi/lib/armv7e-m/softfp\libg_nano.a(lib_a-impure.o)
                0x10089c70                _global_impure_ptr
 .rodata.str1.1
                0x10089c74       0x12 c:/program files (x86)/cypress/psoc creator/4.2/psoc creator/import/gnu/arm/5.4.1/bin/../lib/gcc/arm-none-eabi/5.4.1/../../../../arm-none-eabi/lib/armv7e-m/softfp\libg_nano.a(lib_a-nano-vfprintf_float.o)
 .rodata.str1.1
                0x10089c86       0x22 c:/program files (x86)/cypress/psoc creator/4.2/psoc creator/import/gnu/arm/5.4.1/bin/../lib/gcc/arm-none-eabi/5.4.1/../../../../arm-none-eabi/lib/armv7e-m/softfp\libg_nano.a(lib_a-nano-vfprintf_i.o)
 .rodata.str1.1
                0x10089ca8        0xd c:/program files (x86)/cypress/psoc creator/4.2/psoc creator/import/gnu/arm/5.4.1/bin/../lib/gcc/arm-none-eabi/5.4.1/../../../../arm-none-eabi/lib/armv7e-m/softfp\libg_nano.a(lib_a-dtoa.o)
                                  0xf (size before relaxing)
 *fill*         0x10089cb5        0x3 
 .rodata.__sf_fake_stdin
                0x10089cb8       0x20 c:/program files (x86)/cypress/psoc creator/4.2/psoc creator/import/gnu/arm/5.4.1/bin/../lib/gcc/arm-none-eabi/5.4.1/../../../../arm-none-eabi/lib/armv7e-m/softfp\libg_nano.a(lib_a-findfp.o)
                0x10089cb8                __sf_fake_stdin
 .rodata.__sf_fake_stdout
                0x10089cd8       0x20 c:/program files (x86)/cypress/psoc creator/4.2/psoc creator/import/gnu/arm/5.4.1/bin/../lib/gcc/arm-none-eabi/5.4.1/../../../../arm-none-eabi/lib/armv7e-m/softfp\libg_nano.a(lib_a-findfp.o)
                0x10089cd8                __sf_fake_stdout
 .rodata.__sf_fake_stderr
                0x10089cf8       0x20 c:/program files (x86)/cypress/psoc creator/4.2/psoc creator/import/gnu/arm/5.4.1/bin/../lib/gcc/arm-none-eabi/5.4.1/../../../../arm-none-eabi/lib/armv7e-m/softfp\libg_nano.a(lib_a-findfp.o)
                0x10089cf8                __sf_fake_stderr
 .rodata.str1.1
                0x10089d18        0x8 c:/program files (x86)/cypress/psoc creator/4.2/psoc creator/import/gnu/arm/5.4.1/bin/../lib/gcc/arm-none-eabi/5.4.1/../../../../arm-none-eabi/lib/armv7e-m/softfp\libg_nano.a(lib_a-locale.o)
                                  0xb (size before relaxing)
 .rodata.p05.5410
                0x10089d20        0xc c:/program files (x86)/cypress/psoc creator/4.2/psoc creator/import/gnu/arm/5.4.1/bin/../lib/gcc/arm-none-eabi/5.4.1/../../../../arm-none-eabi/lib/armv7e-m/softfp\libg_nano.a(lib_a-mprec.o)
 *fill*         0x10089d2c        0x4 
 .rodata.__mprec_bigtens
                0x10089d30       0x28 c:/program files (x86)/cypress/psoc creator/4.2/psoc creator/import/gnu/arm/5.4.1/bin/../lib/gcc/arm-none-eabi/5.4.1/../../../../arm-none-eabi/lib/armv7e-m/softfp\libg_nano.a(lib_a-mprec.o)
                0x10089d30                __mprec_bigtens
 .rodata.__mprec_tens
                0x10089d58       0xc8 c:/program files (x86)/cypress/psoc creator/4.2/psoc creator/import/gnu/arm/5.4.1/bin/../lib/gcc/arm-none-eabi/5.4.1/../../../../arm-none-eabi/lib/armv7e-m/softfp\libg_nano.a(lib_a-mprec.o)
                0x10089d58                __mprec_tens
 .rodata.str1.1
                0x10089e20       0x11 c:/program files (x86)/cypress/psoc creator/4.2/psoc creator/import/gnu/arm/5.4.1/bin/../lib/gcc/arm-none-eabi/5.4.1/../../../../arm-none-eabi/lib/armv7e-m/softfp\libg_nano.a(lib_a-nano-vfprintf.o)
 *(.eh_frame*)
 *fill*         0x10089e31        0x3 
 .eh_frame      0x10089e34        0x0 c:/program files (x86)/cypress/psoc creator/4.2/psoc creator/import/gnu/arm/5.4.1/bin/../lib/gcc/arm-none-eabi/5.4.1/armv7e-m/softfp/crtbegin.o
 .eh_frame      0x10089e34        0x4 c:/program files (x86)/cypress/psoc creator/4.2/psoc creator/import/gnu/arm/5.4.1/bin/../lib/gcc/arm-none-eabi/5.4.1/armv7e-m/softfp/crtend.o

.glue_7         0x10089e38        0x0
 .glue_7        0x10089e38        0x0 linker stubs

.glue_7t        0x10089e38        0x0
 .glue_7t       0x10089e38        0x0 linker stubs

.vfp11_veneer   0x10089e38        0x0
 .vfp11_veneer  0x10089e38        0x0 linker stubs

.v4_bx          0x10089e38        0x0
 .v4_bx         0x10089e38        0x0 linker stubs

.iplt           0x10089e38        0x0
 .iplt          0x10089e38        0x0 c:/program files (x86)/cypress/psoc creator/4.2/psoc creator/import/gnu/arm/5.4.1/bin/../lib/gcc/arm-none-eabi/5.4.1/armv7e-m/softfp/crtbegin.o

i.CyBleStackMgr_Init
                0x10089e38       0xdc
 i.CyBleStackMgr_Init
                0x10089e38       0xdc Generated_Source\PSoC6\pdl\middleware\ble\lib\cy_ble_stack_gcc_host_ipc_cm4.a(CyBleStackMgrIP_Interface.o)
                0x10089e38                CyBleStackMgr_Init

i.CyBleStackMgr_ProcessBleEvents
                0x10089f14       0x14
 i.CyBleStackMgr_ProcessBleEvents
                0x10089f14       0x14 Generated_Source\PSoC6\pdl\middleware\ble\lib\cy_ble_stack_gcc_host_ipc_cm4.a(CyBleStackMgrIP_Interface.o)
                0x10089f14                CyBleStackMgr_ProcessBleEvents

i.CyBleStackMgr_Shutdown
                0x10089f28       0x20
 i.CyBleStackMgr_Shutdown
                0x10089f28       0x20 Generated_Source\PSoC6\pdl\middleware\ble\lib\cy_ble_stack_gcc_host_ipc_cm4.a(CyBleStackMgrIP_Interface.o)
                0x10089f28                CyBleStackMgr_Shutdown

i.CyBle_GetHeapMemory
                0x10089f48       0x3c
 i.CyBle_GetHeapMemory
                0x10089f48       0x3c Generated_Source\PSoC6\pdl\middleware\ble\lib\cy_ble_stack_gcc_host_ipc_cm4.a(CyBleStackMgrIP_Interface.o)
                0x10089f48                CyBle_GetHeapMemory

i.CyBle_GetNumAppBufferPools
                0x10089f84        0xc
 i.CyBle_GetNumAppBufferPools
                0x10089f84        0xc Generated_Source\PSoC6\pdl\middleware\ble\lib\cy_ble_stack_gcc_host_ipc_cm4.a(CyBleStackMgrIP_Interface.o)
                0x10089f84                CyBle_GetNumAppBufferPools

i.CyBle_HostStackBufferPoolInit
                0x10089f90       0xc4
 i.CyBle_HostStackBufferPoolInit
                0x10089f90       0xc4 Generated_Source\PSoC6\pdl\middleware\ble\lib\cy_ble_stack_gcc_host_ipc_cm4.a(CyBleStackMgrIP_Interface.o)

i.CyBle_SortBufers
                0x1008a054       0x40
 i.CyBle_SortBufers
                0x1008a054       0x40 Generated_Source\PSoC6\pdl\middleware\ble\lib\cy_ble_stack_gcc_host_ipc_cm4.a(CyBleStackMgrIP_Interface.o)
                0x1008a054                CyBle_SortBufers

i.CyBle_StackGetConfigPtr
                0x1008a094        0x8
 i.CyBle_StackGetConfigPtr
                0x1008a094        0x8 Generated_Source\PSoC6\pdl\middleware\ble\lib\cy_ble_stack_gcc_host_ipc_cm4.a(CyBleStackMgrIP_Interface.o)
                0x1008a094                CyBle_StackGetConfigPtr

i.Cy_BLE_EnablePrivacyFeature
                0x1008a09c        0x4
 i.Cy_BLE_EnablePrivacyFeature
                0x1008a09c        0x4 Generated_Source\PSoC6\pdl\middleware\ble\lib\cy_ble_stack_gcc_host_ipc_cm4.a(CyBleStackMgrIP_Interface.o)
                0x1008a09c                Cy_BLE_EnablePrivacyFeature

i.Cy_BLE_ProcessEvents
                0x1008a0a0        0x4
 i.Cy_BLE_ProcessEvents
                0x1008a0a0        0x4 Generated_Source\PSoC6\pdl\middleware\ble\lib\cy_ble_stack_gcc_host_ipc_cm4.a(CyBleStackMgrIP_Interface.o)
                0x1008a0a0                Cy_BLE_ProcessEvents

i.Cy_BLE_StackEnterLPM
                0x1008a0a4       0x16
 i.Cy_BLE_StackEnterLPM
                0x1008a0a4       0x16 Generated_Source\PSoC6\pdl\middleware\ble\lib\cy_ble_stack_gcc_host_ipc_cm4.a(CyBleStackMgrIP_Interface.o)
                0x1008a0a4                Cy_BLE_StackEnterLPM

i.Cy_BLE_StackGetBleSsState
                0x1008a0ba        0x4
 i.Cy_BLE_StackGetBleSsState
                0x1008a0ba        0x4 Generated_Source\PSoC6\pdl\middleware\ble\lib\cy_ble_stack_gcc_host_ipc_cm4.a(CyBleStackMgrIP_Interface.o)
                0x1008a0ba                Cy_BLE_StackGetBleSsState

i.Cy_BLE_StackGetFeatureConfig
                0x1008a0c0       0x20
 i.Cy_BLE_StackGetFeatureConfig
                0x1008a0c0       0x20 Generated_Source\PSoC6\pdl\middleware\ble\lib\cy_ble_stack_gcc_host_ipc_cm4.a(CyBleStackMgrIP_Interface.o)
                0x1008a0c0                Cy_BLE_StackGetFeatureConfig

i.Cy_BLE_StackInit
                0x1008a0e0       0x70
 i.Cy_BLE_StackInit
                0x1008a0e0       0x70 Generated_Source\PSoC6\pdl\middleware\ble\lib\cy_ble_stack_gcc_host_ipc_cm4.a(CyBleStackMgrIP_Interface.o)
                0x1008a0e0                Cy_BLE_StackInit

i.Cy_BLE_StackSetFeatureConfig
                0x1008a150       0x54
 i.Cy_BLE_StackSetFeatureConfig
                0x1008a150       0x54 Generated_Source\PSoC6\pdl\middleware\ble\lib\cy_ble_stack_gcc_host_ipc_cm4.a(CyBleStackMgrIP_Interface.o)
                0x1008a150                Cy_BLE_StackSetFeatureConfig

i.ble_stack_idle_task_callback
                0x1008a1a4        0x2
 i.ble_stack_idle_task_callback
                0x1008a1a4        0x2 Generated_Source\PSoC6\pdl\middleware\ble\lib\cy_ble_stack_gcc_host_ipc_cm4.a(CyBleStackMgrIP_Interface.o)
                0x1008a1a4                ble_stack_idle_task_callback

i.BT_OSFreeBuf  0x1008a1a8       0x20
 i.BT_OSFreeBuf
                0x1008a1a8       0x20 Generated_Source\PSoC6\pdl\middleware\ble\lib\cy_ble_stack_gcc_host_ipc_cm4.a(BT_os.o)
                0x1008a1a8                BT_OSFreeBuf

i.BT_OSGetBuF   0x1008a1c8       0x30
 i.BT_OSGetBuF  0x1008a1c8       0x30 Generated_Source\PSoC6\pdl\middleware\ble\lib\cy_ble_stack_gcc_host_ipc_cm4.a(BT_os.o)
                0x1008a1c8                BT_OSGetBuF

i.BT_OSMemCreate
                0x1008a1f8       0x3c
 i.BT_OSMemCreate
                0x1008a1f8       0x3c Generated_Source\PSoC6\pdl\middleware\ble\lib\cy_ble_stack_gcc_host_ipc_cm4.a(BT_os.o)
                0x1008a1f8                BT_OSMemCreate

i.BT_alloc_mem_ext
                0x1008a234       0x40
 i.BT_alloc_mem_ext
                0x1008a234       0x40 Generated_Source\PSoC6\pdl\middleware\ble\lib\cy_ble_stack_gcc_host_ipc_cm4.a(BT_os.o)
                0x1008a234                BT_alloc_mem_ext

i.BT_free_mem   0x1008a274        0xa
 i.BT_free_mem  0x1008a274        0xa Generated_Source\PSoC6\pdl\middleware\ble\lib\cy_ble_stack_gcc_host_ipc_cm4.a(BT_os.o)
                0x1008a274                BT_free_mem

i.bt_stack_create_buffer_pool
                0x1008a280       0x2c
 i.bt_stack_create_buffer_pool
                0x1008a280       0x2c Generated_Source\PSoC6\pdl\middleware\ble\lib\cy_ble_stack_gcc_host_ipc_cm4.a(BT_os.o)
                0x1008a280                bt_stack_create_buffer_pool

i.CyBle_CreateBleStackTask
                0x1008a2ac       0x30
 i.CyBle_CreateBleStackTask
                0x1008a2ac       0x30 Generated_Source\PSoC6\pdl\middleware\ble\lib\cy_ble_stack_gcc_host_ipc_cm4.a(CyBleStackMgr_StackTaskHandler.o)
                0x1008a2ac                CyBle_CreateBleStackTask

i.CyBle_SignalBleStackTask
                0x1008a2dc       0x38
 i.CyBle_SignalBleStackTask
                0x1008a2dc       0x38 Generated_Source\PSoC6\pdl\middleware\ble\lib\cy_ble_stack_gcc_host_ipc_cm4.a(CyBleStackMgr_StackTaskHandler.o)
                0x1008a2dc                CyBle_SignalBleStackTask

i.CyBle_StackTaskHandler
                0x1008a314       0x74
 i.CyBle_StackTaskHandler
                0x1008a314       0x74 Generated_Source\PSoC6\pdl\middleware\ble\lib\cy_ble_stack_gcc_host_ipc_cm4.a(CyBleStackMgr_StackTaskHandler.o)
                0x1008a314                CyBle_StackTaskHandler

i.IsStackTaskFree
                0x1008a388        0xc
 i.IsStackTaskFree
                0x1008a388        0xc Generated_Source\PSoC6\pdl\middleware\ble\lib\cy_ble_stack_gcc_host_ipc_cm4.a(CyBleStackMgr_StackTaskHandler.o)
                0x1008a388                IsStackTaskFree

i.storage_bt_init_pl
                0x1008a394       0x8c
 i.storage_bt_init_pl
                0x1008a394       0x8c Generated_Source\PSoC6\pdl\middleware\ble\lib\cy_ble_stack_gcc_host_ipc_cm4.a(storage_pl.o)
                0x1008a394                storage_bt_init_pl

i.storage_bt_reset_offset
                0x1008a420       0x3c
 i.storage_bt_reset_offset
                0x1008a420       0x3c Generated_Source\PSoC6\pdl\middleware\ble\lib\cy_ble_stack_gcc_host_ipc_cm4.a(storage_pl.o)
                0x1008a420                storage_bt_reset_offset

i.storage_manager_init
                0x1008a45c       0x54
 i.storage_manager_init
                0x1008a45c       0x54 Generated_Source\PSoC6\pdl\middleware\ble\lib\cy_ble_stack_gcc_host_ipc_cm4.a(storage_pl.o)
                0x1008a45c                storage_manager_init

i.storage_manager_register_module
                0x1008a4b0       0x68
 i.storage_manager_register_module
                0x1008a4b0       0x68 Generated_Source\PSoC6\pdl\middleware\ble\lib\cy_ble_stack_gcc_host_ipc_cm4.a(storage_pl.o)
                0x1008a4b0                storage_manager_register_module

i.storage_validate_init_params
                0x1008a518       0x98
 i.storage_validate_init_params