Archive member included to satisfy reference by file (symbol)

Generated_Source\PSoC6\pdl\middleware\ble\lib\cy_ble_stack_gcc_controller_ipc_cm0p.a(CyBleStackMgrIP_Interface.o)
                              .\CortexM0p\ARM_GCC_541\Debug\cy_ble.o (Cy_BLE_EnablePrivacyFeature)
Generated_Source\PSoC6\pdl\middleware\ble\lib\cy_ble_stack_gcc_controller_ipc_cm0p.a(CyBleStackMgr_PSoCHal.o)
                              Generated_Source\PSoC6\pdl\middleware\ble\lib\cy_ble_stack_gcc_controller_ipc_cm0p.a(CyBleStackMgrIP_Interface.o) (bt_config)
Generated_Source\PSoC6\pdl\middleware\ble\lib\cy_ble_stack_gcc_controller_ipc_cm0p.a(CyBleStackMgr_BleSSDriver.o)
                              Generated_Source\PSoC6\pdl\middleware\ble\lib\cy_ble_stack_gcc_controller_ipc_cm0p.a(CyBleStackMgrIP_Interface.o) (CyBleStackMgr_BleSSInit)
Generated_Source\PSoC6\pdl\middleware\ble\lib\cy_ble_stack_gcc_controller_ipc_cm0p.a(CyBleStackMgr_StackTaskHandler.o)
                              Generated_Source\PSoC6\pdl\middleware\ble\lib\cy_ble_stack_gcc_controller_ipc_cm0p.a(CyBleStackMgrIP_Interface.o) (CyBle_CreateBleStackTask)
Generated_Source\PSoC6\pdl\middleware\ble\lib\cy_ble_stack_gcc_controller_ipc_cm0p.a(config_bin.o)
                              Generated_Source\PSoC6\pdl\middleware\ble\lib\cy_ble_stack_gcc_controller_ipc_cm0p.a(CyBleStackMgr_PSoCHal.o) (bt_cfg_pdata)
Generated_Source\PSoC6\pdl\middleware\ble\lib\cy_ble_stack_gcc_controller_ipc_cm0p.a(BT_timer.o)
                              Generated_Source\PSoC6\pdl\middleware\ble\lib\cy_ble_stack_gcc_controller_ipc_cm0p.a(CyBleStackMgr_StackTaskHandler.o) (BT_timer_process_signals)
Generated_Source\PSoC6\pdl\middleware\ble\lib\cy_ble_stack_gcc_controller_ipc_cm0p.a(bt_os_common.o)
                              Generated_Source\PSoC6\pdl\middleware\ble\lib\cy_ble_stack_gcc_controller_ipc_cm0p.a(CyBleStackMgr_StackTaskHandler.o) (BT_ISROSQPost)
Generated_Source\PSoC6\pdl\middleware\ble\lib\cy_ble_stack_gcc_controller_ipc_cm0p.a(CyBleStackMgrIP_Pilo.o)
                              Generated_Source\PSoC6\pdl\middleware\ble\lib\cy_ble_stack_gcc_controller_ipc_cm0p.a(CyBleStackMgrIP_Interface.o) (CyPilo_InitCalibration)
Generated_Source\PSoC6\pdl\middleware\ble\lib\cy_ble_stack_gcc_controller_ipc_cm0p.a(mint_os.o)
                              Generated_Source\PSoC6\pdl\middleware\ble\lib\cy_ble_stack_gcc_controller_ipc_cm0p.a(CyBleStackMgrIP_Interface.o) (OS_init)
Generated_Source\PSoC6\pdl\middleware\ble\lib\cy_ble_stack_gcc_controller_ipc_cm0p.a(mint_os_queue.o)
                              Generated_Source\PSoC6\pdl\middleware\ble\lib\cy_ble_stack_gcc_controller_ipc_cm0p.a(mint_os.o) (OS_TOTAL_QUEUES)
Generated_Source\PSoC6\pdl\middleware\ble\lib\cy_ble_stack_gcc_controller_ipc_cm0p.a(mint_os_task.o)
                              Generated_Source\PSoC6\pdl\middleware\ble\lib\cy_ble_stack_gcc_controller_ipc_cm0p.a(mint_os.o) (idle_func_handler)
Generated_Source\PSoC6\pdl\middleware\ble\lib\cy_ble_stack_gcc_controller_ipc_cm0p.a(mint_buf_mgmt.o)
                              Generated_Source\PSoC6\pdl\middleware\ble\lib\cy_ble_stack_gcc_controller_ipc_cm0p.a(CyBleStackMgrIP_Interface.o) (mint_buf_mgmt_init)
Generated_Source\PSoC6\pdl\middleware\ble\lib\cy_ble_stack_gcc_controller_ipc_cm0p.a(transport_ipc.o)
                              Generated_Source\PSoC6\pdl\middleware\ble\lib\cy_ble_stack_gcc_controller_ipc_cm0p.a(CyBleStackMgr_PSoCHal.o) (CyBleController_HciIpcInit)
Generated_Source\PSoC6\pdl\middleware\ble\lib\cy_ble_stack_gcc_controller_ipc_cm0p.a(CyBleStackMgr_PSoCIPCHal.o)
                              Generated_Source\PSoC6\pdl\middleware\ble\lib\cy_ble_stack_gcc_controller_ipc_cm0p.a(CyBleStackMgrIP_Interface.o) (CyBleController_IPC_HAL_InitWithStaticMem)
Generated_Source\PSoC6\pdl\middleware\ble\lib\cy_ble_stack_gcc_controller_ipc_cm0p.a(CyBleControllerIP_Interface.o)
                              Generated_Source\PSoC6\pdl\middleware\ble\lib\cy_ble_stack_gcc_controller_ipc_cm0p.a(CyBleStackMgrIP_Interface.o) (CyBle_ControllerEnableDleFeature)
Generated_Source\PSoC6\pdl\middleware\ble\lib\cy_ble_stack_gcc_controller_ipc_cm0p.a(ll.o)
                              Generated_Source\PSoC6\pdl\middleware\ble\lib\cy_ble_stack_gcc_controller_ipc_cm0p.a(CyBleControllerIP_Interface.o) (ll_self_device_data)
Generated_Source\PSoC6\pdl\middleware\ble\lib\cy_ble_stack_gcc_controller_ipc_cm0p.a(ll_advertiser.o)
                              Generated_Source\PSoC6\pdl\middleware\ble\lib\cy_ble_stack_gcc_controller_ipc_cm0p.a(ll.o) (ll_adv_is_configured_connection_adv)
Generated_Source\PSoC6\pdl\middleware\ble\lib\cy_ble_stack_gcc_controller_ipc_cm0p.a(ll_connection.o)
                              Generated_Source\PSoC6\pdl\middleware\ble\lib\cy_ble_stack_gcc_controller_ipc_cm0p.a(ll.o) (bleSlDsmFix)
Generated_Source\PSoC6\pdl\middleware\ble\lib\cy_ble_stack_gcc_controller_ipc_cm0p.a(llh_api.o)
[...]
Memory Configuration

Name             Origin             Length             Attributes
ram              0x08000000         0x00024000         xrw
flash            0x10000000         0x00080000         xr
em_eeprom        0x14000000         0x00008000         xr
sflash_user_data 0x16000800         0x00000800         xr
sflash_nar       0x16001a00         0x00000200         xr
sflash_public_key 0x16005a00         0x00000c00         xr
sflash_toc_2     0x16007c00         0x00000200         xr
sflash_rtoc_2    0x16007e00         0x00000200         xr
xip              0x18000000         0x08000000         xr
efuse            0x90700000         0x00100000         r
*default*        0x00000000         0xffffffff

Linker script and memory map

LOAD c:/program files (x86)/cypress/psoc creator/4.2/psoc creator/import/gnu/arm/5.4.1/bin/../lib/gcc/arm-none-eabi/5.4.1/armv6-m/crti.o
LOAD c:/program files (x86)/cypress/psoc creator/4.2/psoc creator/import/gnu/arm/5.4.1/bin/../lib/gcc/arm-none-eabi/5.4.1/armv6-m/crtbegin.o
LOAD c:/program files (x86)/cypress/psoc creator/4.2/psoc creator/import/gnu/arm/5.4.1/bin/../lib/gcc/arm-none-eabi/5.4.1/../../../../arm-none-eabi/lib/armv6-m/crt0.o
START GROUP
LOAD Generated_Source\PSoC6\pdl\middleware\ble\lib\cy_ble_stack_gcc_radio_max_cm0p.a
LOAD Generated_Source\PSoC6\pdl\middleware\ble\lib\cy_ble_stack_gcc_controller_ipc_cm0p.a
LOAD .\CortexM0p\ARM_GCC_541\Debug\startup_psoc6_01_cm0plus.o
LOAD .\CortexM0p\ARM_GCC_541\Debug\main_cm0p.o
LOAD .\CortexM0p\ARM_GCC_541\Debug\system_psoc6_cm0plus.o
LOAD .\CortexM0p\ARM_GCC_541\Debug\stdio_user.o
LOAD .\CortexM0p\ARM_GCC_541\Debug\cyfitter_sysint_cfg.o
LOAD .\CortexM0p\ARM_GCC_541\Debug\cyfitter_cfg.o
LOAD .\CortexM0p\ARM_GCC_541\Debug\cymetadata.o
LOAD .\CortexM0p\ARM_GCC_541\Debug\cy_efuse.o
LOAD .\CortexM0p\ARM_GCC_541\Debug\cy_flash.o
LOAD .\CortexM0p\ARM_GCC_541\Debug\cy_gpio.o
LOAD .\CortexM0p\ARM_GCC_541\Debug\cy_ipc_drv.o
LOAD .\CortexM0p\ARM_GCC_541\Debug\cy_ipc_sema.o
LOAD .\CortexM0p\ARM_GCC_541\Debug\cy_ipc_pipe.o
LOAD .\CortexM0p\ARM_GCC_541\Debug\cy_lvd.o
LOAD .\CortexM0p\ARM_GCC_541\Debug\cy_profile.o
LOAD .\CortexM0p\ARM_GCC_541\Debug\cy_prot.o
LOAD .\CortexM0p\ARM_GCC_541\Debug\cy_scb_common.o
LOAD .\CortexM0p\ARM_GCC_541\Debug\cy_scb_i2c.o
LOAD .\CortexM0p\ARM_GCC_541\Debug\cy_scb_ezi2c.o
LOAD .\CortexM0p\ARM_GCC_541\Debug\cy_scb_spi.o
LOAD .\CortexM0p\ARM_GCC_541\Debug\cy_scb_uart.o
LOAD .\CortexM0p\ARM_GCC_541\Debug\cy_sysanalog.o
LOAD .\CortexM0p\ARM_GCC_541\Debug\cy_sysclk.o
LOAD .\CortexM0p\ARM_GCC_541\Debug\cy_sysint.o
LOAD .\CortexM0p\ARM_GCC_541\Debug\cy_syslib.o
LOAD .\CortexM0p\ARM_GCC_541\Debug\cy_syslib_gcc.o
LOAD .\CortexM0p\ARM_GCC_541\Debug\cy_syspm.o
LOAD .\CortexM0p\ARM_GCC_541\Debug\cy_systick.o
LOAD .\CortexM0p\ARM_GCC_541\Debug\cy_trigmux.o
LOAD .\CortexM0p\ARM_GCC_541\Debug\cy_wdt.o
LOAD .\CortexM0p\ARM_GCC_541\Debug\cy_device.o
LOAD .\CortexM0p\ARM_GCC_541\Debug\cy_tcpwm_counter.o
LOAD .\CortexM0p\ARM_GCC_541\Debug\cy_tcpwm_pwm.o
LOAD .\CortexM0p\ARM_GCC_541\Debug\cy_tcpwm_quaddec.o
LOAD .\CortexM0p\ARM_GCC_541\Debug\cy_ble.o
LOAD .\CortexM0p\ARM_GCC_541\Debug\cy_ble_hal_int.o
LOAD .\CortexM0p\ARM_GCC_541\Debug\cy_ble_hal_pvt.o
LOAD .\CortexM0p\ARM_GCC_541\Debug\cy_ble_gap.o
LOAD .\CortexM0p\ARM_GCC_541\Debug\cy_ble_gatt.o
LOAD .\CortexM0p\ARM_GCC_541\Debug\cy_ble_event_handler.o
LOAD .\CortexM0p\ARM_GCC_541\Debug\cy_ble_ancs.o
LOAD .\CortexM0p\ARM_GCC_541\Debug\cy_ble_ans.o
LOAD .\CortexM0p\ARM_GCC_541\Debug\cy_ble_aios.o
LOAD .\CortexM0p\ARM_GCC_541\Debug\cy_ble_bas.o
LOAD .\CortexM0p\ARM_GCC_541\Debug\cy_ble_bcs.o
LOAD .\CortexM0p\ARM_GCC_541\Debug\cy_ble_bls.o
LOAD .\CortexM0p\ARM_GCC_541\Debug\cy_ble_bms.o
LOAD .\CortexM0p\ARM_GCC_541\Debug\cy_ble_bts.o
LOAD .\CortexM0p\ARM_GCC_541\Debug\cy_ble_cgms.o
LOAD .\CortexM0p\ARM_GCC_541\Debug\cy_ble_cps.o
LOAD .\CortexM0p\ARM_GCC_541\Debug\cy_ble_cscs.o
LOAD .\CortexM0p\ARM_GCC_541\Debug\cy_ble_cts.o
LOAD .\CortexM0p\ARM_GCC_541\Debug\cy_ble_custom.o
LOAD .\CortexM0p\ARM_GCC_541\Debug\cy_ble_dis.o
LOAD .\CortexM0p\ARM_GCC_541\Debug\cy_ble_ess.o
LOAD .\CortexM0p\ARM_GCC_541\Debug\cy_ble_gls.o
LOAD .\CortexM0p\ARM_GCC_541\Debug\cy_ble_hids.o
LOAD .\CortexM0p\ARM_GCC_541\Debug\cy_ble_hps.o
LOAD .\CortexM0p\ARM_GCC_541\Debug\cy_ble_hrs.o
LOAD .\CortexM0p\ARM_GCC_541\Debug\cy_ble_hts.o
LOAD .\CortexM0p\ARM_GCC_541\Debug\cy_ble_ias.o
LOAD .\CortexM0p\ARM_GCC_541\Debug\cy_ble_ips.o
LOAD .\CortexM0p\ARM_GCC_541\Debug\cy_ble_lls.o
LOAD .\CortexM0p\ARM_GCC_541\Debug\cy_ble_lns.o
LOAD .\CortexM0p\ARM_GCC_541\Debug\cy_ble_ndcs.o
LOAD .\CortexM0p\ARM_GCC_541\Debug\cy_ble_plxs.o
LOAD .\CortexM0p\ARM_GCC_541\Debug\cy_ble_pass.o
LOAD .\CortexM0p\ARM_GCC_541\Debug\cy_ble_rscs.o
LOAD .\CortexM0p\ARM_GCC_541\Debug\cy_ble_rtus.o
LOAD .\CortexM0p\ARM_GCC_541\Debug\cy_ble_scps.o
LOAD .\CortexM0p\ARM_GCC_541\Debug\cy_ble_tps.o
LOAD .\CortexM0p\ARM_GCC_541\Debug\cy_ble_uds.o
LOAD .\CortexM0p\ARM_GCC_541\Debug\cy_ble_wpts.o
LOAD .\CortexM0p\ARM_GCC_541\Debug\cy_ble_wss.o
LOAD .\CortexM0p\ARM_GCC_541\Debug\cy_ble_clk.o
LOAD .\CortexM0p\ARM_GCC_541\Debug\retarget.o
LOAD .\CortexM0p\ARM_GCC_541\Debug\UART_1.o
LOAD .\CortexM0p\ARM_GCC_541\Debug\BLE.o
LOAD .\CortexM0p\ARM_GCC_541\Debug\BLE_config.o
LOAD .\CortexM0p\ARM_GCC_541\Debug\BLE_custom_config.o
LOAD .\CortexM0p\ARM_GCC_541\Debug\PWM_BLINK.o
LOAD .\CortexM0p\ARM_GCC_541\Debug\PWM_DIM.o
LOAD .\CortexM0p\ARM_GCC_541\Debug\I2C.o
END GROUP
START GROUP
LOAD c:/program files (x86)/cypress/psoc creator/4.2/psoc creator/import/gnu/arm/5.4.1/bin/../lib/gcc/arm-none-eabi/5.4.1/armv6-m\libgcc.a
LOAD c:/program files (x86)/cypress/psoc creator/4.2/psoc creator/import/gnu/arm/5.4.1/bin/../lib/gcc/arm-none-eabi/5.4.1/../../../../arm-none-eabi/lib/armv6-m\libg_nano.a
LOAD c:/program files (x86)/cypress/psoc creator/4.2/psoc creator/import/gnu/arm/5.4.1/bin/../lib/gcc/arm-none-eabi/5.4.1/../../../../arm-none-eabi/lib/armv6-m\libc_nano.a
END GROUP
START GROUP
LOAD c:/program files (x86)/cypress/psoc creator/4.2/psoc creator/import/gnu/arm/5.4.1/bin/../lib/gcc/arm-none-eabi/5.4.1/armv6-m\libgcc.a
LOAD c:/program files (x86)/cypress/psoc creator/4.2/psoc creator/import/gnu/arm/5.4.1/bin/../lib/gcc/arm-none-eabi/5.4.1/../../../../arm-none-eabi/lib/armv6-m\libc_nano.a
END GROUP
LOAD c:/program files (x86)/cypress/psoc creator/4.2/psoc creator/import/gnu/arm/5.4.1/bin/../lib/gcc/arm-none-eabi/5.4.1/armv6-m/crtend.o
LOAD c:/program files (x86)/cypress/psoc creator/4.2/psoc creator/import/gnu/arm/5.4.1/bin/../lib/gcc/arm-none-eabi/5.4.1/armv6-m/crtn.o
START GROUP
LOAD c:/program files (x86)/cypress/psoc creator/4.2/psoc creator/import/gnu/arm/5.4.1/bin/../lib/gcc/arm-none-eabi/5.4.1/armv6-m\libgcc.a
LOAD c:/program files (x86)/cypress/psoc creator/4.2/psoc creator/import/gnu/arm/5.4.1/bin/../lib/gcc/arm-none-eabi/5.4.1/../../../../arm-none-eabi/lib/armv6-m\libc.a
LOAD c:/program files (x86)/cypress/psoc creator/4.2/psoc creator/import/gnu/arm/5.4.1/bin/../lib/gcc/arm-none-eabi/5.4.1/../../../../arm-none-eabi/lib/armv6-m\libnosys.a
END GROUP
START GROUP
LOAD c:/program files (x86)/cypress/psoc creator/4.2/psoc creator/import/gnu/arm/5.4.1/bin/../lib/gcc/arm-none-eabi/5.4.1/armv6-m\libgcc.a
LOAD c:/program files (x86)/cypress/psoc creator/4.2/psoc creator/import/gnu/arm/5.4.1/bin/../lib/gcc/arm-none-eabi/5.4.1/../../../../arm-none-eabi/lib/armv6-m\libc.a
LOAD c:/program files (x86)/cypress/psoc creator/4.2/psoc creator/import/gnu/arm/5.4.1/bin/../lib/gcc/arm-none-eabi/5.4.1/../../../../arm-none-eabi/lib/armv6-m\libm.a
LOAD c:/program files (x86)/cypress/psoc creator/4.2/psoc creator/import/gnu/arm/5.4.1/bin/../lib/gcc/arm-none-eabi/5.4.1/../../../../arm-none-eabi/lib/armv6-m\libnosys.a
END GROUP

.cy_app_header
 *(.cy_app_header)

.text           0x10000000     0x6ea4
                0x10000000                . = ALIGN (0x4)
                0x10000000                __Vectors = .
 *(.vectors)
 .vectors       0x10000000       0xc0 .\CortexM0p\ARM_GCC_541\Debug\startup_psoc6_01_cm0plus.o
                0x100000c0                . = ALIGN (0x4)
                0x100000c0                __Vectors_End = .
                0x000000c0                __Vectors_Size = (__Vectors_End - __Vectors)
                0x100000c0                __end__ = .
                0x100000c0                . = ALIGN (0x4)
 *(.text*)
 .text          0x100000c0       0x60 c:/program files (x86)/cypress/psoc creator/4.2/psoc creator/import/gnu/arm/5.4.1/bin/../lib/gcc/arm-none-eabi/5.4.1/armv6-m/crtbegin.o
 .text          0x10000120       0x80 .\CortexM0p\ARM_GCC_541\Debug\startup_psoc6_01_cm0plus.o
                0x10000120                Cy_OnResetUser
                0x10000122                Reset_Handler
                0x10000180                NvicMux10_IRQHandler
                0x10000180                NvicMux26_IRQHandler
                0x10000180                SysTick_Handler
                0x10000180                NvicMux21_IRQHandler
                0x10000180                NMI_Handler
                0x10000180                NvicMux19_IRQHandler
                0x10000180                NvicMux8_IRQHandler
                0x10000180                NvicMux27_IRQHandler
                0x10000180                PendSV_Handler
                0x10000180                NvicMux17_IRQHandler
                0x10000180                NvicMux0_IRQHandler
                0x10000180                NvicMux25_IRQHandler
                0x10000180                NvicMux13_IRQHandler
                0x10000180                NvicMux11_IRQHandler
                0x10000180                NvicMux9_IRQHandler
                0x10000180                NvicMux18_IRQHandler
                0x10000180                NvicMux6_IRQHandler
                0x10000180                NvicMux22_IRQHandler
                0x10000180                NvicMux7_IRQHandler
                0x10000180                NvicMux2_IRQHandler
                0x10000180                NvicMux4_IRQHandler
                0x10000180                Default_Handler
                0x10000180                NvicMux30_IRQHandler
                0x10000180                NvicMux12_IRQHandler
                0x10000180                NvicMux5_IRQHandler
                0x10000180                NvicMux14_IRQHandler
                0x10000180                NvicMux3_IRQHandler
                0x10000180                SVC_Handler
                0x10000180                NvicMux1_IRQHandler
                0x10000180                NvicMux16_IRQHandler
                0x10000180                NvicMux29_IRQHandler
                0x10000180                NvicMux31_IRQHandler
                0x10000180                NvicMux24_IRQHandler
                0x10000180                NvicMux20_IRQHandler
                0x10000180                NvicMux15_IRQHandler
                0x10000180                NvicMux28_IRQHandler
                0x10000180                NvicMux23_IRQHandler
                0x10000184                HardFault_Handler
 .text.main     0x100001a0       0x1c .\CortexM0p\ARM_GCC_541\Debug\main_cm0p.o
                0x100001a0                main
 .text.Cy_SysIpcPipeIsrCm0
                0x100001bc        0xc .\CortexM0p\ARM_GCC_541\Debug\system_psoc6_cm0plus.o
                0x100001bc                Cy_SysIpcPipeIsrCm0
 .text.SystemCoreClockUpdate
                0x100001c8      0x1b0 .\CortexM0p\ARM_GCC_541\Debug\system_psoc6_cm0plus.o
                0x100001c8                SystemCoreClockUpdate
 .text.SystemInit
                0x10000378       0xc8 .\CortexM0p\ARM_GCC_541\Debug\system_psoc6_cm0plus.o
                0x10000378                SystemInit
 .text.Cy_SysGetCM4Status
                0x10000440       0x10 .\CortexM0p\ARM_GCC_541\Debug\system_psoc6_cm0plus.o
                0x10000440                Cy_SysGetCM4Status
 .text.Cy_SysResetCM4
                0x10000450       0x34 .\CortexM0p\ARM_GCC_541\Debug\system_psoc6_cm0plus.o
                0x10000450                Cy_SysResetCM4
 .text.Cy_SysEnableCM4
                0x10000484       0x5c .\CortexM0p\ARM_GCC_541\Debug\system_psoc6_cm0plus.o
                0x10000484                Cy_SysEnableCM4
 .text.CyClockStartupError
                0x100004e0        0x4 .\CortexM0p\ARM_GCC_541\Debug\cyfitter_cfg.o
 .text.cfg_write_bytes32
                0x100004e4       0x34 .\CortexM0p\ARM_GCC_541\Debug\cyfitter_cfg.o
 .text.AnalogSetDefault
                0x10000518       0x10 .\CortexM0p\ARM_GCC_541\Debug\cyfitter_cfg.o
 .text.CYMEMZERO
                0x10000528        0xc .\CortexM0p\ARM_GCC_541\Debug\cyfitter_cfg.o
 .text.CYCONFIGCPYCODE
                0x10000534        0x8 .\CortexM0p\ARM_GCC_541\Debug\cyfitter_cfg.o
 .text.ClockInit
                0x1000053c      0x388 .\CortexM0p\ARM_GCC_541\Debug\cyfitter_cfg.o
 .text.Cy_SystemInit
                0x100008c4      0x1d0 .\CortexM0p\ARM_GCC_541\Debug\cyfitter_cfg.o
                0x100008c4                Cy_SystemInit
 .text.Cy_Flash_BoundsCheck
                0x10000a94        0xc .\CortexM0p\ARM_GCC_541\Debug\cy_flash.o
 .text.Cy_Flash_ProcessOpcode
                0x10000aa0       0xbc .\CortexM0p\ARM_GCC_541\Debug\cy_flash.o
 .text.Cy_Flash_OperationStatus
                0x10000b5c       0x5c .\CortexM0p\ARM_GCC_541\Debug\cy_flash.o
 .text.Cy_Flash_InitExt
                0x10000bb8       0x44 .\CortexM0p\ARM_GCC_541\Debug\cy_flash.o
                0x10000bb8                Cy_Flash_InitExt
 .text.Cy_Flash_Init
                0x10000bfc       0x10 .\CortexM0p\ARM_GCC_541\Debug\cy_flash.o
                0x10000bfc                Cy_Flash_Init
 .text.Cy_Flash_WriteRow
                0x10000c0c       0xa0 .\CortexM0p\ARM_GCC_541\Debug\cy_flash.o
                0x10000c0c                Cy_Flash_WriteRow
 .text.Cy_Flash_IsOperationComplete
                0x10000cac        0x8 .\CortexM0p\ARM_GCC_541\Debug\cy_flash.o
                0x10000cac                Cy_Flash_IsOperationComplete
 .text.Cy_Flash_StartErase
                0x10000cb4       0xac .\CortexM0p\ARM_GCC_541\Debug\cy_flash.o
                0x10000cb4                Cy_Flash_StartErase
 .text.Cy_Flash_StartProgram
                0x10000d60       0xb4 .\CortexM0p\ARM_GCC_541\Debug\cy_flash.o
                0x10000d60                Cy_Flash_StartProgram
 .text.Cy_GPIO_Pin_Init
                0x10000e14      0x334 .\CortexM0p\ARM_GCC_541\Debug\cy_gpio.o
                0x10000e14                Cy_GPIO_Pin_Init
 .text.Cy_GPIO_Port_Init
                0x10001148       0xdc .\CortexM0p\ARM_GCC_541\Debug\cy_gpio.o
                0x10001148                Cy_GPIO_Port_Init
 .text.Cy_IPC_Drv_LockRelease
                0x10001224       0x40 .\CortexM0p\ARM_GCC_541\Debug\cy_ipc_drv.o
                0x10001224                Cy_IPC_Drv_LockRelease
 .text.Cy_IPC_Drv_SendMsgWord
                0x10001264       0x40 .\CortexM0p\ARM_GCC_541\Debug\cy_ipc_drv.o
                0x10001264                Cy_IPC_Drv_SendMsgWord
 .text.Cy_IPC_Drv_ReadMsgWord
                0x100012a4       0x38 .\CortexM0p\ARM_GCC_541\Debug\cy_ipc_drv.o
                0x100012a4                Cy_IPC_Drv_ReadMsgWord
 .text.Cy_IPC_Sema_InitExt
                0x100012dc       0xac .\CortexM0p\ARM_GCC_541\Debug\cy_ipc_sema.o
                0x100012dc                Cy_IPC_Sema_InitExt
 .text.Cy_IPC_Sema_Init
                0x10001388       0x68 .\CortexM0p\ARM_GCC_541\Debug\cy_ipc_sema.o
                0x10001388                Cy_IPC_Sema_Init
 .text.Cy_IPC_Sema_Set
                0x100013f0       0x8c .\CortexM0p\ARM_GCC_541\Debug\cy_ipc_sema.o
                0x100013f0                Cy_IPC_Sema_Set
 .text.Cy_IPC_Sema_Clear
                0x1000147c       0x8c .\CortexM0p\ARM_GCC_541\Debug\cy_ipc_sema.o
                0x1000147c                Cy_IPC_Sema_Clear
 .text.Cy_IPC_Sema_Status
                0x10001508       0x3c .\CortexM0p\ARM_GCC_541\Debug\cy_ipc_sema.o
                0x10001508                Cy_IPC_Sema_Status
 .text.Cy_IPC_Pipe_Config
                0x10001544       0x14 .\CortexM0p\ARM_GCC_541\Debug\cy_ipc_pipe.o
                0x10001544                Cy_IPC_Pipe_Config
 .text.Cy_IPC_Pipe_EndpointInit
                0x10001558       0xd8 .\CortexM0p\ARM_GCC_541\Debug\cy_ipc_pipe.o
                0x10001558                Cy_IPC_Pipe_EndpointInit
 .text.Cy_IPC_Pipe_Init
                0x10001630       0xbc .\CortexM0p\ARM_GCC_541\Debug\cy_ipc_pipe.o
                0x10001630                Cy_IPC_Pipe_Init
 .text.Cy_IPC_Pipe_SendMessage
                0x100016ec       0xb8 .\CortexM0p\ARM_GCC_541\Debug\cy_ipc_pipe.o
                0x100016ec                Cy_IPC_Pipe_SendMessage
 .text.Cy_IPC_Pipe_RegisterCallback
                0x100017a4       0x54 .\CortexM0p\ARM_GCC_541\Debug\cy_ipc_pipe.o
                0x100017a4                Cy_IPC_Pipe_RegisterCallback
 .text.Cy_IPC_Pipe_RegisterCallbackRel
                0x100017f8       0x30 .\CortexM0p\ARM_GCC_541\Debug\cy_ipc_pipe.o
                0x100017f8                Cy_IPC_Pipe_RegisterCallbackRel
 .text.Cy_IPC_Pipe_ExecCallback
                0x10001828       0xd0 .\CortexM0p\ARM_GCC_541\Debug\cy_ipc_pipe.o
                0x10001828                Cy_IPC_Pipe_ExecCallback
 .text.Cy_IPC_Pipe_ExecuteCallback
                0x100018f8       0x30 .\CortexM0p\ARM_GCC_541\Debug\cy_ipc_pipe.o
                0x100018f8                Cy_IPC_Pipe_ExecuteCallback
 .text.Cy_IPC_Pipe_EndpointPause
                0x10001928       0x50 .\CortexM0p\ARM_GCC_541\Debug\cy_ipc_pipe.o
                0x10001928                Cy_IPC_Pipe_EndpointPause
 .text.Cy_IPC_Pipe_EndpointResume
                0x10001978       0x48 .\CortexM0p\ARM_GCC_541\Debug\cy_ipc_pipe.o
                0x10001978                Cy_IPC_Pipe_EndpointResume
 .text.Cy_Prot_GetActivePC
                0x100019c0       0x34 .\CortexM0p\ARM_GCC_541\Debug\cy_prot.o
                0x100019c0                Cy_Prot_GetActivePC
 .text.Cy_SysClk_ClkPathSetSource
                0x100019f4       0x5c .\CortexM0p\ARM_GCC_541\Debug\cy_sysclk.o
                0x100019f4                Cy_SysClk_ClkPathSetSource
 .text.Cy_SysClk_ClkPathGetSource
                0x10001a50       0x4c .\CortexM0p\ARM_GCC_541\Debug\cy_sysclk.o
                0x10001a50                Cy_SysClk_ClkPathGetSource
 .text.Cy_SysClk_FllManualConfigure
                0x10001a9c      0x174 .\CortexM0p\ARM_GCC_541\Debug\cy_sysclk.o
                0x10001a9c                Cy_SysClk_FllManualConfigure
 .text.Cy_SysClk_FllEnable
                0x10001c10       0xdc .\CortexM0p\ARM_GCC_541\Debug\cy_sysclk.o
                0x10001c10                Cy_SysClk_FllEnable
 .text.Cy_SysClk_StartClkMeasurementCounters
                0x10001cec      0x19c .\CortexM0p\ARM_GCC_541\Debug\cy_sysclk.o
                0x10001cec                Cy_SysClk_StartClkMeasurementCounters
 .text.Cy_SysClk_ClkMeasurementCountersGetFreq
                0x10001e88       0xbc .\CortexM0p\ARM_GCC_541\Debug\cy_sysclk.o
                0x10001e88                Cy_SysClk_ClkMeasurementCountersGetFreq
 .text.Cy_SysInt_SetInterruptSource
                0x10001f44       0x78 .\CortexM0p\ARM_GCC_541\Debug\cy_sysint.o
                0x10001f44                Cy_SysInt_SetInterruptSource
 .text.Cy_SysInt_SetVector
                0x10001fbc       0x44 .\CortexM0p\ARM_GCC_541\Debug\cy_sysint.o
                0x10001fbc                Cy_SysInt_SetVector
 .text.Cy_SysInt_Init
                0x10002000       0xc4 .\CortexM0p\ARM_GCC_541\Debug\cy_sysint.o
                0x10002000                Cy_SysInt_Init
 .text.Cy_SysLib_DelayUs
                0x100020c4       0x14 .\CortexM0p\ARM_GCC_541\Debug\cy_syslib.o
                0x100020c4                Cy_SysLib_DelayUs
 .text.Cy_SysLib_Halt
                0x100020d8        0x4 .\CortexM0p\ARM_GCC_541\Debug\cy_syslib.o
                0x100020d8                Cy_SysLib_Halt
 .text.Cy_SysLib_AssertFailed
                0x100020dc       0x1c .\CortexM0p\ARM_GCC_541\Debug\cy_syslib.o
                0x100020dc                Cy_SysLib_AssertFailed
 .text.Cy_SysLib_ClearFlashCacheAndBuffer
                0x100020f8       0x10 .\CortexM0p\ARM_GCC_541\Debug\cy_syslib.o
                0x100020f8                Cy_SysLib_ClearFlashCacheAndBuffer
 .text.Cy_SysLib_ResetBackupDomain
                0x10002108       0x20 .\CortexM0p\ARM_GCC_541\Debug\cy_syslib.o
                0x10002108                Cy_SysLib_ResetBackupDomain
 .text.Cy_SysLib_GetResetReason
                0x10002128       0x1c .\CortexM0p\ARM_GCC_541\Debug\cy_syslib.o
                0x10002128                Cy_SysLib_GetResetReason
 .text.Cy_SysLib_ProcessingFault
                0x10002144        0x4 .\CortexM0p\ARM_GCC_541\Debug\cy_syslib.o
                0x10002144                Cy_SysLib_ProcessingFault
 .text.Cy_SysLib_FaultHandler
                0x10002148       0x30 .\CortexM0p\ARM_GCC_541\Debug\cy_syslib.o
                0x10002148                Cy_SysLib_FaultHandler
 .text.Cy_SysLib_SetWaitStates
                0x10002178       0xe0 .\CortexM0p\ARM_GCC_541\Debug\cy_syslib.o
                0x10002178                Cy_SysLib_SetWaitStates
 .text          0x10002258       0x20 .\CortexM0p\ARM_GCC_541\Debug\cy_syslib_gcc.o
                0x10002258                Cy_SysLib_DelayCycles
                0x1000226a                Cy_SysLib_EnterCriticalSection
                0x10002272                Cy_SysLib_ExitCriticalSection
 .text.SetReadMarginTrimUlp
                0x10002278       0x98 .\CortexM0p\ARM_GCC_541\Debug\cy_syspm.o
 .text.SetReadMarginTrimLp
                0x10002310       0x90 .\CortexM0p\ARM_GCC_541\Debug\cy_syspm.o
 .text.SetWriteAssistTrimUlp
                0x100023a0       0x74 .\CortexM0p\ARM_GCC_541\Debug\cy_syspm.o
 .text.SetWriteAssistTrimLp
                0x10002414       0x84 .\CortexM0p\ARM_GCC_541\Debug\cy_syspm.o
 .text.IsVoltageChangePossible
                0x10002498       0x58 .\CortexM0p\ARM_GCC_541\Debug\cy_syspm.o
 .text.Cy_SysPm_BuckIsOutputEnabled
                0x100024f0       0x5c .\CortexM0p\ARM_GCC_541\Debug\cy_syspm.o
                0x100024f0                Cy_SysPm_BuckIsOutputEnabled
 .text.Cy_SysPm_BuckSetVoltage2
                0x1000254c       0x6c .\CortexM0p\ARM_GCC_541\Debug\cy_syspm.o
                0x1000254c                Cy_SysPm_BuckSetVoltage2
 .text.Cy_SysPm_RegisterCallback
                0x100025b8       0x5c .\CortexM0p\ARM_GCC_541\Debug\cy_syspm.o
                0x100025b8                Cy_SysPm_RegisterCallback
 .text.Cy_SysPm_ExecuteCallback
                0x10002614       0xd4 .\CortexM0p\ARM_GCC_541\Debug\cy_syspm.o
                0x10002614                Cy_SysPm_ExecuteCallback
 .text.Cy_SysPm_CpuEnterSleep
                0x100026e8       0x8c .\CortexM0p\ARM_GCC_541\Debug\cy_syspm.o
                0x100026e8                Cy_SysPm_CpuEnterSleep
 .text.Cy_SysPm_IoUnfreeze
                0x10002774       0x2c .\CortexM0p\ARM_GCC_541\Debug\cy_syspm.o
                0x10002774                Cy_SysPm_IoUnfreeze
 .text.Cy_SysPm_WriteVoltageBitForFlash
                0x100027a0      0x12c .\CortexM0p\ARM_GCC_541\Debug\cy_syspm.o
                0x100027a0                Cy_SysPm_WriteVoltageBitForFlash
 .text.Cy_SysPm_BuckSetVoltage1
                0x100028cc       0xa0 .\CortexM0p\ARM_GCC_541\Debug\cy_syspm.o
                0x100028cc                Cy_SysPm_BuckSetVoltage1
 .text.Cy_SysPm_LdoSetVoltage
                0x1000296c       0xd0 .\CortexM0p\ARM_GCC_541\Debug\cy_syspm.o
                0x1000296c                Cy_SysPm_LdoSetVoltage
 .text.Cy_SysTick_SetClockSource
                0x10002a3c       0x3c .\CortexM0p\ARM_GCC_541\Debug\cy_systick.o
                0x10002a3c                Cy_SysTick_SetClockSource
 .text.Cy_WDT_Unlock
                0x10002a78       0x24 .\CortexM0p\ARM_GCC_541\Debug\cy_wdt.o
                0x10002a78                Cy_WDT_Unlock
 .text.Cy_PDL_Init
                0x10002a9c        0xc .\CortexM0p\ARM_GCC_541\Debug\cy_device.o
                0x10002a9c                Cy_PDL_Init
 .text.Cy_BLE_DeepSleepCallback
                0x10002aa8       0xb4 .\CortexM0p\ARM_GCC_541\Debug\cy_ble.o
                0x10002aa8                Cy_BLE_DeepSleepCallback
 .text.Cy_BLE_Init
                0x10002b5c       0x18 .\CortexM0p\ARM_GCC_541\Debug\cy_ble.o
                0x10002b5c                Cy_BLE_Init
 .text.Cy_BLE_Enable
                0x10002b74       0x7c .\CortexM0p\ARM_GCC_541\Debug\cy_ble.o
                0x10002b74                Cy_BLE_Enable
 .text.Cy_BLE_ConfigureExtPA
                0x10002bf0       0x10 .\CortexM0p\ARM_GCC_541\Debug\cy_ble.o
                0x10002bf0                Cy_BLE_ConfigureExtPA
 .text.Cy_BLE_BlessInterrupt
                0x10002c00        0x8 .\CortexM0p\ARM_GCC_541\Debug\cy_ble_hal_int.o
                0x10002c00                Cy_BLE_BlessInterrupt
 .text.Cy_BLE_IPC_CtrlMsgFlushRecvCallBack
                0x10002c08       0x10 .\CortexM0p\ARM_GCC_541\Debug\cy_ble_hal_pvt.o
 .text.Cy_BLE_HAL_RadioCalibrationRead
                0x10002c18       0x2c .\CortexM0p\ARM_GCC_541\Debug\cy_ble_hal_pvt.o
                0x10002c18                Cy_BLE_HAL_RadioCalibrationRead
 .text.Cy_BLE_HAL_NvramWrite
                0x10002c44      0x324 .\CortexM0p\ARM_GCC_541\Debug\cy_ble_hal_pvt.o
                0x10002c44                Cy_BLE_HAL_NvramWrite
 .text.Cy_BLE_HAL_RadioCalibrationWrite
                0x10002f68       0x2c .\CortexM0p\ARM_GCC_541\Debug\cy_ble_hal_pvt.o
                0x10002f68                Cy_BLE_HAL_RadioCalibrationWrite
 .text.Cy_BLE_HAL_GetIcPackageType
                0x10002f94        0x4 .\CortexM0p\ARM_GCC_541\Debug\cy_ble_hal_pvt.o
                0x10002f94                Cy_BLE_HAL_GetIcPackageType
 .text.Cy_BLE_HAL_GetSiliconId
                0x10002f98        0xc .\CortexM0p\ARM_GCC_541\Debug\cy_ble_hal_pvt.o
                0x10002f98                Cy_BLE_HAL_GetSiliconId
 .text.Cy_BLE_HAL_IsDefinedTx5dbm
                0x10002fa4        0x4 .\CortexM0p\ARM_GCC_541\Debug\cy_ble_hal_pvt.o
                0x10002fa4                Cy_BLE_HAL_IsDefinedTx5dbm
 .text.Cy_BLE_HAL_DelayUs
                0x10002fa8        0x8 .\CortexM0p\ARM_GCC_541\Debug\cy_ble_hal_pvt.o
                0x10002fa8                Cy_BLE_HAL_DelayUs
 .text.Cy_BLE_HAL_EnableBlessInterrupt
                0x10002fb0       0x24 .\CortexM0p\ARM_GCC_541\Debug\cy_ble_hal_pvt.o
                0x10002fb0                Cy_BLE_HAL_EnableBlessInterrupt
 .text.Cy_BLE_HAL_DisableBlessInterrupt
                0x10002fd4       0x30 .\CortexM0p\ARM_GCC_541\Debug\cy_ble_hal_pvt.o
                0x10002fd4                Cy_BLE_HAL_DisableBlessInterrupt
 .text.Cy_BLE_HAL_LfClkGetSource
                0x10003004       0x14 .\CortexM0p\ARM_GCC_541\Debug\cy_ble_hal_pvt.o
                0x10003004                Cy_BLE_HAL_LfClkGetSource
 .text.Cy_BLE_HAL_ClkMeasurementCountersDone
                0x10003018       0x14 .\CortexM0p\ARM_GCC_541\Debug\cy_ble_hal_pvt.o
                0x10003018                Cy_BLE_HAL_ClkMeasurementCountersDone
 .text.Cy_BLE_HAL_ClkMeasurementCountersGetFreq
                0x1000302c        0x8 .\CortexM0p\ARM_GCC_541\Debug\cy_ble_hal_pvt.o
                0x1000302c                Cy_BLE_HAL_ClkMeasurementCountersGetFreq
 .text.Cy_BLE_HAL_StartClkMeasurementCounters
                0x10003034       0x2c .\CortexM0p\ARM_GCC_541\Debug\cy_ble_hal_pvt.o
                0x10003034                Cy_BLE_HAL_StartClkMeasurementCounters
 .text.Cy_BLE_HAL_TryPiloTrim
                0x10003060       0x78 .\CortexM0p\ARM_GCC_541\Debug\cy_ble_hal_pvt.o
                0x10003060                Cy_BLE_HAL_TryPiloTrim
 .text.Cy_BLE_HAL_PiloTrim
                0x100030d8       0x14 .\CortexM0p\ARM_GCC_541\Debug\cy_ble_hal_pvt.o
                0x100030d8                Cy_BLE_HAL_PiloTrim
 .text.Cy_BLE_HAL_BlessStart
                0x100030ec       0x40 .\CortexM0p\ARM_GCC_541\Debug\cy_ble_hal_pvt.o
                0x100030ec                Cy_BLE_HAL_BlessStart
 .text.Cy_BLE_HAL_GetIpBlockVersion
                0x1000312c        0x4 .\CortexM0p\ARM_GCC_541\Debug\cy_ble_hal_pvt.o
                0x1000312c                Cy_BLE_HAL_GetIpBlockVersion
 .text.Cy_BLE_HAL_EnterCriticalSection
                0x10003130        0x8 .\CortexM0p\ARM_GCC_541\Debug\cy_ble_hal_pvt.o
                0x10003130                Cy_BLE_HAL_EnterCriticalSection
 .text.Cy_BLE_HAL_ExitCriticalSection
                0x10003138        0x8 .\CortexM0p\ARM_GCC_541\Debug\cy_ble_hal_pvt.o
                0x10003138                Cy_BLE_HAL_ExitCriticalSection
 .text.Cy_BLE_HAL_SysPmSleep
                0x10003140        0x8 .\CortexM0p\ARM_GCC_541\Debug\cy_ble_hal_pvt.o
                0x10003140                Cy_BLE_HAL_SysPmSleep
 .text.Cy_BLE_HAL_SimoBuckSetVoltage2
                0x10003148        0xc .\CortexM0p\ARM_GCC_541\Debug\cy_ble_hal_pvt.o
                0x10003148                Cy_BLE_HAL_SimoBuckSetVoltage2
 .text.Cy_BLE_HAL_EnableControllerIpcPipeInterrupt
                0x10003154        0xc .\CortexM0p\ARM_GCC_541\Debug\cy_ble_hal_pvt.o
                0x10003154                Cy_BLE_HAL_EnableControllerIpcPipeInterrupt
 .text.Cy_BLE_HAL_DisableControllerIpcPipeInterrupt
                0x10003160        0xc .\CortexM0p\ARM_GCC_541\Debug\cy_ble_hal_pvt.o
                0x10003160                Cy_BLE_HAL_DisableControllerIpcPipeInterrupt
 .text.Cy_BLE_IPC_ControllerRegisterClientCallbacks
                0x1000316c       0x28 .\CortexM0p\ARM_GCC_541\Debug\cy_ble_hal_pvt.o
                0x1000316c                Cy_BLE_IPC_ControllerRegisterClientCallbacks
 .text.Cy_BLE_IPC_SendMessageToHost
                0x10003194       0x20 .\CortexM0p\ARM_GCC_541\Debug\cy_ble_hal_pvt.o
                0x10003194                Cy_BLE_IPC_SendMessageToHost
 .text.Cy_BLE_HAL_RcbRegRead
                0x100031b4       0x50 .\CortexM0p\ARM_GCC_541\Debug\cy_ble_clk.o
 .text.Cy_BLE_HAL_RcbRegWrite
                0x10003204       0x4c .\CortexM0p\ARM_GCC_541\Debug\cy_ble_clk.o
 .text.Cy_BLE_HAL_MxdRadioEnableClocks
                0x10003250      0x21c .\CortexM0p\ARM_GCC_541\Debug\cy_ble_clk.o
 .text.Cy_BLE_HAL_EcoSetTrim
                0x1000346c       0x38 .\CortexM0p\ARM_GCC_541\Debug\cy_ble_clk.o
 .text.Cy_BLE_EcoStop
                0x100034a4       0x18 .\CortexM0p\ARM_GCC_541\Debug\cy_ble_clk.o
                0x100034a4                Cy_BLE_EcoStop
 .text.Cy_BLE_HAL_Init
                0x100034bc       0x68 .\CortexM0p\ARM_GCC_541\Debug\cy_ble_clk.o
                0x100034bc                Cy_BLE_HAL_Init
 .text.Cy_BLE_EcoStart
                0x10003524      0x254 .\CortexM0p\ARM_GCC_541\Debug\cy_ble_clk.o
                0x10003524                Cy_BLE_EcoStart
 .text.Cy_BLE_HAL_EcoGetFrequency
                0x10003778        0xc .\CortexM0p\ARM_GCC_541\Debug\cy_ble_clk.o
                0x10003778                Cy_BLE_HAL_EcoGetFrequency
 .text.Cy_BLE_HAL_IsEcoCpuClockSrc
                0x10003784       0x20 .\CortexM0p\ARM_GCC_541\Debug\cy_ble_clk.o
                0x10003784                Cy_BLE_HAL_IsEcoCpuClockSrc
 .text.Cy_BLE_HAL_IsWcoLfclkSrc
                0x100037a4       0x24 .\CortexM0p\ARM_GCC_541\Debug\cy_ble_clk.o
                0x100037a4                Cy_BLE_HAL_IsWcoLfclkSrc
 .text.Cy_BLE_Start
                0x100037c8       0x20 .\CortexM0p\ARM_GCC_541\Debug\BLE.o
                0x100037c8                Cy_BLE_Start
 .text          0x100037e8      0x114 c:/program files (x86)/cypress/psoc creator/4.2/psoc creator/import/gnu/arm/5.4.1/bin/../lib/gcc/arm-none-eabi/5.4.1/armv6-m\libgcc.a(_udivsi3.o)
                0x100037e8                __aeabi_uidiv
                0x100037e8                __udivsi3
                0x100038f4                __aeabi_uidivmod
 .text          0x100038fc      0x1d4 c:/program files (x86)/cypress/psoc creator/4.2/psoc creator/import/gnu/arm/5.4.1/bin/../lib/gcc/arm-none-eabi/5.4.1/armv6-m\libgcc.a(_divsi3.o)
                0x100038fc                __divsi3
                0x100038fc                __aeabi_idiv
                0x10003ac8                __aeabi_idivmod
 .text          0x10003ad0        0x4 c:/program files (x86)/cypress/psoc creator/4.2/psoc creator/import/gnu/arm/5.4.1/bin/../lib/gcc/arm-none-eabi/5.4.1/armv6-m\libgcc.a(_dvmd_tls.o)
                0x10003ad0                __aeabi_idiv0
                0x10003ad0                __aeabi_ldiv0
 .text          0x10003ad4       0x40 c:/program files (x86)/cypress/psoc creator/4.2/psoc creator/import/gnu/arm/5.4.1/bin/../lib/gcc/arm-none-eabi/5.4.1/armv6-m\libgcc.a(_aeabi_uldivmod.o)
                0x10003ad4                __aeabi_uldivmod
 .text          0x10003b14       0x58 c:/program files (x86)/cypress/psoc creator/4.2/psoc creator/import/gnu/arm/5.4.1/bin/../lib/gcc/arm-none-eabi/5.4.1/armv6-m\libgcc.a(_muldi3.o)
                0x10003b14                __muldi3
                0x10003b14                __aeabi_lmul
 .text          0x10003b6c       0x3c c:/program files (x86)/cypress/psoc creator/4.2/psoc creator/import/gnu/arm/5.4.1/bin/../lib/gcc/arm-none-eabi/5.4.1/armv6-m\libgcc.a(_fixunsdfsi.o)
                0x10003b6c                __aeabi_d2uiz
                0x10003b6c                __fixunsdfsi
 .text          0x10003ba8      0x180 c:/program files (x86)/cypress/psoc creator/4.2/psoc creator/import/gnu/arm/5.4.1/bin/../lib/gcc/arm-none-eabi/5.4.1/armv6-m\libgcc.a(_udivmoddi4.o)
                0x10003ba8                __udivmoddi4
 .text          0x10003d28      0x62c c:/program files (x86)/cypress/psoc creator/4.2/psoc creator/import/gnu/arm/5.4.1/bin/../lib/gcc/arm-none-eabi/5.4.1/armv6-m\libgcc.a(divdf3.o)
                0x10003d28                __aeabi_ddiv
 .text          0x10004354      0x4f4 c:/program files (x86)/cypress/psoc creator/4.2/psoc creator/import/gnu/arm/5.4.1/bin/../lib/gcc/arm-none-eabi/5.4.1/armv6-m\libgcc.a(muldf3.o)
                0x10004354                __aeabi_dmul
 .text          0x10004848      0x6a8 c:/program files (x86)/cypress/psoc creator/4.2/psoc creator/import/gnu/arm/5.4.1/bin/../lib/gcc/arm-none-eabi/5.4.1/armv6-m\libgcc.a(subdf3.o)
                0x10004848                __aeabi_dsub
 .text          0x10004ef0       0x6c c:/program files (x86)/cypress/psoc creator/4.2/psoc creator/import/gnu/arm/5.4.1/bin/../lib/gcc/arm-none-eabi/5.4.1/armv6-m\libgcc.a(fixdfsi.o)
                0x10004ef0                __aeabi_d2iz
 .text          0x10004f5c       0x70 c:/program files (x86)/cypress/psoc creator/4.2/psoc creator/import/gnu/arm/5.4.1/bin/../lib/gcc/arm-none-eabi/5.4.1/armv6-m\libgcc.a(floatunsidf.o)
                0x10004f5c                __aeabi_ui2d
 .text          0x10004fcc       0x7c c:/program files (x86)/cypress/psoc creator/4.2/psoc creator/import/gnu/arm/5.4.1/bin/../lib/gcc/arm-none-eabi/5.4.1/armv6-m\libgcc.a(_arm_cmpdf2.o)
                0x10004fcc                __aeabi_cdrcmple
                0x10004fdc                __aeabi_cdcmple
                0x10004fdc                __aeabi_cdcmpeq
                0x10004fec                __aeabi_dcmpeq
                0x10004ff8                __aeabi_dcmplt
                0x1000500c                __aeabi_dcmple
                0x10005020                __aeabi_dcmpgt
                0x10005034                __aeabi_dcmpge
 .text          0x10005048       0x3c c:/program files (x86)/cypress/psoc creator/4.2/psoc creator/import/gnu/arm/5.4.1/bin/../lib/gcc/arm-none-eabi/5.4.1/armv6-m\libgcc.a(_clzsi2.o)
                0x10005048                __clzsi2
 .text          0x10005084       0x18 c:/program files (x86)/cypress/psoc creator/4.2/psoc creator/import/gnu/arm/5.4.1/bin/../lib/gcc/arm-none-eabi/5.4.1/armv6-m\libgcc.a(_clzdi2.o)
                0x10005084                __clzdi2
 .text          0x1000509c       0x80 c:/program files (x86)/cypress/psoc creator/4.2/psoc creator/import/gnu/arm/5.4.1/bin/../lib/gcc/arm-none-eabi/5.4.1/armv6-m\libgcc.a(eqdf2.o)
                0x1000509c                __nedf2
                0x1000509c                __eqdf2
 .text          0x1000511c       0xc8 c:/program files (x86)/cypress/psoc creator/4.2/psoc creator/import/gnu/arm/5.4.1/bin/../lib/gcc/arm-none-eabi/5.4.1/armv6-m\libgcc.a(gedf2.o)
                0x1000511c                __gedf2
                0x1000511c                __gtdf2
 .text          0x100051e4       0xd4 c:/program files (x86)/cypress/psoc creator/4.2/psoc creator/import/gnu/arm/5.4.1/bin/../lib/gcc/arm-none-eabi/5.4.1/armv6-m\libgcc.a(ledf2.o)
                0x100051e4                __ledf2
                0x100051e4                __ltdf2
 .text.memcmp   0x100052b8       0x1e c:/program files (x86)/cypress/psoc creator/4.2/psoc creator/import/gnu/arm/5.4.1/bin/../lib/gcc/arm-none-eabi/5.4.1/../../../../arm-none-eabi/lib/armv6-m\libg_nano.a(lib_a-memcmp.o)
                0x100052b8                memcmp
 .text.memcpy   0x100052d6       0x12 c:/program files (x86)/cypress/psoc creator/4.2/psoc creator/import/gnu/arm/5.4.1/bin/../lib/gcc/arm-none-eabi/5.4.1/../../../../arm-none-eabi/lib/armv6-m\libg_nano.a(lib_a-memcpy-stub.o)
                0x100052d6                memcpy
 .text.memset   0x100052e8       0x10 c:/program files (x86)/cypress/psoc creator/4.2/psoc creator/import/gnu/arm/5.4.1/bin/../lib/gcc/arm-none-eabi/5.4.1/../../../../arm-none-eabi/lib/armv6-m\libg_nano.a(lib_a-memset.o)
                0x100052e8                memset
 .text.strncpy  0x100052f8       0x26 c:/program files (x86)/cypress/psoc creator/4.2/psoc creator/import/gnu/arm/5.4.1/bin/../lib/gcc/arm-none-eabi/5.4.1/../../../../arm-none-eabi/lib/armv6-m\libg_nano.a(lib_a-strncpy.o)
                0x100052f8                strncpy
 *(.init)
 *fill*         0x1000531e        0x2 
 .init          0x10005320        0x4 c:/program files (x86)/cypress/psoc creator/4.2/psoc creator/import/gnu/arm/5.4.1/bin/../lib/gcc/arm-none-eabi/5.4.1/armv6-m/crti.o
                0x10005320                _init
 .init          0x10005324        0x8 c:/program files (x86)/cypress/psoc creator/4.2/psoc creator/import/gnu/arm/5.4.1/bin/../lib/gcc/arm-none-eabi/5.4.1/armv6-m/crtn.o
 *(.fini)
 .fini          0x1000532c        0x4 c:/program files (x86)/cypress/psoc creator/4.2/psoc creator/import/gnu/arm/5.4.1/bin/../lib/gcc/arm-none-eabi/5.4.1/armv6-m/crti.o
                0x1000532c                _fini
 .fini          0x10005330        0x8 c:/program files (x86)/cypress/psoc creator/4.2/psoc creator/import/gnu/arm/5.4.1/bin/../lib/gcc/arm-none-eabi/5.4.1/armv6-m/crtn.o
 .fini.__stub   0x10005338       0x10 linker stubs
 *crtbegin.o(.ctors)
 *crtbegin?.o(.ctors)
 *(EXCLUDE_FILE(*crtend.o *crtend?.o) .ctors)
 *(SORT(.ctors.*))
 *(.ctors)
 *crtbegin.o(.dtors)
 *crtbegin?.o(.dtors)
 *(EXCLUDE_FILE(*crtend.o *crtend?.o) .dtors)
 *(SORT(.dtors.*))
 *(.dtors)
 *(.rodata .rodata.* .constdata .constdata.* .conststring .conststring.*)
 .rodata        0x10005348       0x34 .\CortexM0p\ARM_GCC_541\Debug\system_psoc6_cm0plus.o
 .rodata.str1.4
                0x1000537c       0x17 .\CortexM0p\ARM_GCC_541\Debug\system_psoc6_cm0plus.o
 *fill*         0x10005393        0x1 
 .rodata        0x10005394        0x8 .\CortexM0p\ARM_GCC_541\Debug\cyfitter_sysint_cfg.o
                0x10005394                BLE_1_bless_isr_cfg
 .rodata        0x1000539c      0xadc .\CortexM0p\ARM_GCC_541\Debug\cyfitter_cfg.o
 .rodata.str1.4
                0x10005e78       0x3f .\CortexM0p\ARM_GCC_541\Debug\cy_flash.o
 *fill*         0x10005eb7        0x1 
 .rodata.str1.4
                0x10005eb8       0x7d .\CortexM0p\ARM_GCC_541\Debug\cy_gpio.o
 *fill*         0x10005f35        0x3 
 .rodata.str1.4
                0x10005f38       0x7f .\CortexM0p\ARM_GCC_541\Debug\cy_ipc_drv.o
 .rodata.str1.4
                0x10005fb7       0x3f .\CortexM0p\ARM_GCC_541\Debug\cy_ipc_sema.o
 *fill*         0x10005fb7        0x1 
 .rodata.str1.4
                0x10005fb8       0x40 .\CortexM0p\ARM_GCC_541\Debug\cy_ipc_pipe.o
                                 0x7f (size before relaxing)
 .rodata.str1.4
                0x10005ff8       0x3d .\CortexM0p\ARM_GCC_541\Debug\cy_prot.o
 *fill*         0x10006035        0x3 
 .rodata.str1.4
                0x10006038       0x85 .\CortexM0p\ARM_GCC_541\Debug\cy_sysclk.o
 *fill*         0x100060bd        0x3 
 .rodata.str1.4
                0x100060c0       0x41 .\CortexM0p\ARM_GCC_541\Debug\cy_sysint.o
 *fill*         0x10006101        0x3 
 .rodata.str1.4
                0x10006104       0x3f .\CortexM0p\ARM_GCC_541\Debug\cy_syspm.o
                                 0x7f (size before relaxing)
 *fill*         0x10006143        0x1 
 .rodata        0x10006144      0x170 .\CortexM0p\ARM_GCC_541\Debug\cy_device.o
                0x10006144                cy_deviceIpBlockCfgPSoC6_02
                0x100061fc                cy_deviceIpBlockCfgPSoC6_01
 .rodata.str1.4
                0x100062b4       0x3c .\CortexM0p\ARM_GCC_541\Debug\cy_ble_hal_pvt.o
                                 0x3b (size before relaxing)
 .rodata        0x100062f0       0x6c .\CortexM0p\ARM_GCC_541\Debug\cy_ble_clk.o
 .constdata     0x1000635c       0x4c Generated_Source\PSoC6\pdl\middleware\ble\lib\cy_ble_stack_gcc_controller_ipc_cm0p.a(config_bin.o)
                0x1000635c                bt_cfg_pdata
 .constdata     0x100063a8       0x10 Generated_Source\PSoC6\pdl\middleware\ble\lib\cy_ble_stack_gcc_controller_ipc_cm0p.a(ll_connection.o)
                0x100063a8                g_slave_clock_accuracy
 .constdata     0x100063b8       0xd0 Generated_Source\PSoC6\pdl\middleware\ble\lib\cy_ble_stack_gcc_controller_ipc_cm0p.a(ll_pdu.o)
                0x100063b8                enc_valid_pdu_list
                0x100063c0                fp_ll_pdu_handlers
                0x10006424                fp_ll_pdu_ack_handlers
 .constdata     0x10006488       0x88 Generated_Source\PSoC6\pdl\middleware\ble\lib\cy_ble_stack_gcc_controller_ipc_cm0p.a(ll_privacy.o)
 .constdata     0x10006510       0x40 Generated_Source\PSoC6\pdl\middleware\ble\lib\cy_ble_stack_gcc_controller_ipc_cm0p.a(ll_dle.o)
 .constdata     0x10006550       0x50 Generated_Source\PSoC6\pdl\middleware\ble\lib\cy_ble_stack_gcc_controller_ipc_cm0p.a(ll_phy_update.o)
 .constdata     0x100065a0       0x84 Generated_Source\PSoC6\pdl\middleware\ble\lib\cy_ble_stack_gcc_controller_ipc_cm0p.a(lec_hci_le_commands.o)
 .constdata     0x10006624      0x3f6 Generated_Source\PSoC6\pdl\middleware\ble\lib\cy_ble_stack_gcc_controller_ipc_cm0p.a(lec_hci_le_commands.o)
 *fill*         0x10006a1a        0x2 
 .constdata     0x10006a1c       0x84 Generated_Source\PSoC6\pdl\middleware\ble\lib\cy_ble_stack_gcc_controller_ipc_cm0p.a(lec_hci_le_commands.o)
 .constdata     0x10006aa0       0x84 Generated_Source\PSoC6\pdl\middleware\ble\lib\cy_ble_stack_gcc_controller_ipc_cm0p.a(lec_hci_le_commands.o)
 .constdata     0x10006b24       0x21 Generated_Source\PSoC6\pdl\middleware\ble\lib\cy_ble_stack_gcc_controller_ipc_cm0p.a(lec_hci_le_commands.o)
 .constdata     0x10006b45       0x40 Generated_Source\PSoC6\pdl\middleware\ble\lib\cy_ble_stack_gcc_controller_ipc_cm0p.a(lec_hci_le_common_commands.o)
                0x10006b45                Cu8_hci_le_supported_commands_array
 *fill*         0x10006b85        0x3 
 .constdata     0x10006b88       0xcc Generated_Source\PSoC6\pdl\middleware\ble\lib\cy_ble_stack_gcc_controller_ipc_cm0p.a(lec_hci_le_privacy.o)
 .constdata     0x10006c54        0xc Generated_Source\PSoC6\pdl\middleware\ble\lib\cy_ble_stack_gcc_controller_ipc_cm0p.a(lec_hci_le_privacy.o)
 .constdata     0x10006c60       0x60 Generated_Source\PSoC6\pdl\middleware\ble\lib\cy_ble_stack_gcc_controller_ipc_cm0p.a(lec_hci_le_dle.o)
 .constdata     0x10006cc0       0x78 Generated_Source\PSoC6\pdl\middleware\ble\lib\cy_ble_stack_gcc_controller_ipc_cm0p.a(lec_hci_le_phy_update.o)
 .conststring   0x10006d38       0x87 Generated_Source\PSoC6\pdl\middleware\ble\lib\cy_ble_stack_gcc_controller_ipc_cm0p.a(drbg.o)
 *fill*         0x10006dbf        0x1 
 .constdata     0x10006dc0       0x60 Generated_Source\PSoC6\pdl\middleware\ble\lib\cy_ble_stack_gcc_radio_max_cm0p.a(CyBlessVer3.o)
                0x10006dc0                rssiMap
 .rodata        0x10006e20       0x40 c:/program files (x86)/cypress/psoc creator/4.2/psoc creator/import/gnu/arm/5.4.1/bin/../lib/gcc/arm-none-eabi/5.4.1/armv6-m\libgcc.a(divdf3.o)
 .rodata        0x10006e60       0x40 c:/program files (x86)/cypress/psoc creator/4.2/psoc creator/import/gnu/arm/5.4.1/bin/../lib/gcc/arm-none-eabi/5.4.1/armv6-m\libgcc.a(muldf3.o)
 *(.eh_frame*)
 .eh_frame      0x10006ea0        0x0 c:/program files (x86)/cypress/psoc creator/4.2/psoc creator/import/gnu/arm/5.4.1/bin/../lib/gcc/arm-none-eabi/5.4.1/armv6-m/crtbegin.o
 .eh_frame      0x10006ea0        0x4 c:/program files (x86)/cypress/psoc creator/4.2/psoc creator/import/gnu/arm/5.4.1/bin/../lib/gcc/arm-none-eabi/5.4.1/armv6-m/crtend.o

.glue_7         0x10006ea4        0x0
 .glue_7        0x10006ea4        0x0 linker stubs

.glue_7t        0x10006ea4        0x0
 .glue_7t       0x10006ea4        0x0 linker stubs

.vfp11_veneer   0x10006ea4        0x0
 .vfp11_veneer  0x10006ea4        0x0 linker stubs

.v4_bx          0x10006ea4        0x0
 .v4_bx         0x10006ea4        0x0 linker stubs

.iplt           0x10006ea4        0x0
 .iplt          0x10006ea4        0x0 c:/program files (x86)/cypress/psoc creator/4.2/psoc creator/import/gnu/arm/5.4.1/bin/../lib/gcc/arm-none-eabi/5.4.1/armv6-m/crtbegin.o

i.CyBleStackMgr_Init
                0x10006ea4       0xec
 i.CyBleStackMgr_Init
                0x10006ea4       0xec Generated_Source\PSoC6\pdl\middleware\ble\lib\cy_ble_stack_gcc_controller_ipc_cm0p.a(CyBleStackMgrIP_Interface.o)
                0x10006ea4                CyBleStackMgr_Init

i.CyBleStackMgr_ProcessBleEvents
                0x10006f90       0x2c
 i.CyBleStackMgr_ProcessBleEvents
                0x10006f90       0x2c Generated_Source\PSoC6\pdl\middleware\ble\lib\cy_ble_stack_gcc_controller_ipc_cm0p.a(CyBleStackMgrIP_Interface.o)
                0x10006f90                CyBleStackMgr_ProcessBleEvents

i.CyBleStackMgr_Shutdown
                0x10006fbc       0x28
 i.CyBleStackMgr_Shutdown
                0x10006fbc       0x28 Generated_Source\PSoC6\pdl\middleware\ble\lib\cy_ble_stack_gcc_controller_ipc_cm0p.a(CyBleStackMgrIP_Interface.o)
                0x10006fbc                CyBleStackMgr_Shutdown

i.CyBle_GetHeapConfig
                0x10006fe4        0x8
 i.CyBle_GetHeapConfig
                0x10006fe4        0x8 Generated_Source\PSoC6\pdl\middleware\ble\lib\cy_ble_stack_gcc_controller_ipc_cm0p.a(CyBleStackMgrIP_Interface.o)
                0x10006fe4                CyBle_GetHeapConfig

i.CyBle_GetHeapMemory
                0x10006fec       0x3c
 i.CyBle_GetHeapMemory
                0x10006fec       0x3c Generated_Source\PSoC6\pdl\middleware\ble\lib\cy_ble_stack_gcc_controller_ipc_cm0p.a(CyBleStackMgrIP_Interface.o)
                0x10006fec                CyBle_GetHeapMemory

i.CyBle_StackGetConfigPtr
                0x10007028        0x8
 i.CyBle_StackGetConfigPtr
                0x10007028        0x8 Generated_Source\PSoC6\pdl\middleware\ble\lib\cy_ble_stack_gcc_controller_ipc_cm0p.a(CyBleStackMgrIP_Interface.o)
                0x10007028                CyBle_StackGetConfigPtr

i.Cy_BLE_EnablePrivacyFeature
                0x10007030        0x8
 i.Cy_BLE_EnablePrivacyFeature
                0x10007030        0x8 Generated_Source\PSoC6\pdl\middleware\ble\lib\cy_ble_stack_gcc_controller_ipc_cm0p.a(CyBleStackMgrIP_Interface.o)
                0x10007030                Cy_BLE_EnablePrivacyFeature

i.Cy_BLE_GetStackLibraryVersion
                0x10007038       0x24
 i.Cy_BLE_GetStackLibraryVersion
                0x10007038       0x24 Generated_Source\PSoC6\pdl\middleware\ble\lib\cy_ble_stack_gcc_controller_ipc_cm0p.a(CyBleStackMgrIP_Interface.o)
                0x10007038                Cy_BLE_GetStackLibraryVersion

i.Cy_BLE_ProcessEvents
                0x1000705c        0x8
 i.Cy_BLE_ProcessEvents
                0x1000705c        0x8 Generated_Source\PSoC6\pdl\middleware\ble\lib\cy_ble_stack_gcc_controller_ipc_cm0p.a(CyBleStackMgrIP_Interface.o)
                0x1000705c                Cy_BLE_ProcessEvents

i.Cy_BLE_StackEnterLPM
                0x10007064        0x8
 i.Cy_BLE_StackEnterLPM
                0x10007064        0x8 Generated_Source\PSoC6\pdl\middleware\ble\lib\cy_ble_stack_gcc_controller_ipc_cm0p.a(CyBleStackMgrIP_Interface.o)
                0x10007064                Cy_BLE_StackEnterLPM

i.Cy_BLE_StackGetBleSsState
                0x1000706c        0x8
 i.Cy_BLE_StackGetBleSsState
                0x1000706c        0x8 Generated_Source\PSoC6\pdl\middleware\ble\lib\cy_ble_stack_gcc_controller_ipc_cm0p.a(CyBleStackMgrIP_Interface.o)
                0x1000706c                Cy_BLE_StackGetBleSsState

i.Cy_BLE_StackInit
                0x10007074       0x58
 i.Cy_BLE_StackInit
                0x10007074       0x58 Generated_Source\PSoC6\pdl\middleware\ble\lib\cy_ble_stack_gcc_controller_ipc_cm0p.a(CyBleStackMgrIP_Interface.o)
                0x10007074                Cy_BLE_StackInit

i.Cy_BLE_StackSetFeatureConfig
                0x100070cc       0x54
 i.Cy_BLE_StackSetFeatureConfig
                0x100070cc       0x54 Generated_Source\PSoC6\pdl\middleware\ble\lib\cy_ble_stack_gcc_controller_ipc_cm0p.a(CyBleStackMgrIP_Interface.o)
                0x100070cc                Cy_BLE_StackSetFeatureConfig

i.ble_stack_idle_task_callback
                0x10007120        0x2
 i.ble_stack_idle_task_callback
                0x10007120        0x2 Generated_Source\PSoC6\pdl\middleware\ble\lib\cy_ble_stack_gcc_controller_ipc_cm0p.a(CyBleStackMgrIP_Interface.o)
                0x10007120                ble_stack_idle_task_callback

i.CyBleStackMgr_GetTime
                0x10007124       0x28
 i.CyBleStackMgr_GetTime
                0x10007124       0x28 Generated_Source\PSoC6\pdl\middleware\ble\lib\cy_ble_stack_gcc_controller_ipc_cm0p.a(CyBleStackMgr_PSoCHal.o)
                0x10007124                CyBleStackMgr_GetTime

i.CyBleStackMgr_HalInit
                0x1000714c       0x1c
 i.CyBleStackMgr_HalInit
                0x1000714c       0x1c Generated_Source\PSoC6\pdl\middleware\ble\lib\cy_ble_stack_gcc_controller_ipc_cm0p.a(CyBleStackMgr_PSoCHal.o)
                0x1000714c                CyBleStackMgr_HalInit

i.CyBleStackMgr_HalIntrEnable
                0x10007168        0xc
 i.CyBleStackMgr_HalIntrEnable
                0x10007168        0xc Generated_Source\PSoC6\pdl\middleware\ble\lib\cy_ble_stack_gcc_controller_ipc_cm0p.a(CyBleStackMgr_PSoCHal.o)
                0x10007168                CyBleStackMgr_HalIntrEnable

i.CyBleStackMgr_HciPortInit
                0x10007174       0x18
 i.CyBleStackMgr_HciPortInit
                0x10007174       0x18 Generated_Source\PSoC6\pdl\middleware\ble\lib\cy_ble_stack_gcc_controller_ipc_cm0p.a(CyBleStackMgr_PSoCHal.o)
                0x10007174                CyBleStackMgr_HciPortInit

i.CyBleStackMgr_HciPortReset
                0x1000718c        0x8
 i.CyBleStackMgr_HciPortReset
                0x1000718c        0x8 Generated_Source\PSoC6\pdl\middleware\ble\lib\cy_ble_stack_gcc_controller_ipc_cm0p.a(CyBleStackMgr_PSoCHal.o)
                0x1000718c                CyBleStackMgr_HciPortReset

i.CyBleStackMgr_HciPortWrite
                0x10007194        0x8
 i.CyBleStackMgr_HciPortWrite
                0x10007194        0x8 Generated_Source\PSoC6\pdl\middleware\ble\lib\cy_ble_stack_gcc_controller_ipc_cm0p.a(CyBleStackMgr_PSoCHal.o)
                0x10007194                CyBleStackMgr_HciPortWrite

i.CyBleStackMgr_TimerStart
                0x1000719c       0x20
 i.CyBleStackMgr_TimerStart
                0x1000719c       0x20 Generated_Source\PSoC6\pdl\middleware\ble\lib\cy_ble_stack_gcc_controller_ipc_cm0p.a(CyBleStackMgr_PSoCHal.o)
                0x1000719c                CyBleStackMgr_TimerStart

i.CyBleStackMgr_TimerStop
                0x100071bc       0x18
 i.CyBleStackMgr_TimerStop
                0x100071bc       0x18 Generated_Source\PSoC6\pdl\middleware\ble\lib\cy_ble_stack_gcc_controller_ipc_cm0p.a(CyBleStackMgr_PSoCHal.o)
                0x100071bc                CyBleStackMgr_TimerStop

i.CyBleStackMgr_isTimerRunning
                0x100071d4        0xc
 i.CyBleStackMgr_isTimerRunning
                0x100071d4        0xc Generated_Source\PSoC6\pdl\middleware\ble\lib\cy_ble_stack_gcc_controller_ipc_cm0p.a(CyBleStackMgr_PSoCHal.o)
                0x100071d4                CyBleStackMgr_isTimerRunning

i.CyBleStackMgr_BleSSFifoRead
                0x100071e0       0x3c
 i.CyBleStackMgr_BleSSFifoRead
                0x100071e0       0x3c Generated_Source\PSoC6\pdl\middleware\ble\lib\cy_ble_stack_gcc_controller_ipc_cm0p.a(CyBleStackMgr_BleSSDriver.o)
                0x100071e0                CyBleStackMgr_BleSSFifoRead

i.CyBleStackMgr_BleSSFifoWrite
                0x1000721c       0x30
 i.CyBleStackMgr_BleSSFifoWrite
                0x1000721c       0x30 Generated_Source\PSoC6\pdl\middleware\ble\lib\cy_ble_stack_gcc_controller_ipc_cm0p.a(CyBleStackMgr_BleSSDriver.o)
                0x1000721c                CyBleStackMgr_BleSSFifoWrite

i.CyBleStackMgr_BleSSInit
                0x1000724c       0xa8
 i.CyBleStackMgr_BleSSInit
                0x1000724c       0xa8 Generated_Source\PSoC6\pdl\middleware\ble\lib\cy_ble_stack_gcc_controller_ipc_cm0p.a(CyBleStackMgr_BleSSDriver.o)
                0x1000724c                CyBleStackMgr_BleSSInit

i.CyBleStackMgr_BleSSMemRead
                0x100072f4       0x30
 i.CyBleStackMgr_BleSSMemRead
                0x100072f4       0x30 Generated_Source\PSoC6\pdl\middleware\ble\lib\cy_ble_stack_gcc_controller_ipc_cm0p.a(CyBleStackMgr_BleSSDriver.o)
                0x100072f4                CyBleStackMgr_BleSSMemRead

i.CyBleStackMgr_BleSSMemWrite
                0x10007324       0x34
 i.CyBleStackMgr_BleSSMemWrite
                0x10007324       0x34 Generated_Source\PSoC6\pdl\middleware\ble\lib\cy_ble_stack_gcc_controller_ipc_cm0p.a(CyBleStackMgr_BleSSDriver.o)
                0x10007324                CyBleStackMgr_BleSSMemWrite

i.CyBleStackMgr_BleSSMemWriteFields
                0x10007358       0x70
 i.CyBleStackMgr_BleSSMemWriteFields
                0x10007358       0x70 Generated_Source\PSoC6\pdl\middleware\ble\lib\cy_ble_stack_gcc_controller_ipc_cm0p.a(CyBleStackMgr_BleSSDriver.o)
                0x10007358                CyBleStackMgr_BleSSMemWriteFields

i.CyBleStackMgr_BleSSReset
                0x100073c8       0x2c
 i.CyBleStackMgr_BleSSReset
                0x100073c8       0x2c Generated_Source\PSoC6\pdl\middleware\ble\lib\cy_ble_stack_gcc_controller_ipc_cm0p.a(CyBleStackMgr_BleSSDriver.o)
                0x100073c8                CyBleStackMgr_BleSSReset

i.CyBleStackMgr_BleSSShutdown
                0x100073f4       0x34
 i.CyBleStackMgr_BleSSShutdown
                0x100073f4       0x34 Generated_Source\PSoC6\pdl\middleware\ble\lib\cy_ble_stack_gcc_controller_ipc_cm0p.a(CyBleStackMgr_BleSSDriver.o)
                0x100073f4                CyBleStackMgr_BleSSShutdown

i.CyBleStackMgr_GenericIface
                0x10007428       0x58
 i.CyBleStackMgr_GenericIface
                0x10007428       0x58 Generated_Source\PSoC6\pdl\middleware\ble\lib\cy_ble_stack_gcc_controller_ipc_cm0p.a(CyBleStackMgr_BleSSDriver.o)
                0x10007428                CyBleStackMgr_GenericIface

i.CyBleStackMgr_HandleBleSSIntr
                0x10007480       0x70
 i.CyBleStackMgr_HandleBleSSIntr
                0x10007480       0x70 Generated_Source\PSoC6\pdl\middleware\ble\lib\cy_ble_stack_gcc_controller_ipc_cm0p.a(CyBleStackMgr_BleSSDriver.o)
                0x10007480                CyBleStackMgr_HandleBleSSIntr

i.CyBle_ControllerGetBleClockCfgParam
                0x100074f0       0x20
 i.CyBle_ControllerGetBleClockCfgParam
                0x100074f0       0x20 Generated_Source\PSoC6\pdl\middleware\ble\lib\cy_ble_stack_gcc_controller_ipc_cm0p.a(CyBleStackMgr_BleSSDriver.o)
                0x100074f0                CyBle_ControllerGetBleClockCfgParam

i.CyBle_ControllerGetTxPowerLevel
                0x10007510       0x3c
 i.CyBle_ControllerGetTxPowerLevel
                0x10007510       0x3c Generated_Source\PSoC6\pdl\middleware\ble\lib\cy_ble_stack_gcc_controller_ipc_cm0p.a(CyBleStackMgr_BleSSDriver.o)
                0x10007510                CyBle_ControllerGetTxPowerLevel

i.CyBle_ControllerSetBleClockCfgParam
                0x1000754c       0x30
 i.CyBle_ControllerSetBleClockCfgParam
                0x1000754c       0x30 Generated_Source\PSoC6\pdl\middleware\ble\lib\cy_ble_stack_gcc_controller_ipc_cm0p.a(CyBleStackMgr_BleSSDriver.o)
                0x1000754c                CyBle_ControllerSetBleClockCfgParam

i.CyBle_ControllerSetDcxoLdoTrim
                0x1000757c       0x1c
 i.CyBle_ControllerSetDcxoLdoTrim
                0x1000757c       0x1c Generated_Source\PSoC6\pdl\middleware\ble\lib\cy_ble_stack_gcc_controller_ipc_cm0p.a(CyBleStackMgr_BleSSDriver.o)
                0x1000757c                CyBle_ControllerSetDcxoLdoTrim

i.CyBle_ControllerSetTxPowerLevel
                0x10007598       0x20
 i.CyBle_ControllerSetTxPowerLevel
                0x10007598       0x20 Generated_Source\PSoC6\pdl\middleware\ble\lib\cy_ble_stack_gcc_controller_ipc_cm0p.a(CyBleStackMgr_BleSSDriver.o)
                0x10007598                CyBle_ControllerSetTxPowerLevel

i.CyBle_EnterDsmMode
                0x100075b8       0x34
 i.CyBle_EnterDsmMode
                0x100075b8       0x34 Generated_Source\PSoC6\pdl\middleware\ble\lib\cy_ble_stack_gcc_controller_ipc_cm0p.a(CyBleStackMgr_BleSSDriver.o)
                0x100075b8                CyBle_EnterDsmMode

i.CyBle_ExitDsmMode
                0x100075ec       0x34
 i.CyBle_ExitDsmMode
                0x100075ec       0x34 Generated_Source\PSoC6\pdl\middleware\ble\lib\cy_ble_stack_gcc_controller_ipc_cm0p.a(CyBleStackMgr_BleSSDriver.o)
                0x100075ec                CyBle_ExitDsmMode

i.CyBle_GetBleSsOperationalMode
                0x10007620        0xc
 i.CyBle_GetBleSsOperationalMode
                0x10007620        0xc Generated_Source\PSoC6\pdl\middleware\ble\lib\cy_ble_stack_gcc_controller_ipc_cm0p.a(CyBleStackMgr_BleSSDriver.o)
                0x10007620                CyBle_GetBleSsOperationalMode

i.CyBle_GetEventCloseState
                0x1000762c       0x10
 i.CyBle_GetEventCloseState
                0x1000762c       0x10 Generated_Source\PSoC6\pdl\middleware\ble\lib\cy_ble_stack_gcc_controller_ipc_cm0p.a(CyBleStackMgr_BleSSDriver.o)
                0x1000762c                CyBle_GetEventCloseState

i.CyBle_GetLpMode
                0x1000763c       0x1c
 i.CyBle_GetLpMode
                0x1000763c       0x1c Generated_Source\PSoC6\pdl\middleware\ble\lib\cy_ble_stack_gcc_controller_ipc_cm0p.a(CyBleStackMgr_BleSSDriver.o)
                0x1000763c                CyBle_GetLpMode

i.CyBle_GetTxGainMode
                0x10007658        0xe
 i.CyBle_GetTxGainMode
                0x10007658        0xe Generated_Source\PSoC6\pdl\middleware\ble\lib\cy_ble_stack_gcc_controller_ipc_cm0p.a(CyBleStackMgr_BleSSDriver.o)
                0x10007658                CyBle_GetTxGainMode

i.CyBle_SetAutoWakeUp
                0x10007668        0xc
 i.CyBle_SetAutoWakeUp
                0x10007668        0xc Generated_Source\PSoC6\pdl\middleware\ble\lib\cy_ble_stack_gcc_controller_ipc_cm0p.a(CyBleStackMgr_BleSSDriver.o)
                0x10007668                CyBle_SetAutoWakeUp

i.CyBle_SetBleSsOperationalMode
                0x10007674       0x28
 i.CyBle_SetBleSsOperationalMode
                0x10007674       0x28 Generated_Source\PSoC6\pdl\middleware\ble\lib\cy_ble_stack_gcc_controller_ipc_cm0p.a(CyBleStackMgr_BleSSDriver.o)
                0x10007674                CyBle_SetBleSsOperationalMode

i.CyBle_SetEventCloseState
                0x1000769c        0xc
 i.CyBle_SetEventCloseState
                0x1000769c        0xc Generated_Source\PSoC6\pdl\middleware\ble\lib\cy_ble_stack_gcc_controller_ipc_cm0p.a(CyBleStackMgr_BleSSDriver.o)
                0x1000769c                CyBle_SetEventCloseState

i.CyBle_CheckBleStackTaskStatus
                0x100076a8        0x4
 i.CyBle_CheckBleStackTaskStatus
                0x100076a8        0x4 Generated_Source\PSoC6\pdl\middleware\ble\lib\cy_ble_stack_gcc_controller_ipc_cm0p.a(CyBleStackMgr_StackTaskHandler.o)
                0x100076a8                CyBle_CheckBleStackTaskStatus

i.CyBle_CreateBleStackTask
                0x100076ac       0x30
 i.CyBle_CreateBleStackTask
                0x100076ac       0x30 Generated_Source\PSoC6\pdl\middleware\ble\lib\cy_ble_stack_gcc_controller_ipc_cm0p.a(CyBleStackMgr_StackTaskHandler.o)
                0x100076ac                CyBle_CreateBleStackTask

i.CyBle_SignalBleStackTask
                0x100076dc       0x44
 i.CyBle_SignalBleStackTask
                0x100076dc       0x44 Generated_Source\PSoC6\pdl\middleware\ble\lib\cy_ble_stack_gcc_controller_ipc_cm0p.a(CyBleStackMgr_StackTaskHandler.o)
                0x100076dc                CyBle_SignalBleStackTask

i.CyBle_StackTaskHandler
                0x10007720       0x26
 i.CyBle_StackTaskHandler
                0x10007720       0x26 Generated_Source\PSoC6\pdl\middleware\ble\lib\cy_ble_stack_gcc_controller_ipc_cm0p.a(CyBleStackMgr_StackTaskHandler.o)
                0x10007720                CyBle_StackTaskHandler

i.IsStackTaskFree
                0x10007748       0x10
 i.IsStackTaskFree
                0x10007748       0x10 Generated_Source\PSoC6\pdl\middleware\ble\lib\cy_ble_stack_gcc_controller_ipc_cm0p.a(CyBleStackMgr_StackTaskHandler.o)
                0x10007748                IsStackTaskFree

i.BT_start_timer
                0x10007758       0xec
 i.BT_start_timer
                0x10007758       0xec Generated_Source\PSoC6\pdl\middleware\ble\lib\cy_ble_stack_gcc_controller_ipc_cm0p.a(BT_timer.o)
                0x10007758                BT_start_timer

i.BT_start_timer_controller
                0x10007844       0x28
 i.BT_start_timer_controller
                0x10007844       0x28 Generated_Source\PSoC6\pdl\middleware\ble\lib\cy_ble_stack_gcc_controller_ipc_cm0p.a(BT_timer.o)
                0x10007844                BT_start_timer_controller

i.BT_start_timer_pilo
                0x1000786c       0x28
 i.BT_start_timer_pilo
                0x1000786c       0x28 Generated_Source\PSoC6\pdl\middleware\ble\lib\cy_ble_stack_gcc_controller_ipc_cm0p.a(BT_timer.o)
                0x1000786c                BT_start_timer_pilo

i.BT_stop_timer
                0x10007894       0xb0
 i.BT_stop_timer
                0x10007894       0xb0 Generated_Source\PSoC6\pdl\middleware\ble\lib\cy_ble_stack_gcc_controller_ipc_cm0p.a(BT_timer.o)
                0x10007894                BT_stop_timer

i.BT_stop_timer_controller
                0x10007944       0x28
 i.BT_stop_timer_controller
                0x10007944       0x28 Generated_Source\PSoC6\pdl\middleware\ble\lib\cy_ble_stack_gcc_controller_ipc_cm0p.a(BT_timer.o)
                0x10007944                BT_stop_timer_controller

i.BT_stop_timer_pilo
                0x1000796c       0x28
 i.BT_stop_timer_pilo
                0x1000796c       0x28 Generated_Source\PSoC6\pdl\middleware\ble\lib\cy_ble_stack_gcc_controller_ipc_cm0p.a(BT_timer.o)
                0x1000796c                BT_stop_timer_pilo

i.BT_timer_process_signals
                0x10007994       0xe0
 i.BT_timer_process_signals
                0x10007994       0xe0 Generated_Source\PSoC6\pdl\middleware\ble\lib\cy_ble_stack_gcc_controller_ipc_cm0p.a(BT_timer.o)
                0x10007994                BT_timer_process_signals

i.timer_allocated_entity
                0x10007a74       0x34
 i.timer_allocated_entity
                0x10007a74       0x34 Generated_Source\PSoC6\pdl\middleware\ble\lib\cy_ble_stack_gcc_controller_ipc_cm0p.a(BT_timer.o)
                0x10007a74                timer_allocated_entity

i.timer_init    0x10007aa8       0x30
 i.timer_init   0x10007aa8       0x30 Generated_Source\PSoC6\pdl\middleware\ble\lib\cy_ble_stack_gcc_controller_ipc_cm0p.a(BT_timer.o)
                0x10007aa8                timer_init

i.timer_update_offsets
                0x10007ad8       0x34
 i.timer_update_offsets
                0x10007ad8       0x34 Generated_Source\PSoC6\pdl\middleware\ble\lib\cy_ble_stack_gcc_controller_ipc_cm0p.a(BT_timer.o)

i.BT_ISROSQPost
                0x10007b0c        0xa
 i.BT_ISROSQPost
                0x10007b0c        0xa Generated_Source\PSoC6\pdl\middleware\ble\lib\cy_ble_stack_gcc_controller_ipc_cm0p.a(bt_os_common.o)
                0x10007b0c                BT_ISROSQPost

i.BT_OSQPost    0x10007b16        0xa
 i.BT_OSQPost   0x10007b16        0xa Generated_Source\PSoC6\pdl\middleware\ble\lib\cy_ble_stack_gcc_controller_ipc_cm0p.a(bt_os_common.o)
                0x10007b16                BT_OSQPost

i.BT_thread_create
                0x10007b20       0x30
 i.BT_thread_create
                0x10007b20       0x30 Generated_Source\PSoC6\pdl\middleware\ble\lib\cy_ble_stack_gcc_controller_ipc_cm0p.a(bt_os_common.o)
                0x10007b20                BT_thread_create

i.pf_timer_handle_tick
                0x10007b50       0x20
 i.pf_timer_handle_tick
                0x10007b50       0x20 Generated_Source\PSoC6\pdl\middleware\ble\lib\cy_ble_stack_gcc_controller_ipc_cm0p.a(bt_os_common.o)
                0x10007b50                pf_timer_handle_tick

i.CyPilo_ApplyTrim
                0x10007b70       0x88
 i.CyPilo_ApplyTrim
                0x10007b70       0x88 Generated_Source\PSoC6\pdl\middleware\ble\lib\cy_ble_stack_gcc_controller_ipc_cm0p.a(CyBleStackMgrIP_Pilo.o)

i.CyPilo_DSMExitCalibration
                0x10007bf8       0x14
 i.CyPilo_DSMExitCalibration
                0x10007bf8       0x14 Generated_Source\PSoC6\pdl\middleware\ble\lib\cy_ble_stack_gcc_controller_ipc_cm0p.a(CyBleStackMgrIP_Pilo.o)
                0x10007bf8                CyPilo_DSMExitCalibration

i.CyPilo_GetState
                0x10007c0c        0xc
 i.CyPilo_GetState
                0x10007c0c        0xc Generated_Source\PSoC6\pdl\middleware\ble\lib\cy_ble_stack_gcc_controller_ipc_cm0p.a(CyBleStackMgrIP_Pilo.o)
                0x10007c0c                CyPilo_GetState

i.CyPilo_InitCalibration
                0x10007c18       0x18
 i.CyPilo_InitCalibration
                0x10007c18       0x18 Generated_Source\PSoC6\pdl\middleware\ble\lib\cy_ble_stack_gcc_controller_ipc_cm0p.a(CyBleStackMgrIP_Pilo.o)
                0x10007c18                CyPilo_InitCalibration

i.CyPilo_PeriodicCalibTimeout
                0x10007c30       0x24
 i.CyPilo_PeriodicCalibTimeout
                0x10007c30       0x24 Generated_Source\PSoC6\pdl\middleware\ble\lib\cy_ble_stack_gcc_controller_ipc_cm0p.a(CyBleStackMgrIP_Pilo.o)

i.CyPilo_RetryCalibration
                0x10007c54       0x20
 i.CyPilo_RetryCalibration
                0x10007c54       0x20 Generated_Source\PSoC6\pdl\middleware\ble\lib\cy_ble_stack_gcc_controller_ipc_cm0p.a(CyBleStackMgrIP_Pilo.o)

i.CyPilo_SetCalibInterval
                0x10007c74        0xc
 i.CyPilo_SetCalibInterval
                0x10007c74        0xc Generated_Source\PSoC6\pdl\middleware\ble\lib\cy_ble_stack_gcc_controller_ipc_cm0p.a(CyBleStackMgrIP_Pilo.o)
                0x10007c74                CyPilo_SetCalibInterval

i.CyPilo_SetState
                0x10007c80        0xc
 i.CyPilo_SetState
                0x10007c80        0xc Generated_Source\PSoC6\pdl\middleware\ble\lib\cy_ble_stack_gcc_controller_ipc_cm0p.a(CyBleStackMgrIP_Pilo.o)
                0x10007c80                CyPilo_SetState

i.CyPilo_ShutdownCalibration
                0x10007c8c       0x1c
 i.CyPilo_ShutdownCalibration
                0x10007c8c       0x1c Generated_Source\PSoC6\pdl\middleware\ble\lib\cy_ble_stack_gcc_controller_ipc_cm0p.a(CyBleStackMgrIP_Pilo.o)
                0x10007c8c                CyPilo_ShutdownCalibration

i.CyPilo_StopPeriodicTimer
                0x10007ca8       0x10
 i.CyPilo_StopPeriodicTimer
                0x10007ca8       0x10 Generated_Source\PSoC6\pdl\middleware\ble\lib\cy_ble_stack_gcc_controller_ipc_cm0p.a(CyBleStackMgrIP_Pilo.o)
                0x10007ca8                CyPilo_StopPeriodicTimer

i.CyPilo_TriggerCalibration
                0x10007cb8       0x54
 i.CyPilo_TriggerCalibration
                0x10007cb8       0x54 Generated_Source\PSoC6\pdl\middleware\ble\lib\cy_ble_stack_gcc_controller_ipc_cm0p.a(CyBleStackMgrIP_Pilo.o)
                0x10007cb8                CyPilo_TriggerCalibration

i.CyPilo_UpdateCalibInterval
                0x10007d0c       0x34
 i.CyPilo_UpdateCalibInterval
                0x10007d0c       0x34 Generated_Source\PSoC6\pdl\middleware\ble\lib\cy_ble_stack_gcc_controller_ipc_cm0p.a(CyBleStackMgrIP_Pilo.o)
                0x10007d0c                CyPilo_UpdateCalibInterval

i.OS_init       0x10007d40       0x64
 i.OS_init      0x10007d40       0x64 Generated_Source\PSoC6\pdl\middleware\ble\lib\cy_ble_stack_gcc_controller_ipc_cm0p.a(mint_os.o)
                0x10007d40                OS_init

i.OS_shutdown   0x10007da4        0x4
 i.OS_shutdown  0x10007da4        0x4 Generated_Source\PSoC6\pdl\middleware\ble\lib\cy_ble_stack_gcc_controller_ipc_cm0p.a(mint_os.o)
                0x10007da4                OS_shutdown

i.mintos_malloc
                0x10007da8       0x34
 i.mintos_malloc
                0x10007da8       0x34 Generated_Source\PSoC6\pdl\middleware\ble\lib\cy_ble_stack_gcc_controller_ipc_cm0p.a(mint_os.o)
                0x10007da8                mintos_malloc

i.OS_create_queue
                0x10007ddc       0x64
 i.OS_create_queue
                0x10007ddc       0x64 Generated_Source\PSoC6\pdl\middleware\ble\lib\cy_ble_stack_gcc_controller_ipc_cm0p.a(mint_os_queue.o)
                0x10007ddc                OS_create_queue

i.OS_enqueue_item
                0x10007e40       0x98
 i.OS_enqueue_item
                0x10007e40       0x98 Generated_Source\PSoC6\pdl\middleware\ble\lib\cy_ble_stack_gcc_controller_ipc_cm0p.a(mint_os_queue.o)
                0x10007e40                OS_enqueue_item

i.OS_queue_get_num_of_items
                0x10007ed8       0x28
 i.OS_queue_get_num_of_items
                0x10007ed8       0x28 Generated_Source\PSoC6\pdl\middleware\ble\lib\cy_ble_stack_gcc_controller_ipc_cm0p.a(mint_os_queue.o)
                0x10007ed8                OS_queue_get_num_of_items

i.OS_queue_mgmt_init
                0x10007f00       0x40
 i.OS_queue_mgmt_init
                0x10007f00       0x40 Generated_Source\PSoC6\pdl\middleware\ble\lib\cy_ble_stack_gcc_controller_ipc_cm0p.a(mint_os_queue.o)
                0x10007f00                OS_queue_mgmt_init

i.OS_remove_item
                0x10007f40       0xac
 i.OS_remove_item
                0x10007f40       0xac Generated_Source\PSoC6\pdl\middleware\ble\lib\cy_ble_stack_gcc_controller_ipc_cm0p.a(mint_os_queue.o)
                0x10007f40                OS_remove_item

i.OS_create_task
                0x10007fec       0x88
 i.OS_create_task
                0x10007fec       0x88 Generated_Source\PSoC6\pdl\middleware\ble\lib\cy_ble_stack_gcc_controller_ipc_cm0p.a(mint_os_task.o)
                0x10007fec                OS_create_task

i.OS_is_task_free
                0x10008074       0x30
 i.OS_is_task_free
                0x10008074       0x30 Generated_Source\PSoC6\pdl\middleware\ble\lib\cy_ble_stack_gcc_controller_ipc_cm0p.a(mint_os_task.o)
                0x10008074                OS_is_task_free

i.OS_isr_send_signal_to_task
                0x100080a4        0xc
 i.OS_isr_send_signal_to_task
                0x100080a4        0xc Generated_Source\PSoC6\pdl\middleware\ble\lib\cy_ble_stack_gcc_controller_ipc_cm0p.a(mint_os_task.o)
                0x100080a4                OS_isr_send_signal_to_task

i.OS_scheduler  0x100080b0       0x6c
 i.OS_scheduler
                0x100080b0       0x6c Generated_Source\PSoC6\pdl\middleware\ble\lib\cy_ble_stack_gcc_controller_ipc_cm0p.a(mint_os_task.o)
                0x100080b0                OS_scheduler

i.OS_send_signal_to_task
                0x1000811c        0xc
 i.OS_send_signal_to_task
                0x1000811c        0xc Generated_Source\PSoC6\pdl\middleware\ble\lib\cy_ble_stack_gcc_controller_ipc_cm0p.a(mint_os_task.o)
                0x1000811c                OS_send_signal_to_task

i.OS_send_signal_to_task_context
                0x10008128       0x3c
 i.OS_send_signal_to_task_context
                0x10008128       0x3c Generated_Source\PSoC6\pdl\middleware\ble\lib\cy_ble_stack_gcc_controller_ipc_cm0p.a(mint_os_task.o)

i.OS_task_mgmt_init
                0x10008164       0x50
 i.OS_task_mgmt_init
                0x10008164       0x50 Generated_Source\PSoC6\pdl\middleware\ble\lib\cy_ble_stack_gcc_controller_ipc_cm0p.a(mint_os_task.o)
                0x10008164                OS_task_mgmt_init

i.mint_buf_mgmt_allocate_buffer
                0x100081b4       0x54
 i.mint_buf_mgmt_allocate_buffer
                0x100081b4       0x54 Generated_Source\PSoC6\pdl\middleware\ble\lib\cy_ble_stack_gcc_controller_ipc_cm0p.a(mint_buf_mgmt.o)
                0x100081b4                mint_buf_mgmt_allocate_buffer

i.mint_buf_mgmt_create_pool
                0x10008208       0xd4
 i.mint_buf_mgmt_create_pool
                0x10008208       0xd4 Generated_Source\PSoC6\pdl\middleware\ble\lib\cy_ble_stack_gcc_controller_ipc_cm0p.a(mint_buf_mgmt.o)
                0x10008208                mint_buf_mgmt_create_pool

i.mint_buf_mgmt_free_buffer
                0x100082dc       0xac
 i.mint_buf_mgmt_free_buffer
                0x100082dc       0xac Generated_Source\PSoC6\pdl\middleware\ble\lib\cy_ble_stack_gcc_controller_ipc_cm0p.a(mint_buf_mgmt.o)
                0x100082dc                mint_buf_mgmt_free_buffer

i.mint_buf_mgmt_init
                0x10008388       0x44
 i.mint_buf_mgmt_init
                0x10008388       0x44 Generated_Source\PSoC6\pdl\middleware\ble\lib\cy_ble_stack_gcc_controller_ipc_cm0p.a(mint_buf_mgmt.o)
                0x10008388                mint_buf_mgmt_init

i.mint_buf_mgmt_malloc
                0x100083cc       0x28
 i.mint_buf_mgmt_malloc
                0x100083cc       0x28 Generated_Source\PSoC6\pdl\middleware\ble\lib\cy_ble_stack_gcc_controller_ipc_cm0p.a(mint_buf_mgmt.o)
                0x100083cc                mint_buf_mgmt_malloc

i.mint_buf_mgmt_pl_init
                0x100083f4       0x4c
 i.mint_buf_mgmt_pl_init
                0x100083f4       0x4c Generated_Source\PSoC6\pdl\middleware\ble\lib\cy_ble_stack_gcc_controller_ipc_cm0p.a(mint_buf_mgmt.o)
                0x100083f4                mint_buf_mgmt_pl_init

i.mint_buf_mgmt_reset_pool
                0x10008440       0x70
 i.mint_buf_mgmt_reset_pool
                0x10008440       0x70 Generated_Source\PSoC6\pdl\middleware\ble\lib\cy_ble_stack_gcc_controller_ipc_cm0p.a(mint_buf_mgmt.o)
                0x10008440                mint_buf_mgmt_reset_pool

i.mint_buf_mgmt_stack_init
                0x100084b0       0x24
 i.mint_buf_mgmt_stack_init
                0x100084b0       0x24 Generated_Source\PSoC6\pdl\middleware\ble\lib\cy_ble_stack_gcc_controller_ipc_cm0p.a(mint_buf_mgmt.o)
                0x100084b0                mint_buf_mgmt_stack_init

i.mint_buf_mgmt_stack_pop
                0x100084d4       0x3e
 i.mint_buf_mgmt_stack_pop
                0x100084d4       0x3e Generated_Source\PSoC6\pdl\middleware\ble\lib\cy_ble_stack_gcc_controller_ipc_cm0p.a(mint_buf_mgmt.o)
                0x100084d4                mint_buf_mgmt_stack_pop

i.mint_buf_mgmt_stack_push
                0x10008512       0x3e
 i.mint_buf_mgmt_stack_push
                0x10008512       0x3e Generated_Source\PSoC6\pdl\middleware\ble\lib\cy_ble_stack_gcc_controller_ipc_cm0p.a(mint_buf_mgmt.o)
                0x10008512                mint_buf_mgmt_stack_push

i.mint_buf_mgmt_stack_reset
                0x10008550       0x1e
 i.mint_buf_mgmt_stack_reset
                0x10008550       0x1e Generated_Source\PSoC6\pdl\middleware\ble\lib\cy_ble_stack_gcc_controller_ipc_cm0p.a(mint_buf_mgmt.o)
                0x10008550                mint_buf_mgmt_stack_reset

i.mint_buf_mgmt_stack_search_item
                0x1000856e       0x30
 i.mint_buf_mgmt_stack_search_item
                0x1000856e       0x30 Generated_Source\PSoC6\pdl\middleware\ble\lib\cy_ble_stack_gcc_controller_ipc_cm0p.a(mint_buf_mgmt.o)
                0x1000856e                mint_buf_mgmt_stack_search_item

i.CyBleController_HciIpcExtractPacket
                0x100085a0       0x84
 i.CyBleController_HciIpcExtractPacket
                0x100085a0       0x84 Generated_Source\PSoC6\pdl\middleware\ble\lib\cy_ble_stack_gcc_controller_ipc_cm0p.a(transport_ipc.o)
                0x100085a0                CyBleController_HciIpcExtractPacket

i.CyBleController_HciIpcInit
                0x10008624       0x10
 i.CyBleController_HciIpcInit
                0x10008624       0x10 Generated_Source\PSoC6\pdl\middleware\ble\lib\cy_ble_stack_gcc_controller_ipc_cm0p.a(transport_ipc.o)
                0x10008624                CyBleController_HciIpcInit

i.CyBleController_HciIpcMsgCompleteReceive
                0x10008634       0x20
 i.CyBleController_HciIpcMsgCompleteReceive
                0x10008634       0x20 Generated_Source\PSoC6\pdl\middleware\ble\lib\cy_ble_stack_gcc_controller_ipc_cm0p.a(transport_ipc.o)
                0x10008634                CyBleController_HciIpcMsgCompleteReceive

i.CyBleController_HciIpcMsgReceive
                0x10008654       0xb4
 i.CyBleController_HciIpcMsgReceive
                0x10008654       0xb4 Generated_Source\PSoC6\pdl\middleware\ble\lib\cy_ble_stack_gcc_controller_ipc_cm0p.a(transport_ipc.o)
                0x10008654                CyBleController_HciIpcMsgReceive

i.CyBleController_HciIpcSend
                0x10008708       0x16
 i.CyBleController_HciIpcSend
                0x10008708       0x16 Generated_Source\PSoC6\pdl\middleware\ble\lib\cy_ble_stack_gcc_controller_ipc_cm0p.a(transport_ipc.o)
                0x10008708                CyBleController_HciIpcSend

i.CyBleController_IpcSendStackInitHWError
                0x1000871e        0x8
 i.CyBleController_IpcSendStackInitHWError
                0x1000871e        0x8 Generated_Source\PSoC6\pdl\middleware\ble\lib\cy_ble_stack_gcc_controller_ipc_cm0p.a(transport_ipc.o)
                0x1000871e                CyBleController_IpcSendStackInitHWError

i.CyBleController_IPC_HAL_Init
                0x10008728       0x40
 i.CyBleController_IPC_HAL_Init
                0x10008728       0x40 Generated_Source\PSoC6\pdl\middleware\ble\lib\cy_ble_stack_gcc_controller_ipc_cm0p.a(CyBleStackMgr_PSoCIPCHal.o)
                0x10008728                CyBleController_IPC_HAL_Init

i.CyBleController_IPC_HAL_InitWithStaticMem
                0x10008768       0x10
 i.CyBleController_IPC_HAL_InitWithStaticMem
                0x10008768       0x10 Generated_Source\PSoC6\pdl\middleware\ble\lib\cy_ble_stack_gcc_controller_ipc_cm0p.a(CyBleStackMgr_PSoCIPCHal.o)
                0x10008768                CyBleController_IPC_HAL_InitWithStaticMem

i.CyBleController_IPC_HAL_IsQueueEmpty
                0x10008778       0x24
 i.CyBleController_IPC_HAL_IsQueueEmpty
                0x10008778       0x24 Generated_Source\PSoC6\pdl\middleware\ble\lib\cy_ble_stack_gcc_controller_ipc_cm0p.a(CyBleStackMgr_PSoCIPCHal.o)
                0x10008778                CyBleController_IPC_HAL_IsQueueEmpty

i.CyBleController_IPC_HAL_PipeReleaseCallback
                0x1000879c       0x1c
 i.CyBleController_IPC_HAL_PipeReleaseCallback
                0x1000879c       0x1c Generated_Source\PSoC6\pdl\middleware\ble\lib\cy_ble_stack_gcc_controller_ipc_cm0p.a(CyBleStackMgr_PSoCIPCHal.o)

i.CyBleController_IPC_HAL_ProcessMsgQ
                0x100087b8       0x40
 i.CyBleController_IPC_HAL_ProcessMsgQ
                0x100087b8       0x40 Generated_Source\PSoC6\pdl\middleware\ble\lib\cy_ble_stack_gcc_controller_ipc_cm0p.a(CyBleStackMgr_PSoCIPCHal.o)
                0x100087b8                CyBleController_IPC_HAL_ProcessMsgQ

i.CyBleController_IPC_HAL_PushMessage
                0x100087f8       0x4c
 i.CyBleController_IPC_HAL_PushMessage
                0x100087f8       0x4c Generated_Source\PSoC6\pdl\middleware\ble\lib\cy_ble_stack_gcc_controller_ipc_cm0p.a(CyBleStackMgr_PSoCIPCHal.o)

i.CyBleController_IPC_HAL_Reset
                0x10008844        0x2
 i.CyBleController_IPC_HAL_Reset
                0x10008844        0x2 Generated_Source\PSoC6\pdl\middleware\ble\lib\cy_ble_stack_gcc_controller_ipc_cm0p.a(CyBleStackMgr_PSoCIPCHal.o)
                0x10008844                CyBleController_IPC_HAL_Reset

i.CyBleController_IPC_HAL_SendEnqueue
                0x10008846       0x10
 i.CyBleController_IPC_HAL_SendEnqueue
                0x10008846       0x10 Generated_Source\PSoC6\pdl\middleware\ble\lib\cy_ble_stack_gcc_controller_ipc_cm0p.a(CyBleStackMgr_PSoCIPCHal.o)
                0x10008846                CyBleController_IPC_HAL_SendEnqueue

i.CyBle_ControllerAesCcmDecrypt
                0x10008858       0x50
 i.CyBle_ControllerAesCcmDecrypt
                0x10008858       0x50 Generated_Source\PSoC6\pdl\middleware\ble\lib\cy_ble_stack_gcc_controller_ipc_cm0p.a(CyBleControllerIP_Interface.o)
                0x10008858                CyBle_ControllerAesCcmDecrypt

i.CyBle_ControllerAesCcmEncrypt
                0x100088a8       0x44
 i.CyBle_ControllerAesCcmEncrypt
                0x100088a8       0x44 Generated_Source\PSoC6\pdl\middleware\ble\lib\cy_ble_stack_gcc_controller_ipc_cm0p.a(CyBleControllerIP_Interface.o)
                0x100088a8                CyBle_ControllerAesCcmEncrypt

i.CyBle_ControllerAesEncrypt
                0x100088ec       0x60
 i.CyBle_ControllerAesEncrypt
                0x100088ec       0x60 Generated_Source\PSoC6\pdl\middleware\ble\lib\cy_ble_stack_gcc_controller_ipc_cm0p.a(CyBleControllerIP_Interface.o)
                0x100088ec                CyBle_ControllerAesEncrypt

i.CyBle_ControllerDisableDleFeature
                0x1000894c       0x10
 i.CyBle_ControllerDisableDleFeature
                0x1000894c       0x10 Generated_Source\PSoC6\pdl\middleware\ble\lib\cy_ble_stack_gcc_controller_ipc_cm0p.a(CyBleControllerIP_Interface.o)
                0x1000894c                CyBle_ControllerDisableDleFeature

i.CyBle_ControllerDisablePhyUpdateFeature
                0x1000895c        0xc
 i.CyBle_ControllerDisablePhyUpdateFeature
                0x1000895c        0xc Generated_Source\PSoC6\pdl\middleware\ble\lib\cy_ble_stack_gcc_controller_ipc_cm0p.a(CyBleControllerIP_Interface.o)
                0x1000895c                CyBle_ControllerDisablePhyUpdateFeature

i.CyBle_ControllerDisablePrivacyFeature
                0x10008968        0xc
 i.CyBle_ControllerDisablePrivacyFeature
                0x10008968        0xc Generated_Source\PSoC6\pdl\middleware\ble\lib\cy_ble_stack_gcc_controller_ipc_cm0p.a(CyBleControllerIP_Interface.o)
                0x10008968                CyBle_ControllerDisablePrivacyFeature

i.CyBle_ControllerEnablePrivacyFeature
                0x10008974       0x10
 i.CyBle_ControllerEnablePrivacyFeature
                0x10008974       0x10 Generated_Source\PSoC6\pdl\middleware\ble\lib\cy_ble_stack_gcc_controller_ipc_cm0p.a(CyBleControllerIP_Interface.o)
                0x10008974                CyBle_ControllerEnablePrivacyFeature

i.CyBle_ControllerEnterLPM
                0x10008984       0x14
 i.CyBle_ControllerEnterLPM
                0x10008984       0x14 Generated_Source\PSoC6\pdl\middleware\ble\lib\cy_ble_stack_gcc_controller_ipc_cm0p.a(CyBleControllerIP_Interface.o)
                0x10008984                CyBle_ControllerEnterLPM

i.CyBle_ControllerExitLPM
                0x10008998       0x10
 i.CyBle_ControllerExitLPM
                0x10008998       0x10 Generated_Source\PSoC6\pdl\middleware\ble\lib\cy_ble_stack_gcc_controller_ipc_cm0p.a(CyBleControllerIP_Interface.o)
                0x10008998                CyBle_ControllerExitLPM

i.CyBle_ControllerGetBleSsState
                0x100089a8       0x10
 i.CyBle_ControllerGetBleSsState
                0x100089a8       0x10 Generated_Source\PSoC6\pdl\middleware\ble\lib\cy_ble_stack_gcc_controller_ipc_cm0p.a(CyBleControllerIP_Interface.o)
                0x100089a8                CyBle_ControllerGetBleSsState

i.CyBle_ControllerGetFeatureHeapReq
                0x100089b8       0x58
 i.CyBle_ControllerGetFeatureHeapReq
                0x100089b8       0x58 Generated_Source\PSoC6\pdl\middleware\ble\lib\cy_ble_stack_gcc_controller_ipc_cm0p.a(CyBleControllerIP_Interface.o)
                0x100089b8                CyBle_ControllerGetFeatureHeapReq

i.CyBle_ControllerGetFirmwareProgrammedDSM
                0x10008a10        0xc
 i.CyBle_ControllerGetFirmwareProgrammedDSM
                0x10008a10        0xc Generated_Source\PSoC6\pdl\middleware\ble\lib\cy_ble_stack_gcc_controller_ipc_cm0p.a(CyBleControllerIP_Interface.o)
                0x10008a10                CyBle_ControllerGetFirmwareProgrammedDSM

i.CyBle_ControllerGetHeapMemory
                0x10008a1c       0x18
 i.CyBle_ControllerGetHeapMemory
                0x10008a1c       0x18 Generated_Source\PSoC6\pdl\middleware\ble\lib\cy_ble_stack_gcc_controller_ipc_cm0p.a(CyBleControllerIP_Interface.o)
                0x10008a1c                CyBle_ControllerGetHeapMemory

i.CyBle_ControllerGetInternalHeapReq
                0x10008a34       0x40
 i.CyBle_ControllerGetInternalHeapReq
                0x10008a34       0x40 Generated_Source\PSoC6\pdl\middleware\ble\lib\cy_ble_stack_gcc_controller_ipc_cm0p.a(CyBleControllerIP_Interface.o)
                0x10008a34                CyBle_ControllerGetInternalHeapReq

i.CyBle_ControllerHCIReInit
                0x10008a74       0x60
 i.CyBle_ControllerHCIReInit
                0x10008a74       0x60 Generated_Source\PSoC6\pdl\middleware\ble\lib\cy_ble_stack_gcc_controller_ipc_cm0p.a(CyBleControllerIP_Interface.o)
                0x10008a74                CyBle_ControllerHCIReInit

i.CyBle_ControllerInit
                0x10008ad4       0x68
 i.CyBle_ControllerInit
                0x10008ad4       0x68 Generated_Source\PSoC6\pdl\middleware\ble\lib\cy_ble_stack_gcc_controller_ipc_cm0p.a(CyBleControllerIP_Interface.o)
                0x10008ad4                CyBle_ControllerInit

i.CyBle_ControllerReset
                0x10008b3c       0x20
 i.CyBle_ControllerReset
                0x10008b3c       0x20 Generated_Source\PSoC6\pdl\middleware\ble\lib\cy_ble_stack_gcc_controller_ipc_cm0p.a(CyBleControllerIP_Interface.o)
                0x10008b3c                CyBle_ControllerReset

i.CyBle_ControllerSetFeatureConfig
                0x10008b5c       0x5c
 i.CyBle_ControllerSetFeatureConfig
                0x10008b5c       0x5c Generated_Source\PSoC6\pdl\middleware\ble\lib\cy_ble_stack_gcc_controller_ipc_cm0p.a(CyBleControllerIP_Interface.o)
                0x10008b5c                CyBle_ControllerSetFeatureConfig

i.CyBle_ControllerSetFirmwareProgrammedDSM
                0x10008bb8        0xc
 i.CyBle_ControllerSetFirmwareProgrammedDSM
                0x10008bb8        0xc Generated_Source\PSoC6\pdl\middleware\ble\lib\cy_ble_stack_gcc_controller_ipc_cm0p.a(CyBleControllerIP_Interface.o)
                0x10008bb8                CyBle_ControllerSetFirmwareProgrammedDSM

i.CyBle_ControllerValidateInputParams
                0x10008bc4       0x24
 i.CyBle_ControllerValidateInputParams
                0x10008bc4       0x24 Generated_Source\PSoC6\pdl\middleware\ble\lib\cy_ble_stack_gcc_controller_ipc_cm0p.a(CyBleControllerIP_Interface.o)
                0x10008bc4                CyBle_ControllerValidateInputParams

i.Cy_BLE_IsControllerActive
                0x10008be8       0x30
 i.Cy_BLE_IsControllerActive
                0x10008be8       0x30 Generated_Source\PSoC6\pdl\middleware\ble\lib\cy_ble_stack_gcc_controller_ipc_cm0p.a(ll.o)
                0x10008be8                Cy_BLE_IsControllerActive

i.ll_check_and_mark_packet_ready_for_transmission
                0x10008c18       0x5c
 i.ll_check_and_mark_packet_ready_for_transmission
                0x10008c18       0x5c Generated_Source\PSoC6\pdl\middleware\ble\lib\cy_ble_stack_gcc_controller_ipc_cm0p.a(ll.o)
                0x10008c18                ll_check_and_mark_packet_ready_for_transmission

i.ll_cleanup_pending_data_pdu
                0x10008c74       0x3c
 i.ll_cleanup_pending_data_pdu
                0x10008c74       0x3c Generated_Source\PSoC6\pdl\middleware\ble\lib\cy_ble_stack_gcc_controller_ipc_cm0p.a(ll.o)
                0x10008c74                ll_cleanup_pending_data_pdu

i.ll_dequeue_data_in_pdu_q_mgr
                0x10008cb0      0x144
 i.ll_dequeue_data_in_pdu_q_mgr
                0x10008cb0      0x144 Generated_Source\PSoC6\pdl\middleware\ble\lib\cy_ble_stack_gcc_controller_ipc_cm0p.a(ll.o)
                0x10008cb0                ll_dequeue_data_in_pdu_q_mgr

i.ll_derive_window_offset
                0x10008df4       0x20
 i.ll_derive_window_offset
                0x10008df4       0x20 Generated_Source\PSoC6\pdl\middleware\ble\lib\cy_ble_stack_gcc_controller_ipc_cm0p.a(ll.o)
                0x10008df4                ll_derive_window_offset

i.ll_derive_window_size
                0x10008e14        0xc
 i.ll_derive_window_size
                0x10008e14        0xc Generated_Source\PSoC6\pdl\middleware\ble\lib\cy_ble_stack_gcc_controller_ipc_cm0p.a(ll.o)
                0x10008e14                ll_derive_window_size

i.ll_enqueue_data_in_pdu_q_mgr
                0x10008e20       0x90
 i.ll_enqueue_data_in_pdu_q_mgr
                0x10008e20       0x90 Generated_Source\PSoC6\pdl\middleware\ble\lib\cy_ble_stack_gcc_controller_ipc_cm0p.a(ll.o)
                0x10008e20                ll_enqueue_data_in_pdu_q_mgr

i.ll_enter_dsm_mode
                0x10008eb0      0x20c
 i.ll_enter_dsm_mode
                0x10008eb0      0x20c Generated_Source\PSoC6\pdl\middleware\ble\lib\cy_ble_stack_gcc_controller_ipc_cm0p.a(ll.o)
                0x10008eb0                ll_enter_dsm_mode

i.ll_exit_low_power_mode
                0x100090bc       0x6c
 i.ll_exit_low_power_mode
                0x100090bc       0x6c Generated_Source\PSoC6\pdl\middleware\ble\lib\cy_ble_stack_gcc_controller_ipc_cm0p.a(ll.o)
                0x100090bc                ll_exit_low_power_mode

i.ll_get_ack_status
                0x10009128       0x44
 i.ll_get_ack_status
                0x10009128       0x44 Generated_Source\PSoC6\pdl\middleware\ble\lib\cy_ble_stack_gcc_controller_ipc_cm0p.a(ll.o)
                0x10009128                ll_get_ack_status

i.ll_get_ack_status_for_all_connections
                0x1000916c       0x38
 i.ll_get_ack_status_for_all_connections
                0x1000916c       0x38 Generated_Source\PSoC6\pdl\middleware\ble\lib\cy_ble_stack_gcc_controller_ipc_cm0p.a(ll.o)
                0x1000916c                ll_get_ack_status_for_all_connections

i.ll_get_adv_ch_tx_power
                0x100091a4       0x16
 i.ll_get_adv_ch_tx_power
                0x100091a4       0x16 Generated_Source\PSoC6\pdl\middleware\ble\lib\cy_ble_stack_gcc_controller_ipc_cm0p.a(ll.o)
                0x100091a4                ll_get_adv_ch_tx_power

i.ll_get_data_channel_map
                0x100091ba       0x28
 i.ll_get_data_channel_map
                0x100091ba       0x28 Generated_Source\PSoC6\pdl\middleware\ble\lib\cy_ble_stack_gcc_controller_ipc_cm0p.a(ll.o)
                0x100091ba                ll_get_data_channel_map

i.ll_get_max_white_list_size
                0x100091e4        0xc
 i.ll_get_max_white_list_size
                0x100091e4        0xc Generated_Source\PSoC6\pdl\middleware\ble\lib\cy_ble_stack_gcc_controller_ipc_cm0p.a(ll.o)
                0x100091e4                ll_get_max_white_list_size

i.ll_get_my_role
                0x100091f0        0xc
 i.ll_get_my_role
                0x100091f0        0xc Generated_Source\PSoC6\pdl\middleware\ble\lib\cy_ble_stack_gcc_controller_ipc_cm0p.a(ll.o)
                0x100091f0                ll_get_my_role

i.ll_get_next_available_fifo_for_data_pdu
                0x100091fc        0x8
 i.ll_get_next_available_fifo_for_data_pdu
                0x100091fc        0x8 Generated_Source\PSoC6\pdl\middleware\ble\lib\cy_ble_stack_gcc_controller_ipc_cm0p.a(ll.o)
                0x100091fc                ll_get_next_available_fifo_for_data_pdu

i.ll_get_next_available_fifo_for_ll_pdu
                0x10009204       0x30
 i.ll_get_next_available_fifo_for_ll_pdu
                0x10009204       0x30 Generated_Source\PSoC6\pdl\middleware\ble\lib\cy_ble_stack_gcc_controller_ipc_cm0p.a(ll.o)
                0x10009204                ll_get_next_available_fifo_for_ll_pdu

i.ll_get_rssi_value
                0x10009234       0x28
 i.ll_get_rssi_value
                0x10009234       0x28 Generated_Source\PSoC6\pdl\middleware\ble\lib\cy_ble_stack_gcc_controller_ipc_cm0p.a(ll.o)
                0x10009234                ll_get_rssi_value

i.ll_get_transmit_power_level
                0x1000925c       0x20
 i.ll_get_transmit_power_level
                0x1000925c       0x20 Generated_Source\PSoC6\pdl\middleware\ble\lib\cy_ble_stack_gcc_controller_ipc_cm0p.a(ll.o)
                0x1000925c                ll_get_transmit_power_level

i.ll_handle_ack_received
                0x1000927c       0x6c
 i.ll_handle_ack_received
                0x1000927c       0x6c Generated_Source\PSoC6\pdl\middleware\ble\lib\cy_ble_stack_gcc_controller_ipc_cm0p.a(ll.o)
                0x1000927c                ll_handle_ack_received

i.ll_handle_add_device_in_whitelist
                0x100092e8       0xbc
 i.ll_handle_add_device_in_whitelist
                0x100092e8       0xbc Generated_Source\PSoC6\pdl\middleware\ble\lib\cy_ble_stack_gcc_controller_ipc_cm0p.a(ll.o)
                0x100092e8                ll_handle_add_device_in_whitelist

i.ll_handle_clear_whitelist
                0x100093a4       0x2c
 i.ll_handle_clear_whitelist
                0x100093a4       0x2c Generated_Source\PSoC6\pdl\middleware\ble\lib\cy_ble_stack_gcc_controller_ipc_cm0p.a(ll.o)
                0x100093a4                ll_handle_clear_whitelist

i.ll_handle_encrypt_host_data
                0x100093d0       0x36
 i.ll_handle_encrypt_host_data